Archive member included to satisfy reference by file (symbol)

/usr/lib/gcc/arm-none-eabi/9.2.1/thumb/v6-m/nofp/libgcc.a(_dvmd_tls.o)
                              CMakeFiles/firmware.dir/home/vm/Documents/testClientServeur/pico-sdk/src/rp2_common/pico_divider/divider.S.obj (__aeabi_idiv0)
/usr/lib/gcc/arm-none-eabi/9.2.1/../../../arm-none-eabi/lib/thumb/v6-m/nofp/libc.a(lib_a-atexit.o)
                              /usr/lib/gcc/arm-none-eabi/9.2.1/../../../arm-none-eabi/lib/thumb/v6-m/nofp/crt0.o (atexit)
/usr/lib/gcc/arm-none-eabi/9.2.1/../../../arm-none-eabi/lib/thumb/v6-m/nofp/libc.a(lib_a-calloc.o)
                              CMakeFiles/firmware.dir/home/vm/Documents/testClientServeur/pico-sdk/src/rp2_common/pico_malloc/pico_malloc.c.obj (calloc)
/usr/lib/gcc/arm-none-eabi/9.2.1/../../../arm-none-eabi/lib/thumb/v6-m/nofp/libc.a(lib_a-callocr.o)
                              /usr/lib/gcc/arm-none-eabi/9.2.1/../../../arm-none-eabi/lib/thumb/v6-m/nofp/libc.a(lib_a-calloc.o) (_calloc_r)
/usr/lib/gcc/arm-none-eabi/9.2.1/../../../arm-none-eabi/lib/thumb/v6-m/nofp/libc.a(lib_a-fgets.o)
                              CMakeFiles/firmware.dir/firmware.c.obj (fgets)
/usr/lib/gcc/arm-none-eabi/9.2.1/../../../arm-none-eabi/lib/thumb/v6-m/nofp/libc.a(lib_a-findfp.o)
                              /usr/lib/gcc/arm-none-eabi/9.2.1/../../../arm-none-eabi/lib/thumb/v6-m/nofp/libc.a(lib_a-fgets.o) (__sinit)
/usr/lib/gcc/arm-none-eabi/9.2.1/../../../arm-none-eabi/lib/thumb/v6-m/nofp/libc.a(lib_a-fini.o)
                              /usr/lib/gcc/arm-none-eabi/9.2.1/../../../arm-none-eabi/lib/thumb/v6-m/nofp/crt0.o (__libc_fini_array)
/usr/lib/gcc/arm-none-eabi/9.2.1/../../../arm-none-eabi/lib/thumb/v6-m/nofp/libc.a(lib_a-fwalk.o)
                              /usr/lib/gcc/arm-none-eabi/9.2.1/../../../arm-none-eabi/lib/thumb/v6-m/nofp/libc.a(lib_a-findfp.o) (_fwalk)
/usr/lib/gcc/arm-none-eabi/9.2.1/../../../arm-none-eabi/lib/thumb/v6-m/nofp/libc.a(lib_a-impure.o)
                              /usr/lib/gcc/arm-none-eabi/9.2.1/../../../arm-none-eabi/lib/thumb/v6-m/nofp/libc.a(lib_a-findfp.o) (_global_impure_ptr)
/usr/lib/gcc/arm-none-eabi/9.2.1/../../../arm-none-eabi/lib/thumb/v6-m/nofp/libc.a(lib_a-init.o)
                              /usr/lib/gcc/arm-none-eabi/9.2.1/../../../arm-none-eabi/lib/thumb/v6-m/nofp/crt0.o (__libc_init_array)
/usr/lib/gcc/arm-none-eabi/9.2.1/../../../arm-none-eabi/lib/thumb/v6-m/nofp/libc.a(lib_a-malloc.o)
                              CMakeFiles/firmware.dir/home/vm/Documents/testClientServeur/pico-sdk/src/rp2_common/pico_malloc/pico_malloc.c.obj (malloc)
/usr/lib/gcc/arm-none-eabi/9.2.1/../../../arm-none-eabi/lib/thumb/v6-m/nofp/libc.a(lib_a-mallocr.o)
                              /usr/lib/gcc/arm-none-eabi/9.2.1/../../../arm-none-eabi/lib/thumb/v6-m/nofp/libc.a(lib_a-callocr.o) (_malloc_r)
/usr/lib/gcc/arm-none-eabi/9.2.1/../../../arm-none-eabi/lib/thumb/v6-m/nofp/libc.a(lib_a-memchr-stub.o)
                              /usr/lib/gcc/arm-none-eabi/9.2.1/../../../arm-none-eabi/lib/thumb/v6-m/nofp/libc.a(lib_a-fgets.o) (memchr)
/usr/lib/gcc/arm-none-eabi/9.2.1/../../../arm-none-eabi/lib/thumb/v6-m/nofp/libc.a(lib_a-mlock.o)
                              /usr/lib/gcc/arm-none-eabi/9.2.1/../../../arm-none-eabi/lib/thumb/v6-m/nofp/libc.a(lib_a-mallocr.o) (__malloc_lock)
/usr/lib/gcc/arm-none-eabi/9.2.1/../../../arm-none-eabi/lib/thumb/v6-m/nofp/libc.a(lib_a-realloc.o)
                              CMakeFiles/firmware.dir/home/vm/Documents/testClientServeur/pico-sdk/src/rp2_common/pico_malloc/pico_malloc.c.obj (realloc)
/usr/lib/gcc/arm-none-eabi/9.2.1/../../../arm-none-eabi/lib/thumb/v6-m/nofp/libc.a(lib_a-reallocr.o)
                              /usr/lib/gcc/arm-none-eabi/9.2.1/../../../arm-none-eabi/lib/thumb/v6-m/nofp/libc.a(lib_a-realloc.o) (_realloc_r)
/usr/lib/gcc/arm-none-eabi/9.2.1/../../../arm-none-eabi/lib/thumb/v6-m/nofp/libc.a(lib_a-refill.o)
                              /usr/lib/gcc/arm-none-eabi/9.2.1/../../../arm-none-eabi/lib/thumb/v6-m/nofp/libc.a(lib_a-fgets.o) (__srefill_r)
/usr/lib/gcc/arm-none-eabi/9.2.1/../../../arm-none-eabi/lib/thumb/v6-m/nofp/libc.a(lib_a-sbrkr.o)
                              /usr/lib/gcc/arm-none-eabi/9.2.1/../../../arm-none-eabi/lib/thumb/v6-m/nofp/libc.a(lib_a-mallocr.o) (_sbrk_r)
/usr/lib/gcc/arm-none-eabi/9.2.1/../../../arm-none-eabi/lib/thumb/v6-m/nofp/libc.a(lib_a-sscanf.o)
                              CMakeFiles/firmware.dir/firmware.c.obj (sscanf)
/usr/lib/gcc/arm-none-eabi/9.2.1/../../../arm-none-eabi/lib/thumb/v6-m/nofp/libc.a(lib_a-stdio.o)
                              /usr/lib/gcc/arm-none-eabi/9.2.1/../../../arm-none-eabi/lib/thumb/v6-m/nofp/libc.a(lib_a-findfp.o) (__sread)
/usr/lib/gcc/arm-none-eabi/9.2.1/../../../arm-none-eabi/lib/thumb/v6-m/nofp/libc.a(lib_a-strlen-stub.o)
                              CMakeFiles/firmware.dir/firmware.c.obj (strlen)
[...]
Memory Configuration

Name             Origin             Length             Attributes
FLASH            0x0000000010000000 0x0000000000200000 xr
RAM              0x0000000020000000 0x0000000000040000 xrw
SCRATCH_X        0x0000000020040000 0x0000000000001000 xrw
SCRATCH_Y        0x0000000020041000 0x0000000000001000 xrw
*default*        0x0000000000000000 0xffffffffffffffff

Linker script and memory map

LOAD /usr/lib/gcc/arm-none-eabi/9.2.1/thumb/v6-m/nofp/crti.o
LOAD /usr/lib/gcc/arm-none-eabi/9.2.1/thumb/v6-m/nofp/crtbegin.o
LOAD /usr/lib/gcc/arm-none-eabi/9.2.1/../../../arm-none-eabi/lib/thumb/v6-m/nofp/crt0.o

.flash_begin    0x0000000010000000        0x0
                0x0000000010000000                __flash_binary_start = .

.boot2          0x0000000010000000      0x100
                0x0000000010000000                __boot2_start__ = .
 *(.boot2)
 .boot2         0x0000000010000000      0x100 /tmp/ccCT2Xlk.o
                0x0000000010000100                __boot2_end__ = .
                0x0000000000000001                ASSERT (((__boot2_end__ - __boot2_start__) == 0x100), ERROR: Pico second stage bootloader must be 256 bytes in size)

.text           0x0000000010000100     0x7fa0
                0x0000000010000100                __logical_binary_start = .
 *(.vectors)
 .vectors       0x0000000010000100       0xd4 CMakeFiles/firmware.dir/home/vm/Documents/testClientServeur/pico-sdk/src/rp2_common/pico_standard_link/crt0.S.obj
                0x0000000010000100                __vectors
                0x0000000010000100                __VECTOR_TABLE
                0x00000000100001c0                isr_invalid
                0x00000000100001c0                __default_isrs_start
                0x00000000100001c2                isr_nmi
                0x00000000100001c4                isr_hardfault
                0x00000000100001c6                isr_svcall
                0x00000000100001c8                isr_pendsv
                0x00000000100001ca                isr_systick
                0x00000000100001cc                isr_irq30
                0x00000000100001cc                __unhandled_user_irq
                0x00000000100001cc                isr_irq13
                0x00000000100001cc                isr_irq27
                0x00000000100001cc                isr_irq31
                0x00000000100001cc                isr_irq5
                0x00000000100001cc                isr_irq11
                0x00000000100001cc                isr_irq23
                0x00000000100001cc                isr_irq18
                0x00000000100001cc                isr_irq28
                0x00000000100001cc                isr_irq19
                0x00000000100001cc                isr_irq0
                0x00000000100001cc                isr_irq6
                0x00000000100001cc                isr_irq22
                0x00000000100001cc                isr_irq17
                0x00000000100001cc                isr_irq14
                0x00000000100001cc                isr_irq2
                0x00000000100001cc                isr_irq10
                0x00000000100001cc                isr_irq8
                0x00000000100001cc                isr_irq24
                0x00000000100001cc                isr_irq1
                0x00000000100001cc                isr_irq7
                0x00000000100001cc                isr_irq21
                0x00000000100001cc                isr_irq20
                0x00000000100001cc                isr_irq15
                0x00000000100001cc                isr_irq25
                0x00000000100001cc                isr_irq4
                0x00000000100001cc                isr_irq16
                0x00000000100001cc                isr_irq29
                0x00000000100001cc                isr_irq26
                0x00000000100001cc                __default_isrs_end
                0x00000000100001cc                isr_irq3
                0x00000000100001cc                isr_irq12
                0x00000000100001cc                isr_irq9
                0x00000000100001d2                unhandled_user_irq_num_in_r0
 *(.binary_info_header)
 .binary_info_header
                0x00000000100001d4       0x14 CMakeFiles/firmware.dir/home/vm/Documents/testClientServeur/pico-sdk/src/rp2_common/pico_standard_link/crt0.S.obj
                0x00000000100001e8                __binary_info_header_end = .
 *(.reset)
 .reset         0x00000000100001e8       0xa0 CMakeFiles/firmware.dir/home/vm/Documents/testClientServeur/pico-sdk/src/rp2_common/pico_standard_link/crt0.S.obj
                0x00000000100001e8                _entry_point
 .reset         0x0000000010000288       0x30 CMakeFiles/firmware.dir/home/vm/Documents/testClientServeur/pico-sdk/src/rp2_common/pico_standard_link/binary_info.c.obj
 *(.init)
 .init          0x00000000100002b8        0x4 /usr/lib/gcc/arm-none-eabi/9.2.1/thumb/v6-m/nofp/crti.o
                0x00000000100002b8                _init
 *(EXCLUDE_FILE(*libm.a: *libc.a:*lib_a-mem*.o *libgcc.a:) .text*)
 .text          0x00000000100002bc       0x98 /usr/lib/gcc/arm-none-eabi/9.2.1/thumb/v6-m/nofp/crtbegin.o
 .text.startup.main
                0x0000000010000354       0x84 CMakeFiles/firmware.dir/firmware.c.obj
                0x0000000010000354                main
 .text.gpio_set_function
                0x00000000100003d8       0x30 CMakeFiles/firmware.dir/home/vm/Documents/testClientServeur/pico-sdk/src/rp2_common/hardware_gpio/gpio.c.obj
                0x00000000100003d8                gpio_set_function
 .text.gpio_init
                0x0000000010000408       0x3c CMakeFiles/firmware.dir/home/vm/Documents/testClientServeur/pico-sdk/src/rp2_common/hardware_gpio/gpio.c.obj
                0x0000000010000408                gpio_init
 .text.running_on_fpga
                0x0000000010000444       0x10 CMakeFiles/firmware.dir/home/vm/Documents/testClientServeur/pico-sdk/src/rp2_common/pico_platform/platform.c.obj
                0x0000000010000444                running_on_fpga
 .text.hw_claim_or_assert
                0x0000000010000454       0x48 CMakeFiles/firmware.dir/home/vm/Documents/testClientServeur/pico-sdk/src/rp2_common/hardware_claim/claim.c.obj
                0x0000000010000454                hw_claim_or_assert
 .text.hw_claim_unused_from_range
                0x000000001000049c       0x9c CMakeFiles/firmware.dir/home/vm/Documents/testClientServeur/pico-sdk/src/rp2_common/hardware_claim/claim.c.obj
                0x000000001000049c                hw_claim_unused_from_range
 .text.spin_locks_reset
                0x0000000010000538       0x1c CMakeFiles/firmware.dir/home/vm/Documents/testClientServeur/pico-sdk/src/rp2_common/hardware_sync/sync.c.obj
                0x0000000010000538                spin_locks_reset
 .text.next_striped_spin_lock_num
                0x0000000010000554       0x18 CMakeFiles/firmware.dir/home/vm/Documents/testClientServeur/pico-sdk/src/rp2_common/hardware_sync/sync.c.obj
                0x0000000010000554                next_striped_spin_lock_num
 .text.spin_lock_claim_unused
                0x000000001000056c       0x20 CMakeFiles/firmware.dir/home/vm/Documents/testClientServeur/pico-sdk/src/rp2_common/hardware_sync/sync.c.obj
                0x000000001000056c                spin_lock_claim_unused
 .text.irq_set_enabled
                0x000000001000058c       0x24 CMakeFiles/firmware.dir/home/vm/Documents/testClientServeur/pico-sdk/src/rp2_common/hardware_irq/irq.c.obj
                0x000000001000058c                irq_set_enabled
 .text.irq_set_pending
                0x00000000100005b0       0x10 CMakeFiles/firmware.dir/home/vm/Documents/testClientServeur/pico-sdk/src/rp2_common/hardware_irq/irq.c.obj
                0x00000000100005b0                irq_set_pending
 .text.irq_has_shared_handler
                0x00000000100005c0       0x2c CMakeFiles/firmware.dir/home/vm/Documents/testClientServeur/pico-sdk/src/rp2_common/hardware_irq/irq.c.obj
                0x00000000100005c0                irq_has_shared_handler
 .text.irq_get_vtable_handler
                0x00000000100005ec       0x10 CMakeFiles/firmware.dir/home/vm/Documents/testClientServeur/pico-sdk/src/rp2_common/hardware_irq/irq.c.obj
                0x00000000100005ec                irq_get_vtable_handler
 .text.irq_set_exclusive_handler
                0x00000000100005fc       0x54 CMakeFiles/firmware.dir/home/vm/Documents/testClientServeur/pico-sdk/src/rp2_common/hardware_irq/irq.c.obj
                0x00000000100005fc                irq_set_exclusive_handler
 .text.irq_add_shared_handler
                0x0000000010000650      0x1c0 CMakeFiles/firmware.dir/home/vm/Documents/testClientServeur/pico-sdk/src/rp2_common/hardware_irq/irq.c.obj
                0x0000000010000650                irq_add_shared_handler
 .text.irq_remove_handler
                0x0000000010000810      0x1b4 CMakeFiles/firmware.dir/home/vm/Documents/testClientServeur/pico-sdk/src/rp2_common/hardware_irq/irq.c.obj
                0x0000000010000810                irq_remove_handler
 .text.irq_add_tail_to_free_list
                0x00000000100009c4       0xb4 CMakeFiles/firmware.dir/home/vm/Documents/testClientServeur/pico-sdk/src/rp2_common/hardware_irq/irq.c.obj
                0x00000000100009c4                irq_add_tail_to_free_list
 .text.irq_init_priorities
                0x0000000010000a78       0x24 CMakeFiles/firmware.dir/home/vm/Documents/testClientServeur/pico-sdk/src/rp2_common/hardware_irq/irq.c.obj
                0x0000000010000a78                irq_init_priorities
 .text.user_irq_claim_unused
                0x0000000010000a9c       0x28 CMakeFiles/firmware.dir/home/vm/Documents/testClientServeur/pico-sdk/src/rp2_common/hardware_irq/irq.c.obj
                0x0000000010000a9c                user_irq_claim_unused
 .text.lock_init
                0x0000000010000ac4       0x10 CMakeFiles/firmware.dir/home/vm/Documents/testClientServeur/pico-sdk/src/common/pico_sync/lock_core.c.obj
                0x0000000010000ac4                lock_init
 .text.mutex_init
                0x0000000010000ad4       0x1c CMakeFiles/firmware.dir/home/vm/Documents/testClientServeur/pico-sdk/src/common/pico_sync/mutex.c.obj
                0x0000000010000ad4                mutex_init
 .text.recursive_mutex_init
                0x0000000010000af0       0x1c CMakeFiles/firmware.dir/home/vm/Documents/testClientServeur/pico-sdk/src/common/pico_sync/mutex.c.obj
                0x0000000010000af0                recursive_mutex_init
 .text.critical_section_init
                0x0000000010000b0c       0x1c CMakeFiles/firmware.dir/home/vm/Documents/testClientServeur/pico-sdk/src/common/pico_sync/critical_section.c.obj
                0x0000000010000b0c                critical_section_init
 .text.critical_section_init_with_lock_num
                0x0000000010000b28       0x14 CMakeFiles/firmware.dir/home/vm/Documents/testClientServeur/pico-sdk/src/common/pico_sync/critical_section.c.obj
                0x0000000010000b28                critical_section_init_with_lock_num
 .text.timer_pool_entry_comparator
                0x0000000010000b3c       0x34 CMakeFiles/firmware.dir/home/vm/Documents/testClientServeur/pico-sdk/src/common/pico_time/time.c.obj
                0x0000000010000b3c                timer_pool_entry_comparator
 .text.sleep_until_callback
                0x0000000010000b70       0x30 CMakeFiles/firmware.dir/home/vm/Documents/testClientServeur/pico-sdk/src/common/pico_time/time.c.obj
 .text.add_alarm_under_lock
                0x0000000010000ba0      0x108 CMakeFiles/firmware.dir/home/vm/Documents/testClientServeur/pico-sdk/src/common/pico_time/time.c.obj
 .text.alarm_pool_alarm_callback
                0x0000000010000ca8      0x1b8 CMakeFiles/firmware.dir/home/vm/Documents/testClientServeur/pico-sdk/src/common/pico_time/time.c.obj
 .text.alarm_pool_init_default
                0x0000000010000e60       0x6c CMakeFiles/firmware.dir/home/vm/Documents/testClientServeur/pico-sdk/src/common/pico_time/time.c.obj
                0x0000000010000e60                alarm_pool_init_default
 .text.alarm_pool_get_default
                0x0000000010000ecc        0x8 CMakeFiles/firmware.dir/home/vm/Documents/testClientServeur/pico-sdk/src/common/pico_time/time.c.obj
                0x0000000010000ecc                alarm_pool_get_default
 .text.alarm_pool_add_alarm_at
                0x0000000010000ed4      0x190 CMakeFiles/firmware.dir/home/vm/Documents/testClientServeur/pico-sdk/src/common/pico_time/time.c.obj
                0x0000000010000ed4                alarm_pool_add_alarm_at
 .text.alarm_pool_cancel_alarm
                0x0000000010001064       0x70 CMakeFiles/firmware.dir/home/vm/Documents/testClientServeur/pico-sdk/src/common/pico_time/time.c.obj
                0x0000000010001064                alarm_pool_cancel_alarm
 .text.alarm_pool_core_num
                0x00000000100010d4        0x4 CMakeFiles/firmware.dir/home/vm/Documents/testClientServeur/pico-sdk/src/common/pico_time/time.c.obj
                0x00000000100010d4                alarm_pool_core_num
 .text.best_effort_wfe_or_timeout
                0x00000000100010d8       0x60 CMakeFiles/firmware.dir/home/vm/Documents/testClientServeur/pico-sdk/src/common/pico_time/time.c.obj
                0x00000000100010d8                best_effort_wfe_or_timeout
 .text.hardware_alarm_irq_handler
                0x0000000010001138       0xbc CMakeFiles/firmware.dir/home/vm/Documents/testClientServeur/pico-sdk/src/rp2_common/hardware_timer/timer.c.obj
 .text.hardware_alarm_claim
                0x00000000100011f4       0x18 CMakeFiles/firmware.dir/home/vm/Documents/testClientServeur/pico-sdk/src/rp2_common/hardware_timer/timer.c.obj
                0x00000000100011f4                hardware_alarm_claim
 .text.time_us_64
                0x000000001000120c       0x14 CMakeFiles/firmware.dir/home/vm/Documents/testClientServeur/pico-sdk/src/rp2_common/hardware_timer/timer.c.obj
                0x000000001000120c                time_us_64
 .text.busy_wait_us
                0x0000000010001220       0x54 CMakeFiles/firmware.dir/home/vm/Documents/testClientServeur/pico-sdk/src/rp2_common/hardware_timer/timer.c.obj
                0x0000000010001220                busy_wait_us
 .text.hardware_alarm_set_callback
                0x0000000010001274       0x8c CMakeFiles/firmware.dir/home/vm/Documents/testClientServeur/pico-sdk/src/rp2_common/hardware_timer/timer.c.obj
                0x0000000010001274                hardware_alarm_set_callback
 .text.hardware_alarm_set_target
                0x0000000010001300       0xe4 CMakeFiles/firmware.dir/home/vm/Documents/testClientServeur/pico-sdk/src/rp2_common/hardware_timer/timer.c.obj
                0x0000000010001300                hardware_alarm_set_target
 .text.hardware_alarm_cancel
                0x00000000100013e4       0x40 CMakeFiles/firmware.dir/home/vm/Documents/testClientServeur/pico-sdk/src/rp2_common/hardware_timer/timer.c.obj
                0x00000000100013e4                hardware_alarm_cancel
 .text.ph_merge_nodes
                0x0000000010001424       0x68 CMakeFiles/firmware.dir/home/vm/Documents/testClientServeur/pico-sdk/src/common/pico_util/pheap.c.obj
 .text.ph_post_alloc_init
                0x000000001000148c       0x3c CMakeFiles/firmware.dir/home/vm/Documents/testClientServeur/pico-sdk/src/common/pico_util/pheap.c.obj
                0x000000001000148c                ph_post_alloc_init
 .text.ph_merge_two_pass
                0x00000000100014c8       0x90 CMakeFiles/firmware.dir/home/vm/Documents/testClientServeur/pico-sdk/src/common/pico_util/pheap.c.obj
                0x00000000100014c8                ph_merge_two_pass
 .text.ph_remove_any_head
                0x0000000010001558      0x100 CMakeFiles/firmware.dir/home/vm/Documents/testClientServeur/pico-sdk/src/common/pico_util/pheap.c.obj
 .text.ph_remove_head
                0x0000000010001658      0x144 CMakeFiles/firmware.dir/home/vm/Documents/testClientServeur/pico-sdk/src/common/pico_util/pheap.c.obj
                0x0000000010001658                ph_remove_head
 .text.ph_remove_and_free_node
                0x000000001000179c       0x7c CMakeFiles/firmware.dir/home/vm/Documents/testClientServeur/pico-sdk/src/common/pico_util/pheap.c.obj
                0x000000001000179c                ph_remove_and_free_node
 .text.uart_init
                0x0000000010001818       0xe4 CMakeFiles/firmware.dir/home/vm/Documents/testClientServeur/pico-sdk/src/rp2_common/hardware_uart/uart.c.obj
                0x0000000010001818                uart_init
 .text.clocks_init
                0x00000000100018fc      0x2bc CMakeFiles/firmware.dir/home/vm/Documents/testClientServeur/pico-sdk/src/rp2_common/hardware_clocks/clocks.c.obj
                0x00000000100018fc                clocks_init
 .text.clock_get_hz
                0x0000000010001bb8        0xc CMakeFiles/firmware.dir/home/vm/Documents/testClientServeur/pico-sdk/src/rp2_common/hardware_clocks/clocks.c.obj
                0x0000000010001bb8                clock_get_hz
 .text.pll_init
                0x0000000010001bc4       0xa8 CMakeFiles/firmware.dir/home/vm/Documents/testClientServeur/pico-sdk/src/rp2_common/hardware_pll/pll.c.obj
                0x0000000010001bc4                pll_init
 .text.watchdog_start_tick
                0x0000000010001c6c       0x10 CMakeFiles/firmware.dir/home/vm/Documents/testClientServeur/pico-sdk/src/rp2_common/hardware_watchdog/watchdog.c.obj
                0x0000000010001c6c                watchdog_start_tick
 .text.watchdog_reboot
                0x0000000010001c7c       0x98 CMakeFiles/firmware.dir/home/vm/Documents/testClientServeur/pico-sdk/src/rp2_common/hardware_watchdog/watchdog.c.obj
                0x0000000010001c7c                watchdog_reboot
 .text.xosc_init
                0x0000000010001d14       0x28 CMakeFiles/firmware.dir/home/vm/Documents/testClientServeur/pico-sdk/src/rp2_common/hardware_xosc/xosc.c.obj
                0x0000000010001d14                xosc_init
 .text.runtime_init
                0x0000000010001d3c       0xf0 CMakeFiles/firmware.dir/home/vm/Documents/testClientServeur/pico-sdk/src/rp2_common/pico_runtime/runtime.c.obj
                0x0000000010001d3c                runtime_init
 .text._exit    0x0000000010001e2c        0x4 CMakeFiles/firmware.dir/home/vm/Documents/testClientServeur/pico-sdk/src/rp2_common/pico_runtime/runtime.c.obj
                0x0000000010001e2c                _exit
 .text._sbrk    0x0000000010001e30       0x34 CMakeFiles/firmware.dir/home/vm/Documents/testClientServeur/pico-sdk/src/rp2_common/pico_runtime/runtime.c.obj
                0x0000000010001e30                _sbrk
 .text.exit     0x0000000010001e64        0x8 CMakeFiles/firmware.dir/home/vm/Documents/testClientServeur/pico-sdk/src/rp2_common/pico_runtime/runtime.c.obj
                0x0000000010001e64                exit
 .text.panic    0x0000000010001e6c       0x30 CMakeFiles/firmware.dir/home/vm/Documents/testClientServeur/pico-sdk/src/rp2_common/pico_runtime/runtime.c.obj
                0x0000000010001e6c                panic
 .text.hard_assertion_failure
                0x0000000010001e9c        0xc CMakeFiles/firmware.dir/home/vm/Documents/testClientServeur/pico-sdk/src/rp2_common/pico_runtime/runtime.c.obj
                0x0000000010001e9c                hard_assertion_failure
 .text._out_null
                0x0000000010001ea8        0x4 CMakeFiles/firmware.dir/home/vm/Documents/testClientServeur/pico-sdk/src/rp2_common/pico_printf/printf.c.obj
 .text._out_rev
                0x0000000010001eac       0xd0 CMakeFiles/firmware.dir/home/vm/Documents/testClientServeur/pico-sdk/src/rp2_common/pico_printf/printf.c.obj
 .text._ntoa_format
                0x0000000010001f7c      0x1d0 CMakeFiles/firmware.dir/home/vm/Documents/testClientServeur/pico-sdk/src/rp2_common/pico_printf/printf.c.obj
 .text._out_char
                0x000000001000214c       0x10 CMakeFiles/firmware.dir/home/vm/Documents/testClientServeur/pico-sdk/src/rp2_common/pico_printf/printf.c.obj
 .text._out_fct
                0x000000001000215c       0x10 CMakeFiles/firmware.dir/home/vm/Documents/testClientServeur/pico-sdk/src/rp2_common/pico_printf/printf.c.obj
 .text._etoa    0x000000001000216c      0x478 CMakeFiles/firmware.dir/home/vm/Documents/testClientServeur/pico-sdk/src/rp2_common/pico_printf/printf.c.obj
 .text._ftoa    0x00000000100025e4      0x3e0 CMakeFiles/firmware.dir/home/vm/Documents/testClientServeur/pico-sdk/src/rp2_common/pico_printf/printf.c.obj
 .text._vsnprintf
                0x00000000100029c4      0xb08 CMakeFiles/firmware.dir/home/vm/Documents/testClientServeur/pico-sdk/src/rp2_common/pico_printf/printf.c.obj
 .text.vfctprintf
                0x00000000100034cc       0x20 CMakeFiles/firmware.dir/home/vm/Documents/testClientServeur/pico-sdk/src/rp2_common/pico_printf/printf.c.obj
                0x00000000100034cc                vfctprintf
 .text.weak_raw_vprintf
                0x00000000100034ec       0x30 CMakeFiles/firmware.dir/home/vm/Documents/testClientServeur/pico-sdk/src/rp2_common/pico_printf/printf.c.obj
                0x00000000100034ec                weak_raw_vprintf
 .text          0x000000001000351c       0x10 CMakeFiles/firmware.dir/home/vm/Documents/testClientServeur/pico-sdk/src/rp2_common/pico_bit_ops/bit_ops_aeabi.S.obj
 .text.rom_func_lookup
                0x000000001000352c       0x10 CMakeFiles/firmware.dir/home/vm/Documents/testClientServeur/pico-sdk/src/rp2_common/pico_bootrom/bootrom.c.obj
                0x000000001000352c                rom_func_lookup
 .text.rom_data_lookup
                0x000000001000353c       0x10 CMakeFiles/firmware.dir/home/vm/Documents/testClientServeur/pico-sdk/src/rp2_common/pico_bootrom/bootrom.c.obj
                0x000000001000353c                rom_data_lookup
 .text.rom_funcs_lookup
                0x000000001000354c       0x3c CMakeFiles/firmware.dir/home/vm/Documents/testClientServeur/pico-sdk/src/rp2_common/pico_bootrom/bootrom.c.obj
                0x000000001000354c                rom_funcs_lookup
 .text.__wrap___aeabi_idiv
                0x0000000010003588       0x50 CMakeFiles/firmware.dir/home/vm/Documents/testClientServeur/pico-sdk/src/rp2_common/pico_divider/divider.S.obj
                0x0000000010003588                __wrap___aeabi_idivmod
                0x0000000010003588                divmod_s32s32
                0x0000000010003588                div_s32s32
                0x0000000010003588                __wrap___aeabi_idiv
                0x0000000010003590                divmod_s32s32_unsafe
                0x00000000100035bc                divmod_s32s32_savestate
 .text.__wrap___aeabi_uidiv
                0x00000000100035d8       0x4c CMakeFiles/firmware.dir/home/vm/Documents/testClientServeur/pico-sdk/src/rp2_common/pico_divider/divider.S.obj
                0x00000000100035d8                __wrap___aeabi_uidiv
                0x00000000100035d8                __wrap___aeabi_uidivmod
                0x00000000100035d8                div_u32u32
                0x00000000100035d8                divmod_u32u32
                0x00000000100035e0                divmod_u32u32_unsafe
                0x0000000010003608                divmod_u32u32_savestate
 .text.__wrap___aeabi_ldiv
                0x0000000010003624      0x424 CMakeFiles/firmware.dir/home/vm/Documents/testClientServeur/pico-sdk/src/rp2_common/pico_divider/divider.S.obj
                0x0000000010003624                div_s64s64
                0x0000000010003624                divmod_s64s64
                0x0000000010003624                __wrap___aeabi_ldivmod
                0x0000000010003654                div_u64u64
                0x0000000010003654                divmod_u64u64
                0x0000000010003654                __wrap___aeabi_uldivmod
                0x0000000010003664                divmod_u64u64_savestate
                0x0000000010003684                divmod_s64s64_unsafe
                0x000000001000370c                divmod_u64u64_unsafe
 .text.__wrap___aeabi_darithmetic
                0x0000000010003a48       0x80 CMakeFiles/firmware.dir/home/vm/Documents/testClientServeur/pico-sdk/src/rp2_common/pico_double/double_aeabi.S.obj
                0x0000000010003a48                __wrap___aeabi_drsub
                0x0000000010003a4e                __wrap___aeabi_dsub
                0x0000000010003a60                __wrap___aeabi_dadd
                0x0000000010003a72                __wrap___aeabi_ddiv
                0x0000000010003aae                __wrap___aeabi_dmul
 .text.__wrap___aeabi_cdcmple
                0x0000000010003ac8       0x6c CMakeFiles/firmware.dir/home/vm/Documents/testClientServeur/pico-sdk/src/rp2_common/pico_double/double_aeabi.S.obj
                0x0000000010003ac8                __wrap___aeabi_cdrcmple
                0x0000000010003ad8                __wrap___aeabi_cdcmple
                0x0000000010003ad8                __wrap___aeabi_cdcmpeq
 .text.__wrap___aeabi_dcmplt
                0x0000000010003b34        0xc CMakeFiles/firmware.dir/home/vm/Documents/testClientServeur/pico-sdk/src/rp2_common/pico_double/double_aeabi.S.obj
                0x0000000010003b34                __wrap___aeabi_dcmplt
 .text.__wrap___aeabi_dcmple
                0x0000000010003b40       0x10 CMakeFiles/firmware.dir/home/vm/Documents/testClientServeur/pico-sdk/src/rp2_common/pico_double/double_aeabi.S.obj
                0x0000000010003b40                __wrap___aeabi_dcmple
 .text.__wrap___aeabi_dcmpge
                0x0000000010003b50       0x10 CMakeFiles/firmware.dir/home/vm/Documents/testClientServeur/pico-sdk/src/rp2_common/pico_double/double_aeabi.S.obj
                0x0000000010003b50                __wrap___aeabi_dcmpge
 .text.__wrap___aeabi_dcmpgt
                0x0000000010003b60        0xa CMakeFiles/firmware.dir/home/vm/Documents/testClientServeur/pico-sdk/src/rp2_common/pico_double/double_aeabi.S.obj
                0x0000000010003b60                __wrap___aeabi_dcmpgt
 .text.__wrap___aeabi_dcmpun
                0x0000000010003b6a       0x1c CMakeFiles/firmware.dir/home/vm/Documents/testClientServeur/pico-sdk/src/rp2_common/pico_double/double_aeabi.S.obj
                0x0000000010003b6a                __wrap___aeabi_dcmpun
 *fill*         0x0000000010003b86        0x2 
 .text.__wrap___aeabi_i2d
                0x0000000010003b88       0x38 CMakeFiles/firmware.dir/home/vm/Documents/testClientServeur/pico-sdk/src/rp2_common/pico_double/double_aeabi.S.obj
                0x0000000010003b88                __wrap___aeabi_ui2d
                0x0000000010003b90                __wrap___aeabi_i2d
 .text.__wrap___aeabi_d2iz
                0x0000000010003bc0       0x48 CMakeFiles/firmware.dir/home/vm/Documents/testClientServeur/pico-sdk/src/rp2_common/pico_double/double_aeabi.S.obj
                0x0000000010003bc0                __wrap___aeabi_d2iz
                0x0000000010003bc0                double2int_z
 .text.__wrap___aeabi_d2uiz
                0x0000000010003c08       0x18 CMakeFiles/firmware.dir/home/vm/Documents/testClientServeur/pico-sdk/src/rp2_common/pico_double/double_aeabi.S.obj
                0x0000000010003c08                double2uint
                0x0000000010003c08                __wrap___aeabi_d2uiz
 .text.__aeabi_double_init
                0x0000000010003c20       0xc0 CMakeFiles/firmware.dir/home/vm/Documents/testClientServeur/pico-sdk/src/rp2_common/pico_double/double_init_rom.c.obj
                0x0000000010003c20                __aeabi_double_init
 .text.double_table_shim_on_use_helper
                0x0000000010003ce0       0x2c CMakeFiles/firmware.dir/home/vm/Documents/testClientServeur/pico-sdk/src/rp2_common/pico_double/double_v1_rom_shim.S.obj
                0x0000000010003ce0                double_table_shim_on_use_helper
 .text.__wrap___aeabi_dsub
                0x0000000010003d0c       0x10 CMakeFiles/firmware.dir/home/vm/Documents/testClientServeur/pico-sdk/src/rp2_common/pico_double/double_v1_rom_shim.S.obj
                0x0000000010003d0c                drsub_shim
                0x0000000010003d12                dsub_shim
 .text.dadd_shim
                0x0000000010003d1c      0x15c CMakeFiles/firmware.dir/home/vm/Documents/testClientServeur/pico-sdk/src/rp2_common/pico_double/double_v1_rom_shim.S.obj
                0x0000000010003d1c                dadd_shim
 .text.dmul_shim
                0x0000000010003e78      0x15c CMakeFiles/firmware.dir/home/vm/Documents/testClientServeur/pico-sdk/src/rp2_common/pico_double/double_v1_rom_shim.S.obj
                0x0000000010003e78                dmul_shim
 .text.ddiv_shim
                0x0000000010003fd4      0x1b0 CMakeFiles/firmware.dir/home/vm/Documents/testClientServeur/pico-sdk/src/rp2_common/pico_double/double_v1_rom_shim.S.obj
                0x0000000010003fd4                ddiv_shim
 .text.double2uint_shim
                0x0000000010004184        0xe CMakeFiles/firmware.dir/home/vm/Documents/testClientServeur/pico-sdk/src/rp2_common/pico_double/double_v1_rom_shim.S.obj
                0x0000000010004184                double2uint_shim
                0x0000000010004186                double2ufix_shim
 *fill*         0x0000000010004192        0x2 
 .text.double2uint64_shim
                0x0000000010004194       0x70 CMakeFiles/firmware.dir/home/vm/Documents/testClientServeur/pico-sdk/src/rp2_common/pico_double/double_v1_rom_shim.S.obj
                0x0000000010004194                double2uint64_shim
                0x0000000010004196                double2ufix64_shim
                0x00000000100041b6                d2fix_a
 .text.dunpacks
                0x0000000010004204       0x3c CMakeFiles/firmware.dir/home/vm/Documents/testClientServeur/pico-sdk/src/rp2_common/pico_double/double_v1_rom_shim.S.obj
                0x0000000010004204                dunpacks
 .text.__aeabi_lmul
                0x0000000010004240       0x32 CMakeFiles/firmware.dir/home/vm/Documents/testClientServeur/pico-sdk/src/rp2_common/pico_int64_ops/pico_int64_ops_aeabi.S.obj
                0x0000000010004240                __wrap___aeabi_lmul
 *fill*         0x0000000010004272        0x2 
 .text.__aeabi_float_init
                0x0000000010004274       0x64 CMakeFiles/firmware.dir/home/vm/Documents/testClientServeur/pico-sdk/src/rp2_common/pico_float/float_init_rom.c.obj
                0x0000000010004274                __aeabi_float_init
 .text.float_table_shim_on_use_helper
                0x00000000100042d8       0x2c CMakeFiles/firmware.dir/home/vm/Documents/testClientServeur/pico-sdk/src/rp2_common/pico_float/float_v1_rom_shim.S.obj
                0x00000000100042d8                float_table_shim_on_use_helper
 .text          0x0000000010004304       0x10 CMakeFiles/firmware.dir/home/vm/Documents/testClientServeur/pico-sdk/src/rp2_common/pico_mem_ops/mem_ops_aeabi.S.obj
                0x0000000010004304                __aeabi_mem_init
 .text.memset   0x0000000010004314        0xc CMakeFiles/firmware.dir/home/vm/Documents/testClientServeur/pico-sdk/src/rp2_common/pico_mem_ops/mem_ops_aeabi.S.obj
                0x0000000010004314                __wrap_memset
 .text.memcpy   0x0000000010004320        0xc CMakeFiles/firmware.dir/home/vm/Documents/testClientServeur/pico-sdk/src/rp2_common/pico_mem_ops/mem_ops_aeabi.S.obj
                0x0000000010004320                __wrap___aeabi_memcpy
                0x0000000010004320                __wrap_memcpy
 .text.stdio_out_chars_no_crlf
                0x000000001000432c       0x10 CMakeFiles/firmware.dir/home/vm/Documents/testClientServeur/pico-sdk/src/rp2_common/pico_stdio/stdio.c.obj
 .text.stdio_out_chars_crlf
                0x000000001000433c       0x94 CMakeFiles/firmware.dir/home/vm/Documents/testClientServeur/pico-sdk/src/rp2_common/pico_stdio/stdio.c.obj
 .text.stdio_buffered_printer
                0x00000000100043d0       0x64 CMakeFiles/firmware.dir/home/vm/Documents/testClientServeur/pico-sdk/src/rp2_common/pico_stdio/stdio.c.obj
 .text.stdio_put_string
                0x0000000010004434      0x104 CMakeFiles/firmware.dir/home/vm/Documents/testClientServeur/pico-sdk/src/rp2_common/pico_stdio/stdio.c.obj
 .text.__wrap_putchar
                0x0000000010004538       0x98 CMakeFiles/firmware.dir/home/vm/Documents/testClientServeur/pico-sdk/src/rp2_common/pico_stdio/stdio.c.obj
                0x0000000010004538                __wrap_putchar
 .text.__wrap_puts
                0x00000000100045d0       0x3c CMakeFiles/firmware.dir/home/vm/Documents/testClientServeur/pico-sdk/src/rp2_common/pico_stdio/stdio.c.obj
                0x00000000100045d0                __wrap_puts
 .text._read    0x000000001000460c       0x94 CMakeFiles/firmware.dir/home/vm/Documents/testClientServeur/pico-sdk/src/rp2_common/pico_stdio/stdio.c.obj
                0x000000001000460c                _read
 .text._write   0x00000000100046a0       0xb0 CMakeFiles/firmware.dir/home/vm/Documents/testClientServeur/pico-sdk/src/rp2_common/pico_stdio/stdio.c.obj
                0x00000000100046a0                _write
 .text._close   0x0000000010004750        0x8 CMakeFiles/firmware.dir/home/vm/Documents/testClientServeur/pico-sdk/src/rp2_common/pico_stdio/stdio.c.obj
                0x0000000010004750                _close
 .text._lseek   0x0000000010004758        0x8 CMakeFiles/firmware.dir/home/vm/Documents/testClientServeur/pico-sdk/src/rp2_common/pico_stdio/stdio.c.obj
                0x0000000010004758                _lseek
 .text._fstat   0x0000000010004760        0x8 CMakeFiles/firmware.dir/home/vm/Documents/testClientServeur/pico-sdk/src/rp2_common/pico_stdio/stdio.c.obj
                0x0000000010004760                _fstat
 .text._isatty  0x0000000010004768        0xc CMakeFiles/firmware.dir/home/vm/Documents/testClientServeur/pico-sdk/src/rp2_common/pico_stdio/stdio.c.obj
                0x0000000010004768                _isatty
 .text.stdio_set_driver_enabled
                0x0000000010004774       0x30 CMakeFiles/firmware.dir/home/vm/Documents/testClientServeur/pico-sdk/src/rp2_common/pico_stdio/stdio.c.obj
                0x0000000010004774                stdio_set_driver_enabled
 .text.__wrap_vprintf
                0x00000000100047a4       0xd8 CMakeFiles/firmware.dir/home/vm/Documents/testClientServeur/pico-sdk/src/rp2_common/pico_stdio/stdio.c.obj
                0x00000000100047a4                __wrap_vprintf
 .text.__wrap_printf
                0x000000001000487c       0x18 CMakeFiles/firmware.dir/home/vm/Documents/testClientServeur/pico-sdk/src/rp2_common/pico_stdio/stdio.c.obj
                0x000000001000487c                __wrap_printf
 .text.stdio_init_all
                0x0000000010004894       0x10 CMakeFiles/firmware.dir/home/vm/Documents/testClientServeur/pico-sdk/src/rp2_common/pico_stdio/stdio.c.obj
                0x0000000010004894                stdio_init_all
 .text.stdio_uart_out_chars
                0x00000000100048a4       0x4c CMakeFiles/firmware.dir/home/vm/Documents/testClientServeur/pico-sdk/src/rp2_common/pico_stdio_uart/stdio_uart.c.obj
 .text.stdio_uart_in_chars
                0x00000000100048f0       0x84 CMakeFiles/firmware.dir/home/vm/Documents/testClientServeur/pico-sdk/src/rp2_common/pico_stdio_uart/stdio_uart.c.obj
                0x00000000100048f0                stdio_uart_in_chars
 .text.on_uart_rx
                0x0000000010004974       0x28 CMakeFiles/firmware.dir/home/vm/Documents/testClientServeur/pico-sdk/src/rp2_common/pico_stdio_uart/stdio_uart.c.obj
 .text.stdio_uart_set_chars_available_callback
                0x000000001000499c       0x8c CMakeFiles/firmware.dir/home/vm/Documents/testClientServeur/pico-sdk/src/rp2_common/pico_stdio_uart/stdio_uart.c.obj
 .text.stdio_uart_init
                0x0000000010004a28       0x48 CMakeFiles/firmware.dir/home/vm/Documents/testClientServeur/pico-sdk/src/rp2_common/pico_stdio_uart/stdio_uart.c.obj
                0x0000000010004a28                stdio_uart_init
 .text.resetd_init
                0x0000000010004a70        0x4 CMakeFiles/firmware.dir/home/vm/Documents/testClientServeur/pico-sdk/src/rp2_common/pico_stdio_usb/reset_interface.c.obj
 .text.resetd_reset
                0x0000000010004a74        0xc CMakeFiles/firmware.dir/home/vm/Documents/testClientServeur/pico-sdk/src/rp2_common/pico_stdio_usb/reset_interface.c.obj
 .text.resetd_open
                0x0000000010004a80       0x28 CMakeFiles/firmware.dir/home/vm/Documents/testClientServeur/pico-sdk/src/rp2_common/pico_stdio_usb/reset_interface.c.obj
 .text.resetd_xfer_cb
                0x0000000010004aa8        0x4 CMakeFiles/firmware.dir/home/vm/Documents/testClientServeur/pico-sdk/src/rp2_common/pico_stdio_usb/reset_interface.c.obj
 .text.resetd_control_xfer_cb
                0x0000000010004aac       0x64 CMakeFiles/firmware.dir/home/vm/Documents/testClientServeur/pico-sdk/src/rp2_common/pico_stdio_usb/reset_interface.c.obj
 .text.usbd_app_driver_get_cb
                0x0000000010004b10        0xc CMakeFiles/firmware.dir/home/vm/Documents/testClientServeur/pico-sdk/src/rp2_common/pico_stdio_usb/reset_interface.c.obj
                0x0000000010004b10                usbd_app_driver_get_cb
 .text.tud_cdc_line_coding_cb
                0x0000000010004b1c       0x34 CMakeFiles/firmware.dir/home/vm/Documents/testClientServeur/pico-sdk/src/rp2_common/pico_stdio_usb/reset_interface.c.obj
                0x0000000010004b1c                tud_cdc_line_coding_cb
 .text.stdio_usb_set_chars_available_callback
                0x0000000010004b50       0x14 CMakeFiles/firmware.dir/home/vm/Documents/testClientServeur/pico-sdk/src/rp2_common/pico_stdio_usb/stdio_usb.c.obj
                0x0000000010004b50                stdio_usb_set_chars_available_callback
 .text.usb_irq  0x0000000010004b64       0x10 CMakeFiles/firmware.dir/home/vm/Documents/testClientServeur/pico-sdk/src/rp2_common/pico_stdio_usb/stdio_usb.c.obj
 .text.timer_task
                0x0000000010004b74       0x54 CMakeFiles/firmware.dir/home/vm/Documents/testClientServeur/pico-sdk/src/rp2_common/pico_stdio_usb/stdio_usb.c.obj
 .text.stdio_usb_in_chars
                0x0000000010004bc8       0x90 CMakeFiles/firmware.dir/home/vm/Documents/testClientServeur/pico-sdk/src/rp2_common/pico_stdio_usb/stdio_usb.c.obj
                0x0000000010004bc8                stdio_usb_in_chars
 .text.stdio_usb_out_chars
                0x0000000010004c58      0x100 CMakeFiles/firmware.dir/home/vm/Documents/testClientServeur/pico-sdk/src/rp2_common/pico_stdio_usb/stdio_usb.c.obj
 .text.low_priority_worker_irq
                0x0000000010004d58       0xa8 CMakeFiles/firmware.dir/home/vm/Documents/testClientServeur/pico-sdk/src/rp2_common/pico_stdio_usb/stdio_usb.c.obj
 .text.tud_cdc_rx_cb
                0x0000000010004e00       0x20 CMakeFiles/firmware.dir/home/vm/Documents/testClientServeur/pico-sdk/src/rp2_common/pico_stdio_usb/stdio_usb.c.obj
                0x0000000010004e00                tud_cdc_rx_cb
 .text.stdio_usb_init
                0x0000000010004e20       0xdc CMakeFiles/firmware.dir/home/vm/Documents/testClientServeur/pico-sdk/src/rp2_common/pico_stdio_usb/stdio_usb.c.obj
                0x0000000010004e20                stdio_usb_init
 .text.tud_descriptor_device_cb
                0x0000000010004efc        0x8 CMakeFiles/firmware.dir/home/vm/Documents/testClientServeur/pico-sdk/src/rp2_common/pico_stdio_usb/stdio_usb_descriptors.c.obj
                0x0000000010004efc                tud_descriptor_device_cb
 .text.tud_descriptor_configuration_cb
                0x0000000010004f04        0x8 CMakeFiles/firmware.dir/home/vm/Documents/testClientServeur/pico-sdk/src/rp2_common/pico_stdio_usb/stdio_usb_descriptors.c.obj
                0x0000000010004f04                tud_descriptor_configuration_cb
 .text.tud_descriptor_string_cb
                0x0000000010004f0c       0x70 CMakeFiles/firmware.dir/home/vm/Documents/testClientServeur/pico-sdk/src/rp2_common/pico_stdio_usb/stdio_usb_descriptors.c.obj
                0x0000000010004f0c                tud_descriptor_string_cb
 .text.startup._retrieve_unique_id_on_boot
                0x0000000010004f7c       0x10 CMakeFiles/firmware.dir/home/vm/Documents/testClientServeur/pico-sdk/src/rp2_common/pico_unique_id/unique_id.c.obj
 .text.pico_get_unique_board_id_string
                0x0000000010004f8c      0x1bc CMakeFiles/firmware.dir/home/vm/Documents/testClientServeur/pico-sdk/src/rp2_common/pico_unique_id/unique_id.c.obj
                0x0000000010004f8c                pico_get_unique_board_id_string
 .text.flash_get_unique_id
                0x0000000010005148       0x40 CMakeFiles/firmware.dir/home/vm/Documents/testClientServeur/pico-sdk/src/rp2_common/hardware_flash/flash.c.obj
                0x0000000010005148                flash_get_unique_id
 .text.dcd_int_enable
                0x0000000010005188        0xc CMakeFiles/firmware.dir/home/vm/Documents/testClientServeur/pico-sdk/lib/tinyusb/src/portable/raspberrypi/rp2040/dcd_rp2040.c.obj
                0x0000000010005188                dcd_int_enable
 .text.dcd_set_address
                0x0000000010005194       0x14 CMakeFiles/firmware.dir/home/vm/Documents/testClientServeur/pico-sdk/lib/tinyusb/src/portable/raspberrypi/rp2040/dcd_rp2040.c.obj
                0x0000000010005194                dcd_set_address
 .text.dcd_connect
                0x00000000100051a8       0x10 CMakeFiles/firmware.dir/home/vm/Documents/testClientServeur/pico-sdk/lib/tinyusb/src/portable/raspberrypi/rp2040/dcd_rp2040.c.obj
                0x00000000100051a8                dcd_connect
 .text.dcd_init
                0x00000000100051b8       0x9c CMakeFiles/firmware.dir/home/vm/Documents/testClientServeur/pico-sdk/lib/tinyusb/src/portable/raspberrypi/rp2040/dcd_rp2040.c.obj
                0x00000000100051b8                dcd_init
 .text.dcd_edpt0_status_complete
                0x0000000010005254       0x1c CMakeFiles/firmware.dir/home/vm/Documents/testClientServeur/pico-sdk/lib/tinyusb/src/portable/raspberrypi/rp2040/dcd_rp2040.c.obj
                0x0000000010005254                dcd_edpt0_status_complete
 .text.dcd_edpt_open
                0x0000000010005270      0x108 CMakeFiles/firmware.dir/home/vm/Documents/testClientServeur/pico-sdk/lib/tinyusb/src/portable/raspberrypi/rp2040/dcd_rp2040.c.obj
                0x0000000010005270                dcd_edpt_open
 .text.dcd_edpt_close_all
                0x0000000010005378        0x8 CMakeFiles/firmware.dir/home/vm/Documents/testClientServeur/pico-sdk/lib/tinyusb/src/portable/raspberrypi/rp2040/dcd_rp2040.c.obj
                0x0000000010005378                dcd_edpt_close_all
 .text.dcd_edpt_xfer
                0x0000000010005380       0x24 CMakeFiles/firmware.dir/home/vm/Documents/testClientServeur/pico-sdk/lib/tinyusb/src/portable/raspberrypi/rp2040/dcd_rp2040.c.obj
                0x0000000010005380                dcd_edpt_xfer
 .text.dcd_edpt_stall
                0x00000000100053a4       0x38 CMakeFiles/firmware.dir/home/vm/Documents/testClientServeur/pico-sdk/lib/tinyusb/src/portable/raspberrypi/rp2040/dcd_rp2040.c.obj
                0x00000000100053a4                dcd_edpt_stall
 .text.dcd_edpt_clear_stall
                0x00000000100053dc       0x30 CMakeFiles/firmware.dir/home/vm/Documents/testClientServeur/pico-sdk/lib/tinyusb/src/portable/raspberrypi/rp2040/dcd_rp2040.c.obj
                0x00000000100053dc                dcd_edpt_clear_stall
 .text.rp2040_usb_init
                0x000000001000540c       0x4c CMakeFiles/firmware.dir/home/vm/Documents/testClientServeur/pico-sdk/lib/tinyusb/src/portable/raspberrypi/rp2040/rp2040_usb.c.obj
                0x000000001000540c                rp2040_usb_init
 .text.hw_endpoint_xfer_start
                0x0000000010005458       0x54 CMakeFiles/firmware.dir/home/vm/Documents/testClientServeur/pico-sdk/lib/tinyusb/src/portable/raspberrypi/rp2040/rp2040_usb.c.obj
                0x0000000010005458                hw_endpoint_xfer_start
 .text.tud_mounted
                0x00000000100054ac       0x10 CMakeFiles/firmware.dir/home/vm/Documents/testClientServeur/pico-sdk/lib/tinyusb/src/device/usbd.c.obj
                0x00000000100054ac                tud_mounted
 .text.tud_suspended
                0x00000000100054bc       0x10 CMakeFiles/firmware.dir/home/vm/Documents/testClientServeur/pico-sdk/lib/tinyusb/src/device/usbd.c.obj
                0x00000000100054bc                tud_suspended
 .text.tud_inited
                0x00000000100054cc       0x14 CMakeFiles/firmware.dir/home/vm/Documents/testClientServeur/pico-sdk/lib/tinyusb/src/device/usbd.c.obj
                0x00000000100054cc                tud_inited
 .text.tud_init
                0x00000000100054e0       0xe4 CMakeFiles/firmware.dir/home/vm/Documents/testClientServeur/pico-sdk/lib/tinyusb/src/device/usbd.c.obj
                0x00000000100054e0                tud_init
 .text.tud_task_ext
                0x00000000100055c4      0x858 CMakeFiles/firmware.dir/home/vm/Documents/testClientServeur/pico-sdk/lib/tinyusb/src/device/usbd.c.obj
                0x00000000100055c4                tud_task_ext
 .text.usbd_open_edpt_pair
                0x0000000010005e1c       0x9c CMakeFiles/firmware.dir/home/vm/Documents/testClientServeur/pico-sdk/lib/tinyusb/src/device/usbd.c.obj
                0x0000000010005e1c                usbd_open_edpt_pair
 .text.usbd_defer_func
                0x0000000010005eb8       0x4c CMakeFiles/firmware.dir/home/vm/Documents/testClientServeur/pico-sdk/lib/tinyusb/src/device/usbd.c.obj
                0x0000000010005eb8                usbd_defer_func
 .text.usbd_edpt_open
                0x0000000010005f04       0x34 CMakeFiles/firmware.dir/home/vm/Documents/testClientServeur/pico-sdk/lib/tinyusb/src/device/usbd.c.obj
                0x0000000010005f04                usbd_edpt_open
 .text.usbd_edpt_claim
                0x0000000010005f38       0x28 CMakeFiles/firmware.dir/home/vm/Documents/testClientServeur/pico-sdk/lib/tinyusb/src/device/usbd.c.obj
                0x0000000010005f38                usbd_edpt_claim
 .text.usbd_edpt_release
                0x0000000010005f60       0x28 CMakeFiles/firmware.dir/home/vm/Documents/testClientServeur/pico-sdk/lib/tinyusb/src/device/usbd.c.obj
                0x0000000010005f60                usbd_edpt_release
 .text.usbd_edpt_xfer
                0x0000000010005f88       0x4c CMakeFiles/firmware.dir/home/vm/Documents/testClientServeur/pico-sdk/lib/tinyusb/src/device/usbd.c.obj
                0x0000000010005f88                usbd_edpt_xfer
 .text.tud_control_status
                0x0000000010005fd4       0x30 CMakeFiles/firmware.dir/home/vm/Documents/testClientServeur/pico-sdk/lib/tinyusb/src/device/usbd_control.c.obj
                0x0000000010005fd4                tud_control_status
 .text.tud_control_xfer
                0x0000000010006004       0xb8 CMakeFiles/firmware.dir/home/vm/Documents/testClientServeur/pico-sdk/lib/tinyusb/src/device/usbd_control.c.obj
                0x0000000010006004                tud_control_xfer
 .text.usbd_control_reset
                0x00000000100060bc       0x14 CMakeFiles/firmware.dir/home/vm/Documents/testClientServeur/pico-sdk/lib/tinyusb/src/device/usbd_control.c.obj
                0x00000000100060bc                usbd_control_reset
 .text.usbd_control_set_complete_callback
                0x00000000100060d0        0xc CMakeFiles/firmware.dir/home/vm/Documents/testClientServeur/pico-sdk/lib/tinyusb/src/device/usbd_control.c.obj
                0x00000000100060d0                usbd_control_set_complete_callback
 .text.usbd_control_set_request
                0x00000000100060dc       0x1c CMakeFiles/firmware.dir/home/vm/Documents/testClientServeur/pico-sdk/lib/tinyusb/src/device/usbd_control.c.obj
                0x00000000100060dc                usbd_control_set_request
 .text.usbd_control_xfer_cb
                0x00000000100060f8       0xf8 CMakeFiles/firmware.dir/home/vm/Documents/testClientServeur/pico-sdk/lib/tinyusb/src/device/usbd_control.c.obj
                0x00000000100060f8                usbd_control_xfer_cb
 .text.tud_cdc_n_connected
                0x00000000100061f0       0x30 CMakeFiles/firmware.dir/home/vm/Documents/testClientServeur/pico-sdk/lib/tinyusb/src/class/cdc/cdc_device.c.obj
                0x00000000100061f0                tud_cdc_n_connected
 .text.tud_cdc_n_available
                0x0000000010006220       0x18 CMakeFiles/firmware.dir/home/vm/Documents/testClientServeur/pico-sdk/lib/tinyusb/src/class/cdc/cdc_device.c.obj
                0x0000000010006220                tud_cdc_n_available
 .text.tud_cdc_n_read
                0x0000000010006238       0x70 CMakeFiles/firmware.dir/home/vm/Documents/testClientServeur/pico-sdk/lib/tinyusb/src/class/cdc/cdc_device.c.obj
                0x0000000010006238                tud_cdc_n_read
 .text.tud_cdc_n_write_flush
                0x00000000100062a8       0x78 CMakeFiles/firmware.dir/home/vm/Documents/testClientServeur/pico-sdk/lib/tinyusb/src/class/cdc/cdc_device.c.obj
                0x00000000100062a8                tud_cdc_n_write_flush
 .text.tud_cdc_n_write
                0x0000000010006320       0x34 CMakeFiles/firmware.dir/home/vm/Documents/testClientServeur/pico-sdk/lib/tinyusb/src/class/cdc/cdc_device.c.obj
                0x0000000010006320                tud_cdc_n_write
 .text.tud_cdc_n_write_available
                0x0000000010006354       0x18 CMakeFiles/firmware.dir/home/vm/Documents/testClientServeur/pico-sdk/lib/tinyusb/src/class/cdc/cdc_device.c.obj
                0x0000000010006354                tud_cdc_n_write_available
 .text.cdcd_init
                0x000000001000636c       0x7c CMakeFiles/firmware.dir/home/vm/Documents/testClientServeur/pico-sdk/lib/tinyusb/src/class/cdc/cdc_device.c.obj
                0x000000001000636c                cdcd_init
 .text.cdcd_reset
                0x00000000100063e8       0x2c CMakeFiles/firmware.dir/home/vm/Documents/testClientServeur/pico-sdk/lib/tinyusb/src/class/cdc/cdc_device.c.obj
                0x00000000100063e8                cdcd_reset
 .text.cdcd_open
                0x0000000010006414       0xe8 CMakeFiles/firmware.dir/home/vm/Documents/testClientServeur/pico-sdk/lib/tinyusb/src/class/cdc/cdc_device.c.obj
                0x0000000010006414                cdcd_open
 .text.cdcd_control_xfer_cb
                0x00000000100064fc       0xe4 CMakeFiles/firmware.dir/home/vm/Documents/testClientServeur/pico-sdk/lib/tinyusb/src/class/cdc/cdc_device.c.obj
                0x00000000100064fc                cdcd_control_xfer_cb
 .text.cdcd_xfer_cb
                0x00000000100065e0      0x198 CMakeFiles/firmware.dir/home/vm/Documents/testClientServeur/pico-sdk/lib/tinyusb/src/class/cdc/cdc_device.c.obj
                0x00000000100065e0                cdcd_xfer_cb
 .text.tusb_init
                0x0000000010006778        0xc CMakeFiles/firmware.dir/home/vm/Documents/testClientServeur/pico-sdk/lib/tinyusb/src/tusb.c.obj
                0x0000000010006778                tusb_init
 .text.tusb_inited
                0x0000000010006784        0x8 CMakeFiles/firmware.dir/home/vm/Documents/testClientServeur/pico-sdk/lib/tinyusb/src/tusb.c.obj
                0x0000000010006784                tusb_inited
 .text.tu_edpt_claim
                0x000000001000678c       0x50 CMakeFiles/firmware.dir/home/vm/Documents/testClientServeur/pico-sdk/lib/tinyusb/src/tusb.c.obj
                0x000000001000678c                tu_edpt_claim
 .text.tu_edpt_release
                0x00000000100067dc       0x38 CMakeFiles/firmware.dir/home/vm/Documents/testClientServeur/pico-sdk/lib/tinyusb/src/tusb.c.obj
                0x00000000100067dc                tu_edpt_release
 .text.tu_edpt_validate
                0x0000000010006814       0x78 CMakeFiles/firmware.dir/home/vm/Documents/testClientServeur/pico-sdk/lib/tinyusb/src/tusb.c.obj
                0x0000000010006814                tu_edpt_validate
 .text.tu_edpt_bind_driver
                0x000000001000688c       0x34 CMakeFiles/firmware.dir/home/vm/Documents/testClientServeur/pico-sdk/lib/tinyusb/src/tusb.c.obj
                0x000000001000688c                tu_edpt_bind_driver
 .text.tu_fifo_config
                0x00000000100068c0       0x70 CMakeFiles/firmware.dir/home/vm/Documents/testClientServeur/pico-sdk/lib/tinyusb/src/common/tusb_fifo.c.obj
                0x00000000100068c0                tu_fifo_config
 .text.tu_fifo_count
                0x0000000010006930       0x2c CMakeFiles/firmware.dir/home/vm/Documents/testClientServeur/pico-sdk/lib/tinyusb/src/common/tusb_fifo.c.obj
                0x0000000010006930                tu_fifo_count
 .text.tu_fifo_empty
                0x000000001000695c       0x10 CMakeFiles/firmware.dir/home/vm/Documents/testClientServeur/pico-sdk/lib/tinyusb/src/common/tusb_fifo.c.obj
                0x000000001000695c                tu_fifo_empty
 .text.tu_fifo_remaining
                0x000000001000696c       0x2c CMakeFiles/firmware.dir/home/vm/Documents/testClientServeur/pico-sdk/lib/tinyusb/src/common/tusb_fifo.c.obj
                0x000000001000696c                tu_fifo_remaining
 .text.tu_fifo_read
                0x0000000010006998       0x9c CMakeFiles/firmware.dir/home/vm/Documents/testClientServeur/pico-sdk/lib/tinyusb/src/common/tusb_fifo.c.obj
                0x0000000010006998                tu_fifo_read
 .text.tu_fifo_read_n
                0x0000000010006a34       0xf0 CMakeFiles/firmware.dir/home/vm/Documents/testClientServeur/pico-sdk/lib/tinyusb/src/common/tusb_fifo.c.obj
                0x0000000010006a34                tu_fifo_read_n
 .text.tu_fifo_write
                0x0000000010006b24       0x88 CMakeFiles/firmware.dir/home/vm/Documents/testClientServeur/pico-sdk/lib/tinyusb/src/common/tusb_fifo.c.obj
                0x0000000010006b24                tu_fifo_write
 .text.tu_fifo_write_n
                0x0000000010006bac      0x158 CMakeFiles/firmware.dir/home/vm/Documents/testClientServeur/pico-sdk/lib/tinyusb/src/common/tusb_fifo.c.obj
                0x0000000010006bac                tu_fifo_write_n
 .text.tu_fifo_clear
                0x0000000010006d04       0x40 CMakeFiles/firmware.dir/home/vm/Documents/testClientServeur/pico-sdk/lib/tinyusb/src/common/tusb_fifo.c.obj
                0x0000000010006d04                tu_fifo_clear
 .text.tu_fifo_set_overwritable
                0x0000000010006d44       0x48 CMakeFiles/firmware.dir/home/vm/Documents/testClientServeur/pico-sdk/lib/tinyusb/src/common/tusb_fifo.c.obj
                0x0000000010006d44                tu_fifo_set_overwritable
 .text          0x0000000010006d8c       0xc8 /usr/lib/gcc/arm-none-eabi/9.2.1/../../../arm-none-eabi/lib/thumb/v6-m/nofp/libc.a(lib_a-fgets.o)
                0x0000000010006d8c                _fgets_r
                0x0000000010006e3c                fgets
 .text          0x0000000010006e54      0x220 /usr/lib/gcc/arm-none-eabi/9.2.1/../../../arm-none-eabi/lib/thumb/v6-m/nofp/libc.a(lib_a-findfp.o)
                0x0000000010006e58                _cleanup_r
                0x0000000010006f54                __sfmoreglue
                0x0000000010006f84                __sfp
                0x000000001000700c                _cleanup
                0x0000000010007024                __sinit
                0x0000000010007034                __sfp_lock_acquire
                0x0000000010007038                __sfp_lock_release
                0x000000001000703c                __sinit_lock_acquire
                0x0000000010007040                __sinit_lock_release
                0x0000000010007044                __fp_lock_all
                0x000000001000705c                __fp_unlock_all
 .text          0x0000000010007074       0x90 /usr/lib/gcc/arm-none-eabi/9.2.1/../../../arm-none-eabi/lib/thumb/v6-m/nofp/libc.a(lib_a-fwalk.o)
                0x0000000010007074                _fwalk
                0x00000000100070b8                _fwalk_reent
 .text          0x0000000010007104      0x58c /usr/lib/gcc/arm-none-eabi/9.2.1/../../../arm-none-eabi/lib/thumb/v6-m/nofp/libc.a(lib_a-mallocr.o)
                0x0000000010007104                _malloc_r
 .text          0x0000000010007690        0x8 /usr/lib/gcc/arm-none-eabi/9.2.1/../../../arm-none-eabi/lib/thumb/v6-m/nofp/libc.a(lib_a-mlock.o)
                0x0000000010007690                __malloc_lock
                0x0000000010007694                __malloc_unlock
 .text          0x0000000010007698      0x140 /usr/lib/gcc/arm-none-eabi/9.2.1/../../../arm-none-eabi/lib/thumb/v6-m/nofp/libc.a(lib_a-refill.o)
                0x00000000100076b4                __srefill_r
 .text          0x00000000100077d8       0x24 /usr/lib/gcc/arm-none-eabi/9.2.1/../../../arm-none-eabi/lib/thumb/v6-m/nofp/libc.a(lib_a-sbrkr.o)
                0x00000000100077d8                _sbrk_r
 .text          0x00000000100077fc       0xa4 /usr/lib/gcc/arm-none-eabi/9.2.1/../../../arm-none-eabi/lib/thumb/v6-m/nofp/libc.a(lib_a-stdio.o)
                0x00000000100077fc                __sread
                0x0000000010007824                __seofread
                0x0000000010007828                __swrite
                0x0000000010007868                __sseek
                0x0000000010007894                __sclose
 .text          0x00000000100078a0       0x68 /usr/lib/gcc/arm-none-eabi/9.2.1/../../../arm-none-eabi/lib/thumb/v6-m/nofp/libc.a(lib_a-strlen-stub.o)
                0x00000000100078a0                strlen
 .text          0x0000000010007908       0x28 /usr/lib/gcc/arm-none-eabi/9.2.1/../../../arm-none-eabi/lib/thumb/v6-m/nofp/libc.a(lib_a-writer.o)
                0x0000000010007908                _write_r
 .text          0x0000000010007930       0x24 /usr/lib/gcc/arm-none-eabi/9.2.1/../../../arm-none-eabi/lib/thumb/v6-m/nofp/libc.a(lib_a-closer.o)
                0x0000000010007930                _close_r
 .text          0x0000000010007954       0xac /usr/lib/gcc/arm-none-eabi/9.2.1/../../../arm-none-eabi/lib/thumb/v6-m/nofp/libc.a(lib_a-fclose.o)
                0x0000000010007954                _fclose_r
                0x00000000100079ec                fclose
 .text          0x0000000010007a00      0x1b4 /usr/lib/gcc/arm-none-eabi/9.2.1/../../../arm-none-eabi/lib/thumb/v6-m/nofp/libc.a(lib_a-fflush.o)
                0x0000000010007a00                __sflush_r
                0x0000000010007b60                _fflush_r
                0x0000000010007b8c                fflush
 .text          0x0000000010007bb4      0x27c /usr/lib/gcc/arm-none-eabi/9.2.1/../../../arm-none-eabi/lib/thumb/v6-m/nofp/libc.a(lib_a-freer.o)
                0x0000000010007bb4                _malloc_trim_r
                0x0000000010007c54                _free_r
 .text          0x0000000010007e30       0x28 /usr/lib/gcc/arm-none-eabi/9.2.1/../../../arm-none-eabi/lib/thumb/v6-m/nofp/libc.a(lib_a-lseekr.o)
                0x0000000010007e30                _lseek_r
 .text          0x0000000010007e58       0xf0 /usr/lib/gcc/arm-none-eabi/9.2.1/../../../arm-none-eabi/lib/thumb/v6-m/nofp/libc.a(lib_a-makebuf.o)
                0x0000000010007e58                __swhatbuf_r
                0x0000000010007eb8                __smakebuf_r
 .text          0x0000000010007f48       0x28 /usr/lib/gcc/arm-none-eabi/9.2.1/../../../arm-none-eabi/lib/thumb/v6-m/nofp/libc.a(lib_a-readr.o)
                0x0000000010007f48                _read_r
 .text          0x0000000010007f70       0x28 /usr/lib/gcc/arm-none-eabi/9.2.1/../../../arm-none-eabi/lib/thumb/v6-m/nofp/libc.a(lib_a-fstatr.o)
                0x0000000010007f70                _fstat_r
 .text          0x0000000010007f98       0x24 /usr/lib/gcc/arm-none-eabi/9.2.1/../../../arm-none-eabi/lib/thumb/v6-m/nofp/libc.a(lib_a-isattyr.o)
                0x0000000010007f98                _isatty_r
 *(.fini)
 .fini          0x0000000010007fbc        0x4 /usr/lib/gcc/arm-none-eabi/9.2.1/thumb/v6-m/nofp/crti.o
                0x0000000010007fbc                _fini
 .fini.__stub   0x0000000010007fc0       0xe0 linker stubs
 *crtbegin.o(.ctors)
 *crtbegin?.o(.ctors)
 *(EXCLUDE_FILE(*crtend.o *crtend?.o) .ctors)
 *(SORT_BY_NAME(.ctors.*))
 *(.ctors)
 *crtbegin.o(.dtors)
 *crtbegin?.o(.dtors)
 *(EXCLUDE_FILE(*crtend.o *crtend?.o) .dtors)
 *(SORT_BY_NAME(.dtors.*))
 *(.dtors)
 *(.eh_frame*)
 .eh_frame      0x00000000100080a0        0x0 /usr/lib/gcc/arm-none-eabi/9.2.1/thumb/v6-m/nofp/crtbegin.o
                0x00000000100080a0                . = ALIGN (0x4)

.glue_7         0x00000000100080a0        0x0
 .glue_7        0x00000000100080a0        0x0 linker stubs

.glue_7t        0x00000000100080a0        0x0
 .glue_7t       0x00000000100080a0        0x0 linker stubs

.vfp11_veneer   0x00000000100080a0        0x0
 .vfp11_veneer  0x00000000100080a0        0x0 linker stubs

.v4_bx          0x00000000100080a0        0x0
 .v4_bx         0x00000000100080a0        0x0 linker stubs

.iplt           0x00000000100080a0        0x0
 .iplt          0x00000000100080a0        0x0 /usr/lib/gcc/arm-none-eabi/9.2.1/thumb/v6-m/nofp/crtbegin.o

.rodata         0x00000000100080a0      0x584
 *(EXCLUDE_FILE(*libm.a: *libc.a:*lib_a-mem*.o *libgcc.a:) .rodata*)
 .rodata.main.str1.4
                0x00000000100080a0       0x1e CMakeFiles/firmware.dir/firmware.c.obj
 *fill*         0x00000000100080be        0x2 
 .rodata.spin_lock_claim_unused.str1.4
                0x00000000100080c0       0x1b CMakeFiles/firmware.dir/home/vm/Documents/testClientServeur/pico-sdk/src/rp2_common/hardware_sync/sync.c.obj
 *fill*         0x00000000100080db        0x1 
 .rodata.user_irq_claim_unused.str1.4
                0x00000000100080dc       0x1b CMakeFiles/firmware.dir/home/vm/Documents/testClientServeur/pico-sdk/src/rp2_common/hardware_irq/irq.c.obj
 *fill*         0x00000000100080f7        0x1 
 .rodata.at_the_end_of_time
                0x00000000100080f8        0x8 CMakeFiles/firmware.dir/home/vm/Documents/testClientServeur/pico-sdk/src/common/pico_time/time.c.obj
                0x00000000100080f8                at_the_end_of_time
 .rodata.hardware_alarm_claim.str1.4
                0x0000000010008100       0x22 CMakeFiles/firmware.dir/home/vm/Documents/testClientServeur/pico-sdk/src/rp2_common/hardware_timer/timer.c.obj
 *fill*         0x0000000010008122        0x2 
 .rodata.panic.str1.4
                0x0000000010008124       0x12 CMakeFiles/firmware.dir/home/vm/Documents/testClientServeur/pico-sdk/src/rp2_common/pico_runtime/runtime.c.obj
 *fill*         0x0000000010008136        0x2 
 .rodata.hard_assertion_failure.str1.4
                0x0000000010008138        0xc CMakeFiles/firmware.dir/home/vm/Documents/testClientServeur/pico-sdk/src/rp2_common/pico_runtime/runtime.c.obj
 .rodata._ftoa.str1.4
                0x0000000010008144       0x15 CMakeFiles/firmware.dir/home/vm/Documents/testClientServeur/pico-sdk/src/rp2_common/pico_printf/printf.c.obj
 *fill*         0x0000000010008159        0x3 
 .rodata._vsnprintf
                0x000000001000815c      0x1e0 CMakeFiles/firmware.dir/home/vm/Documents/testClientServeur/pico-sdk/src/rp2_common/pico_printf/printf.c.obj
 *fill*         0x000000001000833c        0x4 
 .rodata.pow10.5452
                0x0000000010008340       0x50 CMakeFiles/firmware.dir/home/vm/Documents/testClientServeur/pico-sdk/src/rp2_common/pico_printf/printf.c.obj
 .rodata.str1.4
                0x0000000010008390       0x40 CMakeFiles/firmware.dir/home/vm/Documents/testClientServeur/pico-sdk/src/rp2_common/pico_standard_link/binary_info.c.obj
 .rodata.__bi_44
                0x00000000100083d0        0xc CMakeFiles/firmware.dir/home/vm/Documents/testClientServeur/pico-sdk/src/rp2_common/pico_standard_link/binary_info.c.obj
 .rodata.__bi_75
                0x00000000100083dc        0xc CMakeFiles/firmware.dir/home/vm/Documents/testClientServeur/pico-sdk/src/rp2_common/pico_standard_link/binary_info.c.obj
 .rodata.__bi_81
                0x00000000100083e8        0xc CMakeFiles/firmware.dir/home/vm/Documents/testClientServeur/pico-sdk/src/rp2_common/pico_standard_link/binary_info.c.obj
 .rodata.crlf_str.6238
                0x00000000100083f4        0x2 CMakeFiles/firmware.dir/home/vm/Documents/testClientServeur/pico-sdk/src/rp2_common/pico_stdio/stdio.c.obj
 *fill*         0x00000000100083f6        0x2 
 .rodata.str1.4
                0x00000000100083f8       0x2c CMakeFiles/firmware.dir/home/vm/Documents/testClientServeur/pico-sdk/src/rp2_common/pico_stdio_uart/stdio_uart.c.obj
 .rodata.__bi_33.4878
                0x0000000010008424        0xc CMakeFiles/firmware.dir/home/vm/Documents/testClientServeur/pico-sdk/src/rp2_common/pico_stdio_uart/stdio_uart.c.obj
 .rodata.__bi_34.4882
                0x0000000010008430        0x8 CMakeFiles/firmware.dir/home/vm/Documents/testClientServeur/pico-sdk/src/rp2_common/pico_stdio_uart/stdio_uart.c.obj
 .rodata._resetd_driver
                0x0000000010008438       0x18 CMakeFiles/firmware.dir/home/vm/Documents/testClientServeur/pico-sdk/src/rp2_common/pico_stdio_usb/reset_interface.c.obj
 .rodata.str1.4
                0x0000000010008450       0x13 CMakeFiles/firmware.dir/home/vm/Documents/testClientServeur/pico-sdk/src/rp2_common/pico_stdio_usb/stdio_usb.c.obj
 *fill*         0x0000000010008463        0x1 
 .rodata.__bi_188.7657
                0x0000000010008464        0xc CMakeFiles/firmware.dir/home/vm/Documents/testClientServeur/pico-sdk/src/rp2_common/pico_stdio_usb/stdio_usb.c.obj
 .rodata.str1.4
                0x0000000010008470       0x2a CMakeFiles/firmware.dir/home/vm/Documents/testClientServeur/pico-sdk/src/rp2_common/pico_stdio_usb/stdio_usb_descriptors.c.obj
 *fill*         0x000000001000849a        0x2 
 .rodata.usbd_desc_cfg
                0x000000001000849c       0x54 CMakeFiles/firmware.dir/home/vm/Documents/testClientServeur/pico-sdk/src/rp2_common/pico_stdio_usb/stdio_usb_descriptors.c.obj
 .rodata.usbd_desc_device
                0x00000000100084f0       0x12 CMakeFiles/firmware.dir/home/vm/Documents/testClientServeur/pico-sdk/src/rp2_common/pico_stdio_usb/stdio_usb_descriptors.c.obj
 *fill*         0x0000000010008502        0x2 
 .rodata.usbd_desc_str
                0x0000000010008504       0x18 CMakeFiles/firmware.dir/home/vm/Documents/testClientServeur/pico-sdk/src/rp2_common/pico_stdio_usb/stdio_usb_descriptors.c.obj
 .rodata.str1.4
                0x000000001000851c       0x14 CMakeFiles/firmware.dir/home/vm/Documents/testClientServeur/pico-sdk/lib/tinyusb/src/portable/raspberrypi/rp2040/dcd_rp2040.c.obj
 .rodata.str1.4
                0x0000000010008530       0x49 CMakeFiles/firmware.dir/home/vm/Documents/testClientServeur/pico-sdk/lib/tinyusb/src/portable/raspberrypi/rp2040/rp2040_usb.c.obj
                                         0x53 (size before relaxing)
 *fill*         0x0000000010008579        0x3 
 .rodata.tud_task_ext
                0x000000001000857c       0x8c CMakeFiles/firmware.dir/home/vm/Documents/testClientServeur/pico-sdk/lib/tinyusb/src/device/usbd.c.obj
 .rodata._usbd_driver
                0x0000000010008608       0x18 CMakeFiles/firmware.dir/home/vm/Documents/testClientServeur/pico-sdk/lib/tinyusb/src/device/usbd.c.obj
 .rodata        0x0000000010008620        0x4 /usr/lib/gcc/arm-none-eabi/9.2.1/../../../arm-none-eabi/lib/thumb/v6-m/nofp/libc.a(lib_a-impure.o)
                0x0000000010008620                _global_impure_ptr
                0x0000000010008624                . = ALIGN (0x4)
 *(SORT_BY_ALIGNMENT(SORT_BY_NAME(.flashdata*)))
                0x0000000010008624                . = ALIGN (0x4)

.rel.dyn        0x0000000010008624        0x0
 .rel.iplt      0x0000000010008624        0x0 /usr/lib/gcc/arm-none-eabi/9.2.1/thumb/v6-m/nofp/crtbegin.o

.ARM.extab
 *(.ARM.extab* .gnu.linkonce.armextab.*)
                0x0000000010008624                __exidx_start = .

.ARM.exidx
 *(.ARM.exidx* .gnu.linkonce.armexidx.*)
                0x0000000010008624                __exidx_end = .
                0x0000000010008624                . = ALIGN (0x4)
                0x0000000010008624                __binary_info_start = .

.binary_info    0x0000000010008624       0x28
 *(.binary_info.keep.*)
 .binary_info.keep.__bi_ptr22
                0x0000000010008624        0x4 CMakeFiles/firmware.dir/home/vm/Documents/testClientServeur/pico-sdk/src/rp2_common/pico_standard_link/binary_info.c.obj
 .binary_info.keep.__bi_ptr30
                0x0000000010008628        0x4 CMakeFiles/firmware.dir/home/vm/Documents/testClientServeur/pico-sdk/src/rp2_common/pico_standard_link/binary_info.c.obj
 .binary_info.keep.__bi_ptr38
                0x000000001000862c        0x4 CMakeFiles/firmware.dir/home/vm/Documents/testClientServeur/pico-sdk/src/rp2_common/pico_standard_link/binary_info.c.obj
 .binary_info.keep.__bi_ptr44
                0x0000000010008630        0x4 CMakeFiles/firmware.dir/home/vm/Documents/testClientServeur/pico-sdk/src/rp2_common/pico_standard_link/binary_info.c.obj
 .binary_info.keep.__bi_ptr50
                0x0000000010008634        0x4 CMakeFiles/firmware.dir/home/vm/Documents/testClientServeur/pico-sdk/src/rp2_common/pico_standard_link/binary_info.c.obj
 .binary_info.keep.__bi_ptr75
                0x0000000010008638        0x4 CMakeFiles/firmware.dir/home/vm/Documents/testClientServeur/pico-sdk/src/rp2_common/pico_standard_link/binary_info.c.obj
 .binary_info.keep.__bi_ptr81
                0x000000001000863c        0x4 CMakeFiles/firmware.dir/home/vm/Documents/testClientServeur/pico-sdk/src/rp2_common/pico_standard_link/binary_info.c.obj
 *(.binary_info.*)
 .binary_info.__bi_ptr33
                0x0000000010008640        0x4 CMakeFiles/firmware.dir/home/vm/Documents/testClientServeur/pico-sdk/src/rp2_common/pico_stdio_uart/stdio_uart.c.obj
 .binary_info.__bi_ptr34
                0x0000000010008644        0x4 CMakeFiles/firmware.dir/home/vm/Documents/testClientServeur/pico-sdk/src/rp2_common/pico_stdio_uart/stdio_uart.c.obj
 .binary_info.__bi_ptr188
                0x0000000010008648        0x4 CMakeFiles/firmware.dir/home/vm/Documents/testClientServeur/pico-sdk/src/rp2_common/pico_stdio_usb/stdio_usb.c.obj
                0x000000001000864c                __binary_info_end = .
                0x000000001000864c                . = ALIGN (0x4)
                0x000000001000864c                __etext = .

.ram_vector_table
                0x0000000020000000       0xc0
 *(.ram_vector_table)
 .ram_vector_table
                0x0000000020000000       0xc0 CMakeFiles/firmware.dir/home/vm/Documents/testClientServeur/pico-sdk/src/rp2_common/pico_runtime/runtime.c.obj
                0x0000000020000000                ram_vector_table

.data           0x00000000200000c0     0x1768 load address 0x000000001000864c
                0x00000000200000c0                __data_start__ = .
 *(vtable)
 *(.time_critical*)
 .time_critical.mutex_try_enter
                0x00000000200000c0       0x48 CMakeFiles/firmware.dir/home/vm/Documents/testClientServeur/pico-sdk/src/common/pico_sync/mutex.c.obj
                0x00000000200000c0                mutex_try_enter
 .time_critical.mutex_try_enter_block_until
                0x0000000020000108       0xb0 CMakeFiles/firmware.dir/home/vm/Documents/testClientServeur/pico-sdk/src/common/pico_sync/mutex.c.obj
                0x0000000020000108                mutex_try_enter_block_until
 .time_critical.mutex_enter_timeout_ms
                0x00000000200001b8       0x90 CMakeFiles/firmware.dir/home/vm/Documents/testClientServeur/pico-sdk/src/common/pico_sync/mutex.c.obj
                0x00000000200001b8                mutex_enter_timeout_ms
 .time_critical.mutex_exit
                0x0000000020000248       0x28 CMakeFiles/firmware.dir/home/vm/Documents/testClientServeur/pico-sdk/src/common/pico_sync/mutex.c.obj
                0x0000000020000248                mutex_exit
 .time_critical.flash_init_boot2_copyout
                0x0000000020000270       0x30 CMakeFiles/firmware.dir/home/vm/Documents/testClientServeur/pico-sdk/src/rp2_common/hardware_flash/flash.c.obj
 .time_critical.flash_enable_xip_via_boot2
                0x00000000200002a0       0x10 CMakeFiles/firmware.dir/home/vm/Documents/testClientServeur/pico-sdk/src/rp2_common/hardware_flash/flash.c.obj
 .time_critical.flash_cs_force
                0x00000000200002b0       0x38 CMakeFiles/firmware.dir/home/vm/Documents/testClientServeur/pico-sdk/src/rp2_common/hardware_flash/flash.c.obj
 .time_critical.flash_do_cmd
                0x00000000200002e8       0xc4 CMakeFiles/firmware.dir/home/vm/Documents/testClientServeur/pico-sdk/src/rp2_common/hardware_flash/flash.c.obj
                0x00000000200002e8                flash_do_cmd
 .time_critical.reset_non_control_endpoints
                0x00000000200003ac       0xbc CMakeFiles/firmware.dir/home/vm/Documents/testClientServeur/pico-sdk/lib/tinyusb/src/portable/raspberrypi/rp2040/dcd_rp2040.c.obj
 .time_critical.hw_handle_buff_status
                0x0000000020000468       0xb4 CMakeFiles/firmware.dir/home/vm/Documents/testClientServeur/pico-sdk/lib/tinyusb/src/portable/raspberrypi/rp2040/dcd_rp2040.c.obj
 .time_critical.dcd_rp2040_irq
                0x000000002000051c      0x4f4 CMakeFiles/firmware.dir/home/vm/Documents/testClientServeur/pico-sdk/lib/tinyusb/src/portable/raspberrypi/rp2040/dcd_rp2040.c.obj
 .time_critical.prepare_ep_buffer
                0x0000000020000a10       0x70 CMakeFiles/firmware.dir/home/vm/Documents/testClientServeur/pico-sdk/lib/tinyusb/src/portable/raspberrypi/rp2040/rp2040_usb.c.obj
 .time_critical.sync_ep_buffer
                0x0000000020000a80       0x4c CMakeFiles/firmware.dir/home/vm/Documents/testClientServeur/pico-sdk/lib/tinyusb/src/portable/raspberrypi/rp2040/rp2040_usb.c.obj
 .time_critical._hw_endpoint_xfer_sync
                0x0000000020000acc       0x28 CMakeFiles/firmware.dir/home/vm/Documents/testClientServeur/pico-sdk/lib/tinyusb/src/portable/raspberrypi/rp2040/rp2040_usb.c.obj
 .time_critical.e15_is_bulkin_ep
                0x0000000020000af4       0x28 CMakeFiles/firmware.dir/home/vm/Documents/testClientServeur/pico-sdk/lib/tinyusb/src/portable/raspberrypi/rp2040/rp2040_usb.c.obj
 .time_critical.e15_is_critical_frame_period
                0x0000000020000b1c       0x38 CMakeFiles/firmware.dir/home/vm/Documents/testClientServeur/pico-sdk/lib/tinyusb/src/portable/raspberrypi/rp2040/rp2040_usb.c.obj
 .time_critical.hw_endpoint_reset_transfer
                0x0000000020000b54        0xc CMakeFiles/firmware.dir/home/vm/Documents/testClientServeur/pico-sdk/lib/tinyusb/src/portable/raspberrypi/rp2040/rp2040_usb.c.obj
                0x0000000020000b54                hw_endpoint_reset_transfer
 .time_critical._hw_endpoint_buffer_control_update32
                0x0000000020000b60       0x58 CMakeFiles/firmware.dir/home/vm/Documents/testClientServeur/pico-sdk/lib/tinyusb/src/portable/raspberrypi/rp2040/rp2040_usb.c.obj
                0x0000000020000b60                _hw_endpoint_buffer_control_update32
 .time_critical.hw_endpoint_start_next_buffer
                0x0000000020000bb8       0x6c CMakeFiles/firmware.dir/home/vm/Documents/testClientServeur/pico-sdk/lib/tinyusb/src/portable/raspberrypi/rp2040/rp2040_usb.c.obj
                0x0000000020000bb8                hw_endpoint_start_next_buffer
 .time_critical.hw_endpoint_xfer_continue
                0x0000000020000c24       0x50 CMakeFiles/firmware.dir/home/vm/Documents/testClientServeur/pico-sdk/lib/tinyusb/src/portable/raspberrypi/rp2040/rp2040_usb.c.obj
                0x0000000020000c24                hw_endpoint_xfer_continue
 .time_critical.tinyusb
                0x0000000020000c74      0x170 CMakeFiles/firmware.dir/home/vm/Documents/testClientServeur/pico-sdk/lib/tinyusb/src/device/usbd.c.obj
                0x0000000020000c74                dcd_event_handler
 *(.text*)
 .text          0x0000000020000de4        0x4 /usr/lib/gcc/arm-none-eabi/9.2.1/thumb/v6-m/nofp/libgcc.a(_dvmd_tls.o)
                0x0000000020000de4                __aeabi_ldiv0
                0x0000000020000de4                __aeabi_idiv0
 .text          0x0000000020000de8       0x80 /usr/lib/gcc/arm-none-eabi/9.2.1/../../../arm-none-eabi/lib/thumb/v6-m/nofp/libc.a(lib_a-memchr-stub.o)
                0x0000000020000de8                memchr
 .text.__stub   0x0000000020000e68       0x70 linker stubs
                0x0000000020000ed8                . = ALIGN (0x4)
 *(.rodata*)
                0x0000000020000ed8                . = ALIGN (0x4)
 *(.data*)
 .data.striped_spin_lock_num
                0x0000000020000ed8        0x1 CMakeFiles/firmware.dir/home/vm/Documents/testClientServeur/pico-sdk/src/rp2_common/hardware_sync/sync.c.obj
 *fill*         0x0000000020000ed9        0x3 
 .data          0x0000000020000edc       0x48 CMakeFiles/firmware.dir/home/vm/Documents/testClientServeur/pico-sdk/src/rp2_common/hardware_irq/irq_handler_chain.S.obj
                0x0000000020000edc                irq_handler_chain_slots
                0x0000000020000f0c                irq_handler_chain_first_slot
                0x0000000020000f16                irq_handler_chain_remove_tail
 .data.default_alarm_pool
                0x0000000020000f24       0x18 CMakeFiles/firmware.dir/home/vm/Documents/testClientServeur/pico-sdk/src/common/pico_time/time.c.obj
 .data.default_alarm_pool_heap
                0x0000000020000f3c       0x10 CMakeFiles/firmware.dir/home/vm/Documents/testClientServeur/pico-sdk/src/common/pico_time/time.c.obj
 *fill*         0x0000000020000f4c        0x4 
 .data.aeabi_bits_funcs
                0x0000000020000f50       0x10 CMakeFiles/firmware.dir/home/vm/Documents/testClientServeur/pico-sdk/src/rp2_common/pico_bit_ops/bit_ops_aeabi.S.obj
                0x0000000020000f50                aeabi_bits_funcs
                0x0000000020000f60                aeabi_bits_funcs_end
 .data.aeabi_mem_funcs
                0x0000000020000f60       0x10 CMakeFiles/firmware.dir/home/vm/Documents/testClientServeur/pico-sdk/src/rp2_common/pico_mem_ops/mem_ops_aeabi.S.obj
                0x0000000020000f60                aeabi_mem_funcs
                0x0000000020000f70                aeabi_mem_funcs_end
 .data.stdio_uart
                0x0000000020000f70       0x18 CMakeFiles/firmware.dir/home/vm/Documents/testClientServeur/pico-sdk/src/rp2_common/pico_stdio_uart/stdio_uart.c.obj
                0x0000000020000f70                stdio_uart
 .data.stdio_usb
                0x0000000020000f88       0x18 CMakeFiles/firmware.dir/home/vm/Documents/testClientServeur/pico-sdk/src/rp2_common/pico_stdio_usb/stdio_usb.c.obj
                0x0000000020000f88                stdio_usb
 .data.ep_dir_string
                0x0000000020000fa0        0x8 CMakeFiles/firmware.dir/home/vm/Documents/testClientServeur/pico-sdk/lib/tinyusb/src/portable/raspberrypi/rp2040/rp2040_usb.c.obj
                0x0000000020000fa0                ep_dir_string
 .data._usbd_qdef
                0x0000000020000fa8       0x1c CMakeFiles/firmware.dir/home/vm/Documents/testClientServeur/pico-sdk/lib/tinyusb/src/device/usbd.c.obj
                0x0000000020000fa8                _usbd_qdef
 .data._usbd_rhport
                0x0000000020000fc4        0x1 CMakeFiles/firmware.dir/home/vm/Documents/testClientServeur/pico-sdk/lib/tinyusb/src/device/usbd.c.obj
 *fill*         0x0000000020000fc5        0x3 
 .data          0x0000000020000fc8      0x430 /usr/lib/gcc/arm-none-eabi/9.2.1/../../../arm-none-eabi/lib/thumb/v6-m/nofp/libc.a(lib_a-impure.o)
                0x0000000020000fc8                _impure_ptr
 .data          0x00000000200013f8      0x410 /usr/lib/gcc/arm-none-eabi/9.2.1/../../../arm-none-eabi/lib/thumb/v6-m/nofp/libc.a(lib_a-mallocr.o)
                0x00000000200013f8                __malloc_sbrk_base
                0x00000000200013fc                __malloc_trim_threshold
                0x0000000020001400                __malloc_av_
                0x0000000020001808                . = ALIGN (0x4)
 *(.after_data.*)
                0x0000000020001808                . = ALIGN (0x4)
                0x0000000020001808                PROVIDE (__mutex_array_start = .)
 *(SORT_BY_NAME(.mutex_array.*))
 *(.mutex_array)
 .mutex_array   0x0000000020001808        0x8 CMakeFiles/firmware.dir/home/vm/Documents/testClientServeur/pico-sdk/src/rp2_common/pico_stdio/stdio.c.obj
                0x0000000020001810                PROVIDE (__mutex_array_end = .)
                0x0000000020001810                . = ALIGN (0x4)
                0x0000000020001810                PROVIDE (__preinit_array_start = .)
 *(SORT_BY_NAME(.preinit_array.*))
 .preinit_array.00001
                0x0000000020001810        0x4 CMakeFiles/firmware.dir/home/vm/Documents/testClientServeur/pico-sdk/src/rp2_common/pico_mem_ops/mem_ops_aeabi.S.obj
 .preinit_array.00010
                0x0000000020001814        0x4 CMakeFiles/firmware.dir/home/vm/Documents/testClientServeur/pico-sdk/src/rp2_common/pico_bit_ops/bit_ops_aeabi.S.obj
 .preinit_array.00020
                0x0000000020001818        0x4 CMakeFiles/firmware.dir/home/vm/Documents/testClientServeur/pico-sdk/src/rp2_common/pico_double/double_aeabi.S.obj
 .preinit_array.00020
                0x000000002000181c        0x4 CMakeFiles/firmware.dir/home/vm/Documents/testClientServeur/pico-sdk/src/rp2_common/pico_float/float_aeabi.S.obj
 *(.preinit_array)
                0x0000000020001820                PROVIDE (__preinit_array_end = .)
                0x0000000020001820                . = ALIGN (0x4)
                0x0000000020001820                PROVIDE (__init_array_start = .)
 *(SORT_BY_NAME(.init_array.*))
 *(.init_array)
 .init_array    0x0000000020001820        0x4 /usr/lib/gcc/arm-none-eabi/9.2.1/thumb/v6-m/nofp/crtbegin.o
 .init_array    0x0000000020001824        0x4 CMakeFiles/firmware.dir/home/vm/Documents/testClientServeur/pico-sdk/src/rp2_common/pico_unique_id/unique_id.c.obj
                0x0000000020001828                PROVIDE (__init_array_end = .)
                0x0000000020001828                . = ALIGN (0x4)
                0x0000000020001828                PROVIDE (__fini_array_start = .)
 *(SORT_BY_NAME(.fini_array.*))
 *(.fini_array)
                0x0000000020001828                PROVIDE (__fini_array_end = .)
 *(.jcr)
                0x0000000020001828                . = ALIGN (0x4)
                0x0000000020001828                __data_end__ = .

.tm_clone_table
                0x0000000020001828        0x0 load address 0x0000000010009db4
 .tm_clone_table
                0x0000000020001828        0x0 /usr/lib/gcc/arm-none-eabi/9.2.1/thumb/v6-m/nofp/crtbegin.o
 .tm_clone_table
                0x0000000020001828        0x0 /usr/lib/gcc/arm-none-eabi/9.2.1/thumb/v6-m/nofp/crtend.o

.igot.plt       0x0000000020001828        0x0 load address 0x0000000010009db4
 .igot.plt      0x0000000020001828        0x0 /usr/lib/gcc/arm-none-eabi/9.2.1/thumb/v6-m/nofp/crtbegin.o

.uninitialized_data
                0x0000000020001828        0x0 load address 0x0000000010009db4
                0x0000000020001828                . = ALIGN (0x4)
 *(.uninitialized_data*)

.scratch_x      0x0000000020040000        0x0 load address 0x0000000010009db4
                0x0000000020040000                __scratch_x_start__ = .
 *(.scratch_x.*)
                0x0000000020040000                . = ALIGN (0x4)
                0x0000000020040000                __scratch_x_end__ = .
                0x0000000010009db4                __scratch_x_source__ = LOADADDR (.scratch_x)

.scratch_y      0x0000000020041000        0x0 load address 0x0000000010009db4
                0x0000000020041000                __scratch_y_start__ = .
 *(.scratch_y.*)
                0x0000000020041000                . = ALIGN (0x4)
                0x0000000020041000                __scratch_y_end__ = .
                0x0000000010009db4                __scratch_y_source__ = LOADADDR (.scratch_y)

.bss            0x0000000020001828      0xdd4
                0x0000000020001828                . = ALIGN (0x4)
                0x0000000020001828                __bss_start__ = .
 *(SORT_BY_ALIGNMENT(SORT_BY_NAME(.bss*)))
 .bss.default_alarm_pool_entries
                0x0000000020001828      0x100 CMakeFiles/firmware.dir/home/vm/Documents/testClientServeur/pico-sdk/src/common/pico_time/time.c.obj
 .bss.last_avail_time.7630
                0x0000000020001928        0x8 CMakeFiles/firmware.dir/home/vm/Documents/testClientServeur/pico-sdk/src/rp2_common/pico_stdio_usb/stdio_usb.c.obj
 .bss           0x0000000020001930       0x1c /usr/lib/gcc/arm-none-eabi/9.2.1/thumb/v6-m/nofp/crtbegin.o
 .bss           0x000000002000194c       0x34 /usr/lib/gcc/arm-none-eabi/9.2.1/../../../arm-none-eabi/lib/thumb/v6-m/nofp/libc.a(lib_a-mallocr.o)
                0x000000002000194c                __malloc_top_pad
                0x0000000020001950                __malloc_current_mallinfo
                0x0000000020001978                __malloc_max_sbrked_mem
                0x000000002000197c                __malloc_max_total_mem
 .bss._app_driver
                0x0000000020001980        0x4 CMakeFiles/firmware.dir/home/vm/Documents/testClientServeur/pico-sdk/lib/tinyusb/src/device/usbd.c.obj
 .bss._cdcd_itf
                0x0000000020001984      0x2c8 CMakeFiles/firmware.dir/home/vm/Documents/testClientServeur/pico-sdk/lib/tinyusb/src/class/cdc/cdc_device.c.obj
 .bss._ctrl_xfer
                0x0000000020001c4c       0x14 CMakeFiles/firmware.dir/home/vm/Documents/testClientServeur/pico-sdk/lib/tinyusb/src/device/usbd_control.c.obj
 .bss._ubsd_mutexdef
                0x0000000020001c60        0x8 CMakeFiles/firmware.dir/home/vm/Documents/testClientServeur/pico-sdk/lib/tinyusb/src/device/usbd.c.obj
 .bss._usbd_ctrl_buf
                0x0000000020001c68       0x40 CMakeFiles/firmware.dir/home/vm/Documents/testClientServeur/pico-sdk/lib/tinyusb/src/device/usbd_control.c.obj
 .bss._usbd_dev
                0x0000000020001ca8       0x53 CMakeFiles/firmware.dir/home/vm/Documents/testClientServeur/pico-sdk/lib/tinyusb/src/device/usbd.c.obj
 *fill*         0x0000000020001cfb        0x1 
 .bss._usbd_mutex
                0x0000000020001cfc        0x4 CMakeFiles/firmware.dir/home/vm/Documents/testClientServeur/pico-sdk/lib/tinyusb/src/device/usbd.c.obj
 .bss._usbd_q   0x0000000020001d00        0x4 CMakeFiles/firmware.dir/home/vm/Documents/testClientServeur/pico-sdk/lib/tinyusb/src/device/usbd.c.obj
 .bss.alarm_callbacks
                0x0000000020001d04       0x10 CMakeFiles/firmware.dir/home/vm/Documents/testClientServeur/pico-sdk/src/rp2_common/hardware_timer/timer.c.obj
 .bss.boot2_copyout
                0x0000000020001d14      0x100 CMakeFiles/firmware.dir/home/vm/Documents/testClientServeur/pico-sdk/src/rp2_common/hardware_flash/flash.c.obj
 .bss.chars_available_callback
                0x0000000020001e14        0x4 CMakeFiles/firmware.dir/home/vm/Documents/testClientServeur/pico-sdk/src/rp2_common/pico_stdio_uart/stdio_uart.c.obj
 .bss.chars_available_callback
                0x0000000020001e18        0x4 CMakeFiles/firmware.dir/home/vm/Documents/testClientServeur/pico-sdk/src/rp2_common/pico_stdio_usb/stdio_usb.c.obj
 .bss.chars_available_param
                0x0000000020001e1c        0x4 CMakeFiles/firmware.dir/home/vm/Documents/testClientServeur/pico-sdk/src/rp2_common/pico_stdio_uart/stdio_uart.c.obj
 .bss.chars_available_param
                0x0000000020001e20        0x4 CMakeFiles/firmware.dir/home/vm/Documents/testClientServeur/pico-sdk/src/rp2_common/pico_stdio_usb/stdio_usb.c.obj
 .bss.claimed   0x0000000020001e24        0x4 CMakeFiles/firmware.dir/home/vm/Documents/testClientServeur/pico-sdk/src/rp2_common/hardware_sync/sync.c.obj
 .bss.configured_freq
                0x0000000020001e28       0x28 CMakeFiles/firmware.dir/home/vm/Documents/testClientServeur/pico-sdk/src/rp2_common/hardware_clocks/clocks.c.obj
 .bss.default_alarm_pool_entry_ids_high
                0x0000000020001e50       0x10 CMakeFiles/firmware.dir/home/vm/Documents/testClientServeur/pico-sdk/src/common/pico_time/time.c.obj
 .bss.default_alarm_pool_heap_nodes
                0x0000000020001e60       0x30 CMakeFiles/firmware.dir/home/vm/Documents/testClientServeur/pico-sdk/src/common/pico_time/time.c.obj
 .bss.desc_str.7422
                0x0000000020001e90       0x28 CMakeFiles/firmware.dir/home/vm/Documents/testClientServeur/pico-sdk/src/rp2_common/pico_stdio_usb/stdio_usb_descriptors.c.obj
 .bss.drivers   0x0000000020001eb8        0x4 CMakeFiles/firmware.dir/home/vm/Documents/testClientServeur/pico-sdk/src/rp2_common/pico_stdio/stdio.c.obj
 .bss.e15_last_sof
                0x0000000020001ebc        0x4 CMakeFiles/firmware.dir/home/vm/Documents/testClientServeur/pico-sdk/lib/tinyusb/src/portable/raspberrypi/rp2040/rp2040_usb.c.obj
                0x0000000020001ebc                e15_last_sof
 .bss.filter    0x0000000020001ec0        0x4 CMakeFiles/firmware.dir/home/vm/Documents/testClientServeur/pico-sdk/src/rp2_common/pico_stdio/stdio.c.obj
 .bss.heap_end.6415
                0x0000000020001ec4        0x4 CMakeFiles/firmware.dir/home/vm/Documents/testClientServeur/pico-sdk/src/rp2_common/pico_runtime/runtime.c.obj
 .bss.hw_endpoints
                0x0000000020001ec8      0x400 CMakeFiles/firmware.dir/home/vm/Documents/testClientServeur/pico-sdk/lib/tinyusb/src/portable/raspberrypi/rp2040/dcd_rp2040.c.obj
 .bss.lazy_vsnprintf
                0x00000000200022c8        0x4 CMakeFiles/firmware.dir/home/vm/Documents/testClientServeur/pico-sdk/src/rp2_common/pico_printf/printf.c.obj
 .bss.load_value
                0x00000000200022cc        0x4 CMakeFiles/firmware.dir/home/vm/Documents/testClientServeur/pico-sdk/src/rp2_common/hardware_watchdog/watchdog.c.obj
 .bss.next_buffer_ptr
                0x00000000200022d0        0x4 CMakeFiles/firmware.dir/home/vm/Documents/testClientServeur/pico-sdk/lib/tinyusb/src/portable/raspberrypi/rp2040/dcd_rp2040.c.obj
 .bss.one_shot_timer_crit_sec
                0x00000000200022d4        0x8 CMakeFiles/firmware.dir/home/vm/Documents/testClientServeur/pico-sdk/src/rp2_common/pico_stdio_usb/stdio_usb.c.obj
 .bss.pools     0x00000000200022dc       0x10 CMakeFiles/firmware.dir/home/vm/Documents/testClientServeur/pico-sdk/src/common/pico_time/time.c.obj
 .bss.retrieved_id
                0x00000000200022ec        0x8 CMakeFiles/firmware.dir/home/vm/Documents/testClientServeur/pico-sdk/src/rp2_common/pico_unique_id/unique_id.c.obj
 .bss.sf_clz_func
                0x00000000200022f4        0x4 CMakeFiles/firmware.dir/home/vm/Documents/testClientServeur/pico-sdk/src/rp2_common/pico_double/double_init_rom.c.obj
                0x00000000200022f4                sf_clz_func
 .bss.sleep_notifier
                0x00000000200022f8        0x4 CMakeFiles/firmware.dir/home/vm/Documents/testClientServeur/pico-sdk/src/common/pico_time/time.c.obj
 .bss.stdio_usb_mutex
                0x00000000200022fc        0x8 CMakeFiles/firmware.dir/home/vm/Documents/testClientServeur/pico-sdk/src/rp2_common/pico_stdio_usb/stdio_usb.c.obj
 .bss.target_hi
                0x0000000020002304       0x10 CMakeFiles/firmware.dir/home/vm/Documents/testClientServeur/pico-sdk/src/rp2_common/hardware_timer/timer.c.obj
 .bss.uart_instance
                0x0000000020002314        0x4 CMakeFiles/firmware.dir/home/vm/Documents/testClientServeur/pico-sdk/src/rp2_common/pico_stdio_uart/stdio_uart.c.obj
 .bss.usbd_serial_str
                0x0000000020002318       0x11 CMakeFiles/firmware.dir/home/vm/Documents/testClientServeur/pico-sdk/src/rp2_common/pico_stdio_usb/stdio_usb_descriptors.c.obj
 .bss._app_driver_count
                0x0000000020002329        0x1 CMakeFiles/firmware.dir/home/vm/Documents/testClientServeur/pico-sdk/lib/tinyusb/src/device/usbd.c.obj
 .bss._sof_enable
                0x000000002000232a        0x1 CMakeFiles/firmware.dir/home/vm/Documents/testClientServeur/pico-sdk/lib/tinyusb/src/portable/raspberrypi/rp2040/dcd_rp2040.c.obj
 .bss.boot2_copyout_valid
                0x000000002000232b        0x1 CMakeFiles/firmware.dir/home/vm/Documents/testClientServeur/pico-sdk/src/rp2_common/hardware_flash/flash.c.obj
 .bss.claimed   0x000000002000232c        0x1 CMakeFiles/firmware.dir/home/vm/Documents/testClientServeur/pico-sdk/src/rp2_common/hardware_timer/timer.c.obj
 .bss.irq_hander_chain_free_slot_head
                0x000000002000232d        0x1 CMakeFiles/firmware.dir/home/vm/Documents/testClientServeur/pico-sdk/src/rp2_common/hardware_irq/irq.c.obj
 .bss.itf_num   0x000000002000232e        0x1 CMakeFiles/firmware.dir/home/vm/Documents/testClientServeur/pico-sdk/src/rp2_common/pico_stdio_usb/reset_interface.c.obj
 .bss.low_priority_irq_num
                0x000000002000232f        0x1 CMakeFiles/firmware.dir/home/vm/Documents/testClientServeur/pico-sdk/src/rp2_common/pico_stdio_usb/stdio_usb.c.obj
 .bss.one_shot_timer_pending
                0x0000000020002330        0x1 CMakeFiles/firmware.dir/home/vm/Documents/testClientServeur/pico-sdk/src/rp2_common/pico_stdio_usb/stdio_usb.c.obj
 .bss.timer_callbacks_pending
                0x0000000020002331        0x1 CMakeFiles/firmware.dir/home/vm/Documents/testClientServeur/pico-sdk/src/rp2_common/hardware_timer/timer.c.obj
 .bss.user_irq_claimed
                0x0000000020002332        0x1 CMakeFiles/firmware.dir/home/vm/Documents/testClientServeur/pico-sdk/src/rp2_common/hardware_irq/irq.c.obj
 *(COMMON)
 *fill*         0x0000000020002333        0x1 
 COMMON         0x0000000020002334        0x4 CMakeFiles/firmware.dir/home/vm/Documents/testClientServeur/pico-sdk/src/rp2_common/hardware_uart/uart.c.obj
                0x0000000020002334                uart_char_to_line_feed
 COMMON         0x0000000020002338      0x100 CMakeFiles/firmware.dir/home/vm/Documents/testClientServeur/pico-sdk/src/rp2_common/pico_double/double_init_rom.c.obj
                0x0000000020002338                sd_table
 COMMON         0x0000000020002438      0x100 CMakeFiles/firmware.dir/home/vm/Documents/testClientServeur/pico-sdk/src/rp2_common/pico_float/float_init_rom.c.obj
                0x0000000020002438                sf_table
 COMMON         0x0000000020002538       0xc0 CMakeFiles/firmware.dir/home/vm/Documents/testClientServeur/pico-sdk/lib/tinyusb/src/device/usbd.c.obj
                0x0000000020002538                _usbd_qdef_buf
 COMMON         0x00000000200025f8        0x4 /usr/lib/gcc/arm-none-eabi/9.2.1/../../../arm-none-eabi/lib/thumb/v6-m/nofp/libc.a(lib_a-reent.o)