Archive member included to satisfy reference by file (symbol)

/usr/lib/gcc/arm-none-eabi/9.2.1/thumb/v6-m/nofp/libgcc.a(_dvmd_tls.o)
                              CMakeFiles/firmware.dir/home/vm/Documents/pico/pico-sdk/src/rp2_common/pico_divider/divider.S.obj (__aeabi_idiv0)
/usr/lib/gcc/arm-none-eabi/9.2.1/../../../arm-none-eabi/lib/thumb/v6-m/nofp/libc.a(lib_a-atexit.o)
                              /usr/lib/gcc/arm-none-eabi/9.2.1/../../../arm-none-eabi/lib/thumb/v6-m/nofp/crt0.o (atexit)
/usr/lib/gcc/arm-none-eabi/9.2.1/../../../arm-none-eabi/lib/thumb/v6-m/nofp/libc.a(lib_a-calloc.o)
                              CMakeFiles/firmware.dir/home/vm/Documents/pico/pico-sdk/src/rp2_common/pico_malloc/pico_malloc.c.obj (calloc)
/usr/lib/gcc/arm-none-eabi/9.2.1/../../../arm-none-eabi/lib/thumb/v6-m/nofp/libc.a(lib_a-callocr.o)
                              /usr/lib/gcc/arm-none-eabi/9.2.1/../../../arm-none-eabi/lib/thumb/v6-m/nofp/libc.a(lib_a-calloc.o) (_calloc_r)
/usr/lib/gcc/arm-none-eabi/9.2.1/../../../arm-none-eabi/lib/thumb/v6-m/nofp/libc.a(lib_a-fini.o)
                              /usr/lib/gcc/arm-none-eabi/9.2.1/../../../arm-none-eabi/lib/thumb/v6-m/nofp/crt0.o (__libc_fini_array)
/usr/lib/gcc/arm-none-eabi/9.2.1/../../../arm-none-eabi/lib/thumb/v6-m/nofp/libc.a(lib_a-impure.o)
                              /usr/lib/gcc/arm-none-eabi/9.2.1/../../../arm-none-eabi/lib/thumb/v6-m/nofp/libc.a(lib_a-calloc.o) (_impure_ptr)
/usr/lib/gcc/arm-none-eabi/9.2.1/../../../arm-none-eabi/lib/thumb/v6-m/nofp/libc.a(lib_a-init.o)
                              /usr/lib/gcc/arm-none-eabi/9.2.1/../../../arm-none-eabi/lib/thumb/v6-m/nofp/crt0.o (__libc_init_array)
/usr/lib/gcc/arm-none-eabi/9.2.1/../../../arm-none-eabi/lib/thumb/v6-m/nofp/libc.a(lib_a-malloc.o)
                              CMakeFiles/firmware.dir/home/vm/Documents/pico/pico-sdk/src/rp2_common/pico_malloc/pico_malloc.c.obj (malloc)
/usr/lib/gcc/arm-none-eabi/9.2.1/../../../arm-none-eabi/lib/thumb/v6-m/nofp/libc.a(lib_a-mallocr.o)
                              /usr/lib/gcc/arm-none-eabi/9.2.1/../../../arm-none-eabi/lib/thumb/v6-m/nofp/libc.a(lib_a-callocr.o) (_malloc_r)
/usr/lib/gcc/arm-none-eabi/9.2.1/../../../arm-none-eabi/lib/thumb/v6-m/nofp/libc.a(lib_a-mlock.o)
                              /usr/lib/gcc/arm-none-eabi/9.2.1/../../../arm-none-eabi/lib/thumb/v6-m/nofp/libc.a(lib_a-mallocr.o) (__malloc_lock)
/usr/lib/gcc/arm-none-eabi/9.2.1/../../../arm-none-eabi/lib/thumb/v6-m/nofp/libc.a(lib_a-realloc.o)
                              CMakeFiles/firmware.dir/home/vm/Documents/pico/pico-sdk/src/rp2_common/pico_malloc/pico_malloc.c.obj (realloc)
/usr/lib/gcc/arm-none-eabi/9.2.1/../../../arm-none-eabi/lib/thumb/v6-m/nofp/libc.a(lib_a-reallocr.o)
                              /usr/lib/gcc/arm-none-eabi/9.2.1/../../../arm-none-eabi/lib/thumb/v6-m/nofp/libc.a(lib_a-realloc.o) (_realloc_r)
/usr/lib/gcc/arm-none-eabi/9.2.1/../../../arm-none-eabi/lib/thumb/v6-m/nofp/libc.a(lib_a-sbrkr.o)
                              /usr/lib/gcc/arm-none-eabi/9.2.1/../../../arm-none-eabi/lib/thumb/v6-m/nofp/libc.a(lib_a-mallocr.o) (_sbrk_r)
/usr/lib/gcc/arm-none-eabi/9.2.1/../../../arm-none-eabi/lib/thumb/v6-m/nofp/libc.a(lib_a-sscanf.o)
                              CMakeFiles/firmware.dir/firmware.c.obj (sscanf)
/usr/lib/gcc/arm-none-eabi/9.2.1/../../../arm-none-eabi/lib/thumb/v6-m/nofp/libc.a(lib_a-stdio.o)
                              /usr/lib/gcc/arm-none-eabi/9.2.1/../../../arm-none-eabi/lib/thumb/v6-m/nofp/libc.a(lib_a-sscanf.o) (__seofread)
/usr/lib/gcc/arm-none-eabi/9.2.1/../../../arm-none-eabi/lib/thumb/v6-m/nofp/libc.a(lib_a-strlen-stub.o)
                              CMakeFiles/firmware.dir/firmware.c.obj (strlen)
/usr/lib/gcc/arm-none-eabi/9.2.1/../../../arm-none-eabi/lib/thumb/v6-m/nofp/libc.a(lib_a-svfscanf.o)
                              /usr/lib/gcc/arm-none-eabi/9.2.1/../../../arm-none-eabi/lib/thumb/v6-m/nofp/libc.a(lib_a-sscanf.o) (__ssvfscanf_r)
/usr/lib/gcc/arm-none-eabi/9.2.1/../../../arm-none-eabi/lib/thumb/v6-m/nofp/libc.a(lib_a-writer.o)
                              /usr/lib/gcc/arm-none-eabi/9.2.1/../../../arm-none-eabi/lib/thumb/v6-m/nofp/libc.a(lib_a-stdio.o) (_write_r)
/usr/lib/gcc/arm-none-eabi/9.2.1/../../../arm-none-eabi/lib/thumb/v6-m/nofp/libc.a(lib_a-__atexit.o)
                              /usr/lib/gcc/arm-none-eabi/9.2.1/../../../arm-none-eabi/lib/thumb/v6-m/nofp/libc.a(lib_a-atexit.o) (__register_exitproc)
/usr/lib/gcc/arm-none-eabi/9.2.1/../../../arm-none-eabi/lib/thumb/v6-m/nofp/libc.a(lib_a-closer.o)
                              /usr/lib/gcc/arm-none-eabi/9.2.1/../../../arm-none-eabi/lib/thumb/v6-m/nofp/libc.a(lib_a-stdio.o) (_close_r)
/usr/lib/gcc/arm-none-eabi/9.2.1/../../../arm-none-eabi/lib/thumb/v6-m/nofp/libc.a(lib_a-ctype_.o)
                              /usr/lib/gcc/arm-none-eabi/9.2.1/../../../arm-none-eabi/lib/thumb/v6-m/nofp/libc.a(lib_a-svfscanf.o) (_ctype_)
[...]
Memory Configuration

Name             Origin             Length             Attributes
FLASH            0x0000000010000000 0x0000000000200000 xr
RAM              0x0000000020000000 0x0000000000040000 xrw
SCRATCH_X        0x0000000020040000 0x0000000000001000 xrw
SCRATCH_Y        0x0000000020041000 0x0000000000001000 xrw
*default*        0x0000000000000000 0xffffffffffffffff

Linker script and memory map

LOAD /usr/lib/gcc/arm-none-eabi/9.2.1/thumb/v6-m/nofp/crti.o
LOAD /usr/lib/gcc/arm-none-eabi/9.2.1/thumb/v6-m/nofp/crtbegin.o
LOAD /usr/lib/gcc/arm-none-eabi/9.2.1/../../../arm-none-eabi/lib/thumb/v6-m/nofp/crt0.o

.flash_begin    0x0000000010000000        0x0
                0x0000000010000000                __flash_binary_start = .

.boot2          0x0000000010000000      0x100
                0x0000000010000000                __boot2_start__ = .
 *(.boot2)
 .boot2         0x0000000010000000      0x100 /tmp/ccxr8Spo.o
                0x0000000010000100                __boot2_end__ = .
                0x0000000000000001                ASSERT (((__boot2_end__ - __boot2_start__) == 0x100), ERROR: Pico second stage bootloader must be 256 bytes in size)

.text           0x0000000010000100     0x8948
                0x0000000010000100                __logical_binary_start = .
 *(.vectors)
 .vectors       0x0000000010000100       0xd4 CMakeFiles/firmware.dir/home/vm/Documents/pico/pico-sdk/src/rp2_common/pico_standard_link/crt0.S.obj
                0x0000000010000100                __vectors
                0x0000000010000100                __VECTOR_TABLE
                0x00000000100001c0                isr_invalid
                0x00000000100001c0                __default_isrs_start
                0x00000000100001c2                isr_nmi
                0x00000000100001c4                isr_hardfault
                0x00000000100001c6                isr_svcall
                0x00000000100001c8                isr_pendsv
                0x00000000100001ca                isr_systick
                0x00000000100001cc                isr_irq30
                0x00000000100001cc                __unhandled_user_irq
                0x00000000100001cc                isr_irq13
                0x00000000100001cc                isr_irq27
                0x00000000100001cc                isr_irq31
                0x00000000100001cc                isr_irq5
                0x00000000100001cc                isr_irq11
                0x00000000100001cc                isr_irq23
                0x00000000100001cc                isr_irq18
                0x00000000100001cc                isr_irq28
                0x00000000100001cc                isr_irq19
                0x00000000100001cc                isr_irq0
                0x00000000100001cc                isr_irq6
                0x00000000100001cc                isr_irq22
                0x00000000100001cc                isr_irq17
                0x00000000100001cc                isr_irq14
                0x00000000100001cc                isr_irq2
                0x00000000100001cc                isr_irq10
                0x00000000100001cc                isr_irq8
                0x00000000100001cc                isr_irq24
                0x00000000100001cc                isr_irq1
                0x00000000100001cc                isr_irq7
                0x00000000100001cc                isr_irq21
                0x00000000100001cc                isr_irq20
                0x00000000100001cc                isr_irq15
                0x00000000100001cc                isr_irq25
                0x00000000100001cc                isr_irq4
                0x00000000100001cc                isr_irq16
                0x00000000100001cc                isr_irq29
                0x00000000100001cc                isr_irq26
                0x00000000100001cc                __default_isrs_end
                0x00000000100001cc                isr_irq3
                0x00000000100001cc                isr_irq12
                0x00000000100001cc                isr_irq9
                0x00000000100001d2                unhandled_user_irq_num_in_r0
 *(.binary_info_header)
 .binary_info_header
                0x00000000100001d4       0x14 CMakeFiles/firmware.dir/home/vm/Documents/pico/pico-sdk/src/rp2_common/pico_standard_link/crt0.S.obj
                0x00000000100001e8                __binary_info_header_end = .
 *(.reset)
 .reset         0x00000000100001e8       0xa8 CMakeFiles/firmware.dir/home/vm/Documents/pico/pico-sdk/src/rp2_common/pico_standard_link/crt0.S.obj
                0x00000000100001e8                _entry_point
                0x0000000010000266                __get_current_exception
 .reset         0x0000000010000290       0x30 CMakeFiles/firmware.dir/home/vm/Documents/pico/pico-sdk/src/rp2_common/pico_standard_link/binary_info.c.obj
 *(.init)
 .init          0x00000000100002c0        0x4 /usr/lib/gcc/arm-none-eabi/9.2.1/thumb/v6-m/nofp/crti.o
                0x00000000100002c0                _init
 *(EXCLUDE_FILE(*libm.a: *libc.a:*lib_a-mem*.o *libgcc.a:) .text*)
 .text          0x00000000100002c4       0x98 /usr/lib/gcc/arm-none-eabi/9.2.1/thumb/v6-m/nofp/crtbegin.o
 .text.exceptionCallback
                0x000000001000035c        0x4 CMakeFiles/firmware.dir/firmware.c.obj
                0x000000001000035c                exceptionCallback
 .text.registerCallback
                0x0000000010000360      0x114 CMakeFiles/firmware.dir/firmware.c.obj
                0x0000000010000360                registerCallback
 .text.modbusDefaultAllocator
                0x0000000010000474       0x30 CMakeFiles/firmware.dir/firmware.c.obj
                0x0000000010000474                modbusDefaultAllocator
 .text.modbusBuildException
                0x00000000100004a4       0x50 CMakeFiles/firmware.dir/firmware.c.obj
                0x00000000100004a4                modbusBuildException
 .text.modbusParseRequest01020304
                0x00000000100004f4      0x1e4 CMakeFiles/firmware.dir/firmware.c.obj
                0x00000000100004f4                modbusParseRequest01020304
 .text.modbusParseRequest0506
                0x00000000100006d8      0x128 CMakeFiles/firmware.dir/firmware.c.obj
                0x00000000100006d8                modbusParseRequest0506
 .text.modbusParseRequest1516
                0x0000000010000800      0x248 CMakeFiles/firmware.dir/firmware.c.obj
                0x0000000010000800                modbusParseRequest1516
 .text.modbusParseRequest22
                0x0000000010000a48      0x150 CMakeFiles/firmware.dir/firmware.c.obj
                0x0000000010000a48                modbusParseRequest22
 .text.startup.main
                0x0000000010000b98      0x344 CMakeFiles/firmware.dir/firmware.c.obj
                0x0000000010000b98                main
 .text.gpio_set_function
                0x0000000010000edc       0x30 CMakeFiles/firmware.dir/home/vm/Documents/pico/pico-sdk/src/rp2_common/hardware_gpio/gpio.c.obj
                0x0000000010000edc                gpio_set_function
 .text.gpio_init
                0x0000000010000f0c       0x3c CMakeFiles/firmware.dir/home/vm/Documents/pico/pico-sdk/src/rp2_common/hardware_gpio/gpio.c.obj
                0x0000000010000f0c                gpio_init
 .text.hw_claim_or_assert
                0x0000000010000f48       0x48 CMakeFiles/firmware.dir/home/vm/Documents/pico/pico-sdk/src/rp2_common/hardware_claim/claim.c.obj
                0x0000000010000f48                hw_claim_or_assert
 .text.hw_claim_unused_from_range
                0x0000000010000f90       0x9c CMakeFiles/firmware.dir/home/vm/Documents/pico/pico-sdk/src/rp2_common/hardware_claim/claim.c.obj
                0x0000000010000f90                hw_claim_unused_from_range
 .text.running_on_fpga
                0x000000001000102c       0x10 CMakeFiles/firmware.dir/home/vm/Documents/pico/pico-sdk/src/rp2_common/pico_platform/platform.c.obj
                0x000000001000102c                running_on_fpga
 .text.spin_locks_reset
                0x000000001000103c       0x1c CMakeFiles/firmware.dir/home/vm/Documents/pico/pico-sdk/src/rp2_common/hardware_sync/sync.c.obj
                0x000000001000103c                spin_locks_reset
 .text.next_striped_spin_lock_num
                0x0000000010001058       0x18 CMakeFiles/firmware.dir/home/vm/Documents/pico/pico-sdk/src/rp2_common/hardware_sync/sync.c.obj
                0x0000000010001058                next_striped_spin_lock_num
 .text.spin_lock_claim_unused
                0x0000000010001070       0x20 CMakeFiles/firmware.dir/home/vm/Documents/pico/pico-sdk/src/rp2_common/hardware_sync/sync.c.obj
                0x0000000010001070                spin_lock_claim_unused
 .text.irq_set_enabled
                0x0000000010001090       0x24 CMakeFiles/firmware.dir/home/vm/Documents/pico/pico-sdk/src/rp2_common/hardware_irq/irq.c.obj
                0x0000000010001090                irq_set_enabled
 .text.irq_set_pending
                0x00000000100010b4       0x10 CMakeFiles/firmware.dir/home/vm/Documents/pico/pico-sdk/src/rp2_common/hardware_irq/irq.c.obj
                0x00000000100010b4                irq_set_pending
 .text.irq_has_shared_handler
                0x00000000100010c4       0x2c CMakeFiles/firmware.dir/home/vm/Documents/pico/pico-sdk/src/rp2_common/hardware_irq/irq.c.obj
                0x00000000100010c4                irq_has_shared_handler
 .text.irq_get_vtable_handler
                0x00000000100010f0       0x10 CMakeFiles/firmware.dir/home/vm/Documents/pico/pico-sdk/src/rp2_common/hardware_irq/irq.c.obj
                0x00000000100010f0                irq_get_vtable_handler
 .text.irq_set_exclusive_handler
                0x0000000010001100       0x54 CMakeFiles/firmware.dir/home/vm/Documents/pico/pico-sdk/src/rp2_common/hardware_irq/irq.c.obj
                0x0000000010001100                irq_set_exclusive_handler
 .text.irq_add_shared_handler
                0x0000000010001154      0x1c0 CMakeFiles/firmware.dir/home/vm/Documents/pico/pico-sdk/src/rp2_common/hardware_irq/irq.c.obj
                0x0000000010001154                irq_add_shared_handler
 .text.irq_remove_handler
                0x0000000010001314      0x1b4 CMakeFiles/firmware.dir/home/vm/Documents/pico/pico-sdk/src/rp2_common/hardware_irq/irq.c.obj
                0x0000000010001314                irq_remove_handler
 .text.irq_add_tail_to_free_list
                0x00000000100014c8       0xb8 CMakeFiles/firmware.dir/home/vm/Documents/pico/pico-sdk/src/rp2_common/hardware_irq/irq.c.obj
                0x00000000100014c8                irq_add_tail_to_free_list
 .text.irq_init_priorities
                0x0000000010001580       0x24 CMakeFiles/firmware.dir/home/vm/Documents/pico/pico-sdk/src/rp2_common/hardware_irq/irq.c.obj
                0x0000000010001580                irq_init_priorities
 .text.user_irq_claim_unused
                0x00000000100015a4       0x30 CMakeFiles/firmware.dir/home/vm/Documents/pico/pico-sdk/src/rp2_common/hardware_irq/irq.c.obj
                0x00000000100015a4                user_irq_claim_unused
 .text.lock_init
                0x00000000100015d4       0x10 CMakeFiles/firmware.dir/home/vm/Documents/pico/pico-sdk/src/common/pico_sync/lock_core.c.obj
                0x00000000100015d4                lock_init
 .text.timer_pool_entry_comparator
                0x00000000100015e4       0x34 CMakeFiles/firmware.dir/home/vm/Documents/pico/pico-sdk/src/common/pico_time/time.c.obj
                0x00000000100015e4                timer_pool_entry_comparator
 .text.sleep_until_callback
                0x0000000010001618       0x30 CMakeFiles/firmware.dir/home/vm/Documents/pico/pico-sdk/src/common/pico_time/time.c.obj
 .text.alarm_pool_add_alarm_at.constprop.0
                0x0000000010001648      0x128 CMakeFiles/firmware.dir/home/vm/Documents/pico/pico-sdk/src/common/pico_time/time.c.obj
 .text.add_alarm_under_lock
                0x0000000010001770      0x108 CMakeFiles/firmware.dir/home/vm/Documents/pico/pico-sdk/src/common/pico_time/time.c.obj
 .text.alarm_pool_alarm_callback
                0x0000000010001878      0x1c8 CMakeFiles/firmware.dir/home/vm/Documents/pico/pico-sdk/src/common/pico_time/time.c.obj
 .text.alarm_pool_init_default
                0x0000000010001a40       0x64 CMakeFiles/firmware.dir/home/vm/Documents/pico/pico-sdk/src/common/pico_time/time.c.obj
                0x0000000010001a40                alarm_pool_init_default
 .text.alarm_pool_get_default
                0x0000000010001aa4        0x8 CMakeFiles/firmware.dir/home/vm/Documents/pico/pico-sdk/src/common/pico_time/time.c.obj
                0x0000000010001aa4                alarm_pool_get_default
 .text.alarm_pool_add_alarm_at
                0x0000000010001aac      0x1ac CMakeFiles/firmware.dir/home/vm/Documents/pico/pico-sdk/src/common/pico_time/time.c.obj
                0x0000000010001aac                alarm_pool_add_alarm_at
 .text.best_effort_wfe_or_timeout
                0x0000000010001c58       0xd4 CMakeFiles/firmware.dir/home/vm/Documents/pico/pico-sdk/src/common/pico_time/time.c.obj
                0x0000000010001c58                best_effort_wfe_or_timeout
 .text.hardware_alarm_irq_handler
                0x0000000010001d2c       0xb8 CMakeFiles/firmware.dir/home/vm/Documents/pico/pico-sdk/src/rp2_common/hardware_timer/timer.c.obj
 .text.hardware_alarm_claim
                0x0000000010001de4       0x18 CMakeFiles/firmware.dir/home/vm/Documents/pico/pico-sdk/src/rp2_common/hardware_timer/timer.c.obj
                0x0000000010001de4                hardware_alarm_claim
 .text.time_us_64
                0x0000000010001dfc       0x14 CMakeFiles/firmware.dir/home/vm/Documents/pico/pico-sdk/src/rp2_common/hardware_timer/timer.c.obj
                0x0000000010001dfc                time_us_64
 .text.busy_wait_us
                0x0000000010001e10       0x54 CMakeFiles/firmware.dir/home/vm/Documents/pico/pico-sdk/src/rp2_common/hardware_timer/timer.c.obj
                0x0000000010001e10                busy_wait_us
 .text.hardware_alarm_set_callback
                0x0000000010001e64       0x8c CMakeFiles/firmware.dir/home/vm/Documents/pico/pico-sdk/src/rp2_common/hardware_timer/timer.c.obj
                0x0000000010001e64                hardware_alarm_set_callback
 .text.hardware_alarm_set_target
                0x0000000010001ef0       0xe4 CMakeFiles/firmware.dir/home/vm/Documents/pico/pico-sdk/src/rp2_common/hardware_timer/timer.c.obj
                0x0000000010001ef0                hardware_alarm_set_target
 .text.hardware_alarm_cancel
                0x0000000010001fd4       0x40 CMakeFiles/firmware.dir/home/vm/Documents/pico/pico-sdk/src/rp2_common/hardware_timer/timer.c.obj
                0x0000000010001fd4                hardware_alarm_cancel
 .text.ph_merge_nodes
                0x0000000010002014       0x68 CMakeFiles/firmware.dir/home/vm/Documents/pico/pico-sdk/src/common/pico_util/pheap.c.obj
 .text.ph_post_alloc_init
                0x000000001000207c       0x3c CMakeFiles/firmware.dir/home/vm/Documents/pico/pico-sdk/src/common/pico_util/pheap.c.obj
                0x000000001000207c                ph_post_alloc_init
 .text.ph_merge_two_pass
                0x00000000100020b8       0x90 CMakeFiles/firmware.dir/home/vm/Documents/pico/pico-sdk/src/common/pico_util/pheap.c.obj
                0x00000000100020b8                ph_merge_two_pass
 .text.ph_remove_any_head
                0x0000000010002148       0xf8 CMakeFiles/firmware.dir/home/vm/Documents/pico/pico-sdk/src/common/pico_util/pheap.c.obj
 .text.ph_remove_head
                0x0000000010002240      0x13c CMakeFiles/firmware.dir/home/vm/Documents/pico/pico-sdk/src/common/pico_util/pheap.c.obj
                0x0000000010002240                ph_remove_head
 .text.ph_remove_and_free_node
                0x000000001000237c       0x7c CMakeFiles/firmware.dir/home/vm/Documents/pico/pico-sdk/src/common/pico_util/pheap.c.obj
                0x000000001000237c                ph_remove_and_free_node
 .text.mutex_init
                0x00000000100023f8       0x1c CMakeFiles/firmware.dir/home/vm/Documents/pico/pico-sdk/src/common/pico_sync/mutex.c.obj
                0x00000000100023f8                mutex_init
 .text.recursive_mutex_init
                0x0000000010002414       0x1c CMakeFiles/firmware.dir/home/vm/Documents/pico/pico-sdk/src/common/pico_sync/mutex.c.obj
                0x0000000010002414                recursive_mutex_init
 .text.critical_section_init
                0x0000000010002430       0x1c CMakeFiles/firmware.dir/home/vm/Documents/pico/pico-sdk/src/common/pico_sync/critical_section.c.obj
                0x0000000010002430                critical_section_init
 .text.uart_init
                0x000000001000244c       0xe4 CMakeFiles/firmware.dir/home/vm/Documents/pico/pico-sdk/src/rp2_common/hardware_uart/uart.c.obj
                0x000000001000244c                uart_init
 .text.runtime_init
                0x0000000010002530       0xf0 CMakeFiles/firmware.dir/home/vm/Documents/pico/pico-sdk/src/rp2_common/pico_runtime/runtime.c.obj
                0x0000000010002530                runtime_init
 .text._sbrk    0x0000000010002620       0x34 CMakeFiles/firmware.dir/home/vm/Documents/pico/pico-sdk/src/rp2_common/pico_runtime/runtime.c.obj
                0x0000000010002620                _sbrk
 .text.exit     0x0000000010002654        0x4 CMakeFiles/firmware.dir/home/vm/Documents/pico/pico-sdk/src/rp2_common/pico_runtime/runtime.c.obj
                0x0000000010002654                exit
 .text.panic    0x0000000010002658       0x30 CMakeFiles/firmware.dir/home/vm/Documents/pico/pico-sdk/src/rp2_common/pico_runtime/runtime.c.obj
                0x0000000010002658                panic
 .text.hard_assertion_failure
                0x0000000010002688        0xc CMakeFiles/firmware.dir/home/vm/Documents/pico/pico-sdk/src/rp2_common/pico_runtime/runtime.c.obj
                0x0000000010002688                hard_assertion_failure
 .text.clocks_init
                0x0000000010002694      0x2bc CMakeFiles/firmware.dir/home/vm/Documents/pico/pico-sdk/src/rp2_common/hardware_clocks/clocks.c.obj
                0x0000000010002694                clocks_init
 .text.clock_get_hz
                0x0000000010002950        0xc CMakeFiles/firmware.dir/home/vm/Documents/pico/pico-sdk/src/rp2_common/hardware_clocks/clocks.c.obj
                0x0000000010002950                clock_get_hz
 .text.pll_init
                0x000000001000295c       0xa8 CMakeFiles/firmware.dir/home/vm/Documents/pico/pico-sdk/src/rp2_common/hardware_pll/pll.c.obj
                0x000000001000295c                pll_init
 .text.watchdog_start_tick
                0x0000000010002a04       0x10 CMakeFiles/firmware.dir/home/vm/Documents/pico/pico-sdk/src/rp2_common/hardware_watchdog/watchdog.c.obj
                0x0000000010002a04                watchdog_start_tick
 .text.watchdog_reboot
                0x0000000010002a14       0x98 CMakeFiles/firmware.dir/home/vm/Documents/pico/pico-sdk/src/rp2_common/hardware_watchdog/watchdog.c.obj
                0x0000000010002a14                watchdog_reboot
 .text.xosc_init
                0x0000000010002aac       0x28 CMakeFiles/firmware.dir/home/vm/Documents/pico/pico-sdk/src/rp2_common/hardware_xosc/xosc.c.obj
                0x0000000010002aac                xosc_init
 .text._out_buffer
                0x0000000010002ad4        0x8 CMakeFiles/firmware.dir/home/vm/Documents/pico/pico-sdk/src/rp2_common/pico_printf/printf.c.obj
 .text._out_null
                0x0000000010002adc        0x4 CMakeFiles/firmware.dir/home/vm/Documents/pico/pico-sdk/src/rp2_common/pico_printf/printf.c.obj
 .text._out_rev
                0x0000000010002ae0       0xd0 CMakeFiles/firmware.dir/home/vm/Documents/pico/pico-sdk/src/rp2_common/pico_printf/printf.c.obj
 .text._ntoa_format
                0x0000000010002bb0      0x1d0 CMakeFiles/firmware.dir/home/vm/Documents/pico/pico-sdk/src/rp2_common/pico_printf/printf.c.obj
 .text._out_char
                0x0000000010002d80       0x10 CMakeFiles/firmware.dir/home/vm/Documents/pico/pico-sdk/src/rp2_common/pico_printf/printf.c.obj
 .text._etoa    0x0000000010002d90      0x478 CMakeFiles/firmware.dir/home/vm/Documents/pico/pico-sdk/src/rp2_common/pico_printf/printf.c.obj
 .text._ftoa    0x0000000010003208      0x3e0 CMakeFiles/firmware.dir/home/vm/Documents/pico/pico-sdk/src/rp2_common/pico_printf/printf.c.obj
 .text._vsnprintf
                0x00000000100035e8      0xb08 CMakeFiles/firmware.dir/home/vm/Documents/pico/pico-sdk/src/rp2_common/pico_printf/printf.c.obj
 .text.__wrap_sprintf
                0x00000000100040f0       0x28 CMakeFiles/firmware.dir/home/vm/Documents/pico/pico-sdk/src/rp2_common/pico_printf/printf.c.obj
                0x00000000100040f0                __wrap_sprintf
 .text.weak_raw_vprintf
                0x0000000010004118       0x30 CMakeFiles/firmware.dir/home/vm/Documents/pico/pico-sdk/src/rp2_common/pico_printf/printf.c.obj
                0x0000000010004118                weak_raw_vprintf
 .text          0x0000000010004148       0x10 CMakeFiles/firmware.dir/home/vm/Documents/pico/pico-sdk/src/rp2_common/pico_bit_ops/bit_ops_aeabi.S.obj
 .text.rom_func_lookup
                0x0000000010004158       0x10 CMakeFiles/firmware.dir/home/vm/Documents/pico/pico-sdk/src/rp2_common/pico_bootrom/bootrom.c.obj
                0x0000000010004158                rom_func_lookup
 .text.rom_data_lookup
                0x0000000010004168       0x10 CMakeFiles/firmware.dir/home/vm/Documents/pico/pico-sdk/src/rp2_common/pico_bootrom/bootrom.c.obj
                0x0000000010004168                rom_data_lookup
 .text.rom_funcs_lookup
                0x0000000010004178       0x3c CMakeFiles/firmware.dir/home/vm/Documents/pico/pico-sdk/src/rp2_common/pico_bootrom/bootrom.c.obj
                0x0000000010004178                rom_funcs_lookup
 .text.__wrap___aeabi_idiv
                0x00000000100041b4       0x50 CMakeFiles/firmware.dir/home/vm/Documents/pico/pico-sdk/src/rp2_common/pico_divider/divider.S.obj
                0x00000000100041b4                __wrap___aeabi_idivmod
                0x00000000100041b4                divmod_s32s32
                0x00000000100041b4                div_s32s32
                0x00000000100041b4                __wrap___aeabi_idiv
                0x00000000100041bc                divmod_s32s32_unsafe
                0x00000000100041e8                divmod_s32s32_savestate
 .text.__wrap___aeabi_uidiv
                0x0000000010004204       0x4c CMakeFiles/firmware.dir/home/vm/Documents/pico/pico-sdk/src/rp2_common/pico_divider/divider.S.obj
                0x0000000010004204                __wrap___aeabi_uidiv
                0x0000000010004204                __wrap___aeabi_uidivmod
                0x0000000010004204                div_u32u32
                0x0000000010004204                divmod_u32u32
                0x000000001000420c                divmod_u32u32_unsafe
                0x0000000010004234                divmod_u32u32_savestate
 .text.__wrap___aeabi_ldiv
                0x0000000010004250      0x434 CMakeFiles/firmware.dir/home/vm/Documents/pico/pico-sdk/src/rp2_common/pico_divider/divider.S.obj
                0x0000000010004250                div_s64s64
                0x0000000010004250                divmod_s64s64
                0x0000000010004250                __wrap___aeabi_ldivmod
                0x0000000010004288                div_u64u64
                0x0000000010004288                divmod_u64u64
                0x0000000010004288                __wrap___aeabi_uldivmod
                0x0000000010004298                divmod_u64u64_savestate
                0x00000000100042c0                divmod_s64s64_unsafe
                0x0000000010004348                divmod_u64u64_unsafe
 .text.__wrap___aeabi_darithmetic
                0x0000000010004684       0x80 CMakeFiles/firmware.dir/home/vm/Documents/pico/pico-sdk/src/rp2_common/pico_double/double_aeabi.S.obj
                0x0000000010004684                __wrap___aeabi_drsub
                0x000000001000468a                __wrap___aeabi_dsub
                0x000000001000469c                __wrap___aeabi_dadd
                0x00000000100046ae                __wrap___aeabi_ddiv
                0x00000000100046ea                __wrap___aeabi_dmul
 .text.__wrap___aeabi_cdcmple
                0x0000000010004704       0x6c CMakeFiles/firmware.dir/home/vm/Documents/pico/pico-sdk/src/rp2_common/pico_double/double_aeabi.S.obj
                0x0000000010004704                __wrap___aeabi_cdrcmple
                0x0000000010004714                __wrap___aeabi_cdcmple
                0x0000000010004714                __wrap___aeabi_cdcmpeq
 .text.__wrap___aeabi_dcmplt
                0x0000000010004770        0xc CMakeFiles/firmware.dir/home/vm/Documents/pico/pico-sdk/src/rp2_common/pico_double/double_aeabi.S.obj
                0x0000000010004770                __wrap___aeabi_dcmplt
 .text.__wrap___aeabi_dcmple
                0x000000001000477c       0x10 CMakeFiles/firmware.dir/home/vm/Documents/pico/pico-sdk/src/rp2_common/pico_double/double_aeabi.S.obj
                0x000000001000477c                __wrap___aeabi_dcmple
 .text.__wrap___aeabi_dcmpge
                0x000000001000478c       0x10 CMakeFiles/firmware.dir/home/vm/Documents/pico/pico-sdk/src/rp2_common/pico_double/double_aeabi.S.obj
                0x000000001000478c                __wrap___aeabi_dcmpge
 .text.__wrap___aeabi_dcmpgt
                0x000000001000479c        0xa CMakeFiles/firmware.dir/home/vm/Documents/pico/pico-sdk/src/rp2_common/pico_double/double_aeabi.S.obj
                0x000000001000479c                __wrap___aeabi_dcmpgt
 .text.__wrap___aeabi_dcmpun
                0x00000000100047a6       0x1c CMakeFiles/firmware.dir/home/vm/Documents/pico/pico-sdk/src/rp2_common/pico_double/double_aeabi.S.obj
                0x00000000100047a6                __wrap___aeabi_dcmpun
 *fill*         0x00000000100047c2        0x2 
 .text.__wrap___aeabi_i2d
                0x00000000100047c4       0x38 CMakeFiles/firmware.dir/home/vm/Documents/pico/pico-sdk/src/rp2_common/pico_double/double_aeabi.S.obj
                0x00000000100047c4                __wrap___aeabi_ui2d
                0x00000000100047cc                __wrap___aeabi_i2d
 .text.__wrap___aeabi_d2iz
                0x00000000100047fc       0x48 CMakeFiles/firmware.dir/home/vm/Documents/pico/pico-sdk/src/rp2_common/pico_double/double_aeabi.S.obj
                0x00000000100047fc                __wrap___aeabi_d2iz
                0x00000000100047fc                double2int_z
 .text.__wrap___aeabi_d2uiz
                0x0000000010004844       0x18 CMakeFiles/firmware.dir/home/vm/Documents/pico/pico-sdk/src/rp2_common/pico_double/double_aeabi.S.obj
                0x0000000010004844                double2uint
                0x0000000010004844                __wrap___aeabi_d2uiz
 .text.__aeabi_double_init
                0x000000001000485c       0xc0 CMakeFiles/firmware.dir/home/vm/Documents/pico/pico-sdk/src/rp2_common/pico_double/double_init_rom.c.obj
                0x000000001000485c                __aeabi_double_init
 .text.double_table_shim_on_use_helper
                0x000000001000491c       0x2c CMakeFiles/firmware.dir/home/vm/Documents/pico/pico-sdk/src/rp2_common/pico_double/double_v1_rom_shim.S.obj
                0x000000001000491c                double_table_shim_on_use_helper
 .text.__wrap___aeabi_dsub
                0x0000000010004948       0x10 CMakeFiles/firmware.dir/home/vm/Documents/pico/pico-sdk/src/rp2_common/pico_double/double_v1_rom_shim.S.obj
                0x0000000010004948                drsub_shim
                0x000000001000494e                dsub_shim
 .text.dadd_shim
                0x0000000010004958      0x15c CMakeFiles/firmware.dir/home/vm/Documents/pico/pico-sdk/src/rp2_common/pico_double/double_v1_rom_shim.S.obj
                0x0000000010004958                dadd_shim
 .text.dmul_shim
                0x0000000010004ab4      0x15c CMakeFiles/firmware.dir/home/vm/Documents/pico/pico-sdk/src/rp2_common/pico_double/double_v1_rom_shim.S.obj
                0x0000000010004ab4                dmul_shim
 .text.ddiv_shim
                0x0000000010004c10      0x1b0 CMakeFiles/firmware.dir/home/vm/Documents/pico/pico-sdk/src/rp2_common/pico_double/double_v1_rom_shim.S.obj
                0x0000000010004c10                ddiv_shim
 .text.double2uint_shim
                0x0000000010004dc0        0xe CMakeFiles/firmware.dir/home/vm/Documents/pico/pico-sdk/src/rp2_common/pico_double/double_v1_rom_shim.S.obj
                0x0000000010004dc0                double2uint_shim
                0x0000000010004dc2                double2ufix_shim
 *fill*         0x0000000010004dce        0x2 
 .text.double2uint64_shim
                0x0000000010004dd0       0x70 CMakeFiles/firmware.dir/home/vm/Documents/pico/pico-sdk/src/rp2_common/pico_double/double_v1_rom_shim.S.obj
                0x0000000010004dd0                double2uint64_shim
                0x0000000010004dd2                double2ufix64_shim
                0x0000000010004df2                d2fix_a
 .text.dunpacks
                0x0000000010004e40       0x3c CMakeFiles/firmware.dir/home/vm/Documents/pico/pico-sdk/src/rp2_common/pico_double/double_v1_rom_shim.S.obj
                0x0000000010004e40                dunpacks
 .text.__aeabi_lmul
                0x0000000010004e7c       0x32 CMakeFiles/firmware.dir/home/vm/Documents/pico/pico-sdk/src/rp2_common/pico_int64_ops/pico_int64_ops_aeabi.S.obj
                0x0000000010004e7c                __wrap___aeabi_lmul
 *fill*         0x0000000010004eae        0x2 
 .text.__aeabi_float_init
                0x0000000010004eb0       0x64 CMakeFiles/firmware.dir/home/vm/Documents/pico/pico-sdk/src/rp2_common/pico_float/float_init_rom.c.obj
                0x0000000010004eb0                __aeabi_float_init
 .text.float_table_shim_on_use_helper
                0x0000000010004f14       0x2c CMakeFiles/firmware.dir/home/vm/Documents/pico/pico-sdk/src/rp2_common/pico_float/float_v1_rom_shim.S.obj
                0x0000000010004f14                float_table_shim_on_use_helper
 .text.__wrap_realloc
                0x0000000010004f40       0x24 CMakeFiles/firmware.dir/home/vm/Documents/pico/pico-sdk/src/rp2_common/pico_malloc/pico_malloc.c.obj
                0x0000000010004f40                __wrap_realloc
 .text.__wrap_free
                0x0000000010004f64        0x8 CMakeFiles/firmware.dir/home/vm/Documents/pico/pico-sdk/src/rp2_common/pico_malloc/pico_malloc.c.obj
                0x0000000010004f64                __wrap_free
 .text          0x0000000010004f6c       0x10 CMakeFiles/firmware.dir/home/vm/Documents/pico/pico-sdk/src/rp2_common/pico_mem_ops/mem_ops_aeabi.S.obj
                0x0000000010004f6c                __aeabi_mem_init
 .text.memset   0x0000000010004f7c        0xc CMakeFiles/firmware.dir/home/vm/Documents/pico/pico-sdk/src/rp2_common/pico_mem_ops/mem_ops_aeabi.S.obj
                0x0000000010004f7c                __wrap_memset
 .text.memcpy   0x0000000010004f88        0xc CMakeFiles/firmware.dir/home/vm/Documents/pico/pico-sdk/src/rp2_common/pico_mem_ops/mem_ops_aeabi.S.obj
                0x0000000010004f88                __wrap___aeabi_memcpy
                0x0000000010004f88                __wrap_memcpy
 .text.stdio_out_chars_no_crlf
                0x0000000010004f94       0x10 CMakeFiles/firmware.dir/home/vm/Documents/pico/pico-sdk/src/rp2_common/pico_stdio/stdio.c.obj
 .text.stdio_out_chars_crlf
                0x0000000010004fa4       0x94 CMakeFiles/firmware.dir/home/vm/Documents/pico/pico-sdk/src/rp2_common/pico_stdio/stdio.c.obj
 .text.stdio_put_string
                0x0000000010005038      0x100 CMakeFiles/firmware.dir/home/vm/Documents/pico/pico-sdk/src/rp2_common/pico_stdio/stdio.c.obj
 .text.__wrap_putchar
                0x0000000010005138       0xa4 CMakeFiles/firmware.dir/home/vm/Documents/pico/pico-sdk/src/rp2_common/pico_stdio/stdio.c.obj
                0x0000000010005138                __wrap_putchar
 .text.__wrap_puts
                0x00000000100051dc       0x3c CMakeFiles/firmware.dir/home/vm/Documents/pico/pico-sdk/src/rp2_common/pico_stdio/stdio.c.obj
                0x00000000100051dc                __wrap_puts
 .text.stdio_set_driver_enabled
                0x0000000010005218       0x30 CMakeFiles/firmware.dir/home/vm/Documents/pico/pico-sdk/src/rp2_common/pico_stdio/stdio.c.obj
                0x0000000010005218                stdio_set_driver_enabled
 .text.stdio_init_all
                0x0000000010005248        0xc CMakeFiles/firmware.dir/home/vm/Documents/pico/pico-sdk/src/rp2_common/pico_stdio/stdio.c.obj
                0x0000000010005248                stdio_init_all
 .text.__wrap_getchar
                0x0000000010005254       0x7c CMakeFiles/firmware.dir/home/vm/Documents/pico/pico-sdk/src/rp2_common/pico_stdio/stdio.c.obj
                0x0000000010005254                __wrap_getchar
 .text.stdio_uart_out_chars
                0x00000000100052d0       0x4c CMakeFiles/firmware.dir/home/vm/Documents/pico/pico-sdk/src/rp2_common/pico_stdio_uart/stdio_uart.c.obj
 .text.stdio_uart_in_chars
                0x000000001000531c       0x38 CMakeFiles/firmware.dir/home/vm/Documents/pico/pico-sdk/src/rp2_common/pico_stdio_uart/stdio_uart.c.obj
                0x000000001000531c                stdio_uart_in_chars
 .text.stdio_uart_init
                0x0000000010005354       0x48 CMakeFiles/firmware.dir/home/vm/Documents/pico/pico-sdk/src/rp2_common/pico_stdio_uart/stdio_uart.c.obj
                0x0000000010005354                stdio_uart_init
 .text.resetd_init
                0x000000001000539c        0x4 CMakeFiles/firmware.dir/home/vm/Documents/pico/pico-sdk/src/rp2_common/pico_stdio_usb/reset_interface.c.obj
 .text.resetd_reset
                0x00000000100053a0        0xc CMakeFiles/firmware.dir/home/vm/Documents/pico/pico-sdk/src/rp2_common/pico_stdio_usb/reset_interface.c.obj
 .text.resetd_open
                0x00000000100053ac       0x28 CMakeFiles/firmware.dir/home/vm/Documents/pico/pico-sdk/src/rp2_common/pico_stdio_usb/reset_interface.c.obj
 .text.resetd_xfer_cb
                0x00000000100053d4        0x4 CMakeFiles/firmware.dir/home/vm/Documents/pico/pico-sdk/src/rp2_common/pico_stdio_usb/reset_interface.c.obj
 .text.resetd_control_xfer_cb
                0x00000000100053d8       0x64 CMakeFiles/firmware.dir/home/vm/Documents/pico/pico-sdk/src/rp2_common/pico_stdio_usb/reset_interface.c.obj
 .text.usbd_app_driver_get_cb
                0x000000001000543c        0xc CMakeFiles/firmware.dir/home/vm/Documents/pico/pico-sdk/src/rp2_common/pico_stdio_usb/reset_interface.c.obj
                0x000000001000543c                usbd_app_driver_get_cb
 .text.tud_cdc_line_coding_cb
                0x0000000010005448       0x34 CMakeFiles/firmware.dir/home/vm/Documents/pico/pico-sdk/src/rp2_common/pico_stdio_usb/reset_interface.c.obj
                0x0000000010005448                tud_cdc_line_coding_cb
 .text.stdio_usb_in_chars
                0x000000001000547c       0x68 CMakeFiles/firmware.dir/home/vm/Documents/pico/pico-sdk/src/rp2_common/pico_stdio_usb/stdio_usb.c.obj
                0x000000001000547c                stdio_usb_in_chars
 .text.stdio_usb_out_chars
                0x00000000100054e4       0xec CMakeFiles/firmware.dir/home/vm/Documents/pico/pico-sdk/src/rp2_common/pico_stdio_usb/stdio_usb.c.obj
 .text.timer_task
                0x00000000100055d0       0x18 CMakeFiles/firmware.dir/home/vm/Documents/pico/pico-sdk/src/rp2_common/pico_stdio_usb/stdio_usb.c.obj
 .text.usb_irq  0x00000000100055e8       0x10 CMakeFiles/firmware.dir/home/vm/Documents/pico/pico-sdk/src/rp2_common/pico_stdio_usb/stdio_usb.c.obj
 .text.low_priority_worker_irq
                0x00000000100055f8       0x24 CMakeFiles/firmware.dir/home/vm/Documents/pico/pico-sdk/src/rp2_common/pico_stdio_usb/stdio_usb.c.obj
 .text.stdio_usb_init
                0x000000001000561c       0xb0 CMakeFiles/firmware.dir/home/vm/Documents/pico/pico-sdk/src/rp2_common/pico_stdio_usb/stdio_usb.c.obj
                0x000000001000561c                stdio_usb_init
 .text.tud_descriptor_device_cb
                0x00000000100056cc        0x8 CMakeFiles/firmware.dir/home/vm/Documents/pico/pico-sdk/src/rp2_common/pico_stdio_usb/stdio_usb_descriptors.c.obj
                0x00000000100056cc                tud_descriptor_device_cb
 .text.tud_descriptor_configuration_cb
                0x00000000100056d4        0x8 CMakeFiles/firmware.dir/home/vm/Documents/pico/pico-sdk/src/rp2_common/pico_stdio_usb/stdio_usb_descriptors.c.obj
                0x00000000100056d4                tud_descriptor_configuration_cb
 .text.tud_descriptor_string_cb
                0x00000000100056dc       0x70 CMakeFiles/firmware.dir/home/vm/Documents/pico/pico-sdk/src/rp2_common/pico_stdio_usb/stdio_usb_descriptors.c.obj
                0x00000000100056dc                tud_descriptor_string_cb
 .text.dcd_rp2040_irq
                0x000000001000574c      0x21c CMakeFiles/firmware.dir/home/vm/Documents/pico/pico-sdk/lib/tinyusb/src/portable/raspberrypi/rp2040/dcd_rp2040.c.obj
 .text.dcd_int_enable
                0x0000000010005968        0xc CMakeFiles/firmware.dir/home/vm/Documents/pico/pico-sdk/lib/tinyusb/src/portable/raspberrypi/rp2040/dcd_rp2040.c.obj
                0x0000000010005968                dcd_int_enable
 .text.dcd_set_address
                0x0000000010005974       0x14 CMakeFiles/firmware.dir/home/vm/Documents/pico/pico-sdk/lib/tinyusb/src/portable/raspberrypi/rp2040/dcd_rp2040.c.obj
                0x0000000010005974                dcd_set_address
 .text.dcd_connect
                0x0000000010005988       0x10 CMakeFiles/firmware.dir/home/vm/Documents/pico/pico-sdk/lib/tinyusb/src/portable/raspberrypi/rp2040/dcd_rp2040.c.obj
                0x0000000010005988                dcd_connect
 .text.dcd_init
                0x0000000010005998      0x148 CMakeFiles/firmware.dir/home/vm/Documents/pico/pico-sdk/lib/tinyusb/src/portable/raspberrypi/rp2040/dcd_rp2040.c.obj
                0x0000000010005998                dcd_init
 .text.dcd_edpt0_status_complete
                0x0000000010005ae0       0x1c CMakeFiles/firmware.dir/home/vm/Documents/pico/pico-sdk/lib/tinyusb/src/portable/raspberrypi/rp2040/dcd_rp2040.c.obj
                0x0000000010005ae0                dcd_edpt0_status_complete
 .text.dcd_edpt_open
                0x0000000010005afc       0xf0 CMakeFiles/firmware.dir/home/vm/Documents/pico/pico-sdk/lib/tinyusb/src/portable/raspberrypi/rp2040/dcd_rp2040.c.obj
                0x0000000010005afc                dcd_edpt_open
 .text.dcd_edpt_close_all
                0x0000000010005bec       0xbc CMakeFiles/firmware.dir/home/vm/Documents/pico/pico-sdk/lib/tinyusb/src/portable/raspberrypi/rp2040/dcd_rp2040.c.obj
                0x0000000010005bec                dcd_edpt_close_all
 .text.dcd_edpt_xfer
                0x0000000010005ca8       0x24 CMakeFiles/firmware.dir/home/vm/Documents/pico/pico-sdk/lib/tinyusb/src/portable/raspberrypi/rp2040/dcd_rp2040.c.obj
                0x0000000010005ca8                dcd_edpt_xfer
 .text.dcd_edpt_stall
                0x0000000010005ccc       0x38 CMakeFiles/firmware.dir/home/vm/Documents/pico/pico-sdk/lib/tinyusb/src/portable/raspberrypi/rp2040/dcd_rp2040.c.obj
                0x0000000010005ccc                dcd_edpt_stall
 .text.dcd_edpt_clear_stall
                0x0000000010005d04       0x30 CMakeFiles/firmware.dir/home/vm/Documents/pico/pico-sdk/lib/tinyusb/src/portable/raspberrypi/rp2040/dcd_rp2040.c.obj
                0x0000000010005d04                dcd_edpt_clear_stall
 .text._hw_endpoint_buffer_control_update32.part.0
                0x0000000010005d34       0x20 CMakeFiles/firmware.dir/home/vm/Documents/pico/pico-sdk/lib/tinyusb/src/portable/raspberrypi/rp2040/rp2040_usb.c.obj
 .text.rp2040_usb_init
                0x0000000010005d54       0x4c CMakeFiles/firmware.dir/home/vm/Documents/pico/pico-sdk/lib/tinyusb/src/portable/raspberrypi/rp2040/rp2040_usb.c.obj
                0x0000000010005d54                rp2040_usb_init
 .text.hw_endpoint_reset_transfer
                0x0000000010005da0        0xc CMakeFiles/firmware.dir/home/vm/Documents/pico/pico-sdk/lib/tinyusb/src/portable/raspberrypi/rp2040/rp2040_usb.c.obj
                0x0000000010005da0                hw_endpoint_reset_transfer
 .text._hw_endpoint_buffer_control_update32
                0x0000000010005dac       0x40 CMakeFiles/firmware.dir/home/vm/Documents/pico/pico-sdk/lib/tinyusb/src/portable/raspberrypi/rp2040/rp2040_usb.c.obj
                0x0000000010005dac                _hw_endpoint_buffer_control_update32
 .text.hw_endpoint_xfer_start
                0x0000000010005dec      0x138 CMakeFiles/firmware.dir/home/vm/Documents/pico/pico-sdk/lib/tinyusb/src/portable/raspberrypi/rp2040/rp2040_usb.c.obj
                0x0000000010005dec                hw_endpoint_xfer_start
 .text.hw_endpoint_xfer_continue
                0x0000000010005f24      0x1e4 CMakeFiles/firmware.dir/home/vm/Documents/pico/pico-sdk/lib/tinyusb/src/portable/raspberrypi/rp2040/rp2040_usb.c.obj
                0x0000000010005f24                hw_endpoint_xfer_continue
 .text.tud_mounted
                0x0000000010006108       0x10 CMakeFiles/firmware.dir/home/vm/Documents/pico/pico-sdk/lib/tinyusb/src/device/usbd.c.obj
                0x0000000010006108                tud_mounted
 .text.tud_suspended
                0x0000000010006118       0x10 CMakeFiles/firmware.dir/home/vm/Documents/pico/pico-sdk/lib/tinyusb/src/device/usbd.c.obj
                0x0000000010006118                tud_suspended
 .text.tud_inited
                0x0000000010006128        0xc CMakeFiles/firmware.dir/home/vm/Documents/pico/pico-sdk/lib/tinyusb/src/device/usbd.c.obj
                0x0000000010006128                tud_inited
 .text.tud_init
                0x0000000010006134       0xd8 CMakeFiles/firmware.dir/home/vm/Documents/pico/pico-sdk/lib/tinyusb/src/device/usbd.c.obj
                0x0000000010006134                tud_init
 .text.tud_task
                0x000000001000620c      0x8ec CMakeFiles/firmware.dir/home/vm/Documents/pico/pico-sdk/lib/tinyusb/src/device/usbd.c.obj
                0x000000001000620c                tud_task
 .text.dcd_event_bus_signal
                0x0000000010006af8      0x120 CMakeFiles/firmware.dir/home/vm/Documents/pico/pico-sdk/lib/tinyusb/src/device/usbd.c.obj
                0x0000000010006af8                dcd_event_bus_signal
 .text.dcd_event_bus_reset
                0x0000000010006c18       0x54 CMakeFiles/firmware.dir/home/vm/Documents/pico/pico-sdk/lib/tinyusb/src/device/usbd.c.obj
                0x0000000010006c18                dcd_event_bus_reset
 .text.dcd_event_setup_received
                0x0000000010006c6c       0x50 CMakeFiles/firmware.dir/home/vm/Documents/pico/pico-sdk/lib/tinyusb/src/device/usbd.c.obj
                0x0000000010006c6c                dcd_event_setup_received
 .text.dcd_event_xfer_complete
                0x0000000010006cbc       0x68 CMakeFiles/firmware.dir/home/vm/Documents/pico/pico-sdk/lib/tinyusb/src/device/usbd.c.obj
                0x0000000010006cbc                dcd_event_xfer_complete
 .text.usbd_open_edpt_pair
                0x0000000010006d24       0x80 CMakeFiles/firmware.dir/home/vm/Documents/pico/pico-sdk/lib/tinyusb/src/device/usbd.c.obj
                0x0000000010006d24                usbd_open_edpt_pair
 .text.usbd_edpt_open
                0x0000000010006da4       0x30 CMakeFiles/firmware.dir/home/vm/Documents/pico/pico-sdk/lib/tinyusb/src/device/usbd.c.obj
                0x0000000010006da4                usbd_edpt_open
 .text.usbd_edpt_claim
                0x0000000010006dd4       0x64 CMakeFiles/firmware.dir/home/vm/Documents/pico/pico-sdk/lib/tinyusb/src/device/usbd.c.obj
                0x0000000010006dd4                usbd_edpt_claim
 .text.usbd_edpt_release
                0x0000000010006e38       0x4c CMakeFiles/firmware.dir/home/vm/Documents/pico/pico-sdk/lib/tinyusb/src/device/usbd.c.obj
                0x0000000010006e38                usbd_edpt_release
 .text.usbd_edpt_xfer
                0x0000000010006e84       0x48 CMakeFiles/firmware.dir/home/vm/Documents/pico/pico-sdk/lib/tinyusb/src/device/usbd.c.obj
                0x0000000010006e84                usbd_edpt_xfer
 .text.tud_control_status
                0x0000000010006ecc       0x30 CMakeFiles/firmware.dir/home/vm/Documents/pico/pico-sdk/lib/tinyusb/src/device/usbd_control.c.obj
                0x0000000010006ecc                tud_control_status
 .text.tud_control_xfer
                0x0000000010006efc       0xb8 CMakeFiles/firmware.dir/home/vm/Documents/pico/pico-sdk/lib/tinyusb/src/device/usbd_control.c.obj
                0x0000000010006efc                tud_control_xfer
 .text.usbd_control_reset
                0x0000000010006fb4       0x14 CMakeFiles/firmware.dir/home/vm/Documents/pico/pico-sdk/lib/tinyusb/src/device/usbd_control.c.obj
                0x0000000010006fb4                usbd_control_reset
 .text.usbd_control_set_complete_callback
                0x0000000010006fc8        0xc CMakeFiles/firmware.dir/home/vm/Documents/pico/pico-sdk/lib/tinyusb/src/device/usbd_control.c.obj
                0x0000000010006fc8                usbd_control_set_complete_callback
 .text.usbd_control_set_request
                0x0000000010006fd4       0x1c CMakeFiles/firmware.dir/home/vm/Documents/pico/pico-sdk/lib/tinyusb/src/device/usbd_control.c.obj
                0x0000000010006fd4                usbd_control_set_request
 .text.usbd_control_xfer_cb
                0x0000000010006ff0       0xf8 CMakeFiles/firmware.dir/home/vm/Documents/pico/pico-sdk/lib/tinyusb/src/device/usbd_control.c.obj
                0x0000000010006ff0                usbd_control_xfer_cb
 .text.tud_cdc_n_connected
                0x00000000100070e8       0x30 CMakeFiles/firmware.dir/home/vm/Documents/pico/pico-sdk/lib/tinyusb/src/class/cdc/cdc_device.c.obj
                0x00000000100070e8                tud_cdc_n_connected
 .text.tud_cdc_n_available
                0x0000000010007118       0x18 CMakeFiles/firmware.dir/home/vm/Documents/pico/pico-sdk/lib/tinyusb/src/class/cdc/cdc_device.c.obj
                0x0000000010007118                tud_cdc_n_available
 .text.tud_cdc_n_read
                0x0000000010007130       0x70 CMakeFiles/firmware.dir/home/vm/Documents/pico/pico-sdk/lib/tinyusb/src/class/cdc/cdc_device.c.obj
                0x0000000010007130                tud_cdc_n_read
 .text.tud_cdc_n_write_flush
                0x00000000100071a0       0x78 CMakeFiles/firmware.dir/home/vm/Documents/pico/pico-sdk/lib/tinyusb/src/class/cdc/cdc_device.c.obj
                0x00000000100071a0                tud_cdc_n_write_flush
 .text.tud_cdc_n_write
                0x0000000010007218       0x34 CMakeFiles/firmware.dir/home/vm/Documents/pico/pico-sdk/lib/tinyusb/src/class/cdc/cdc_device.c.obj
                0x0000000010007218                tud_cdc_n_write
 .text.tud_cdc_n_write_available
                0x000000001000724c       0x18 CMakeFiles/firmware.dir/home/vm/Documents/pico/pico-sdk/lib/tinyusb/src/class/cdc/cdc_device.c.obj
                0x000000001000724c                tud_cdc_n_write_available
 .text.cdcd_init
                0x0000000010007264       0x7c CMakeFiles/firmware.dir/home/vm/Documents/pico/pico-sdk/lib/tinyusb/src/class/cdc/cdc_device.c.obj
                0x0000000010007264                cdcd_init
 .text.cdcd_reset
                0x00000000100072e0       0x2c CMakeFiles/firmware.dir/home/vm/Documents/pico/pico-sdk/lib/tinyusb/src/class/cdc/cdc_device.c.obj
                0x00000000100072e0                cdcd_reset
 .text.cdcd_open
                0x000000001000730c       0xe4 CMakeFiles/firmware.dir/home/vm/Documents/pico/pico-sdk/lib/tinyusb/src/class/cdc/cdc_device.c.obj
                0x000000001000730c                cdcd_open
 .text.cdcd_control_xfer_cb
                0x00000000100073f0       0xe4 CMakeFiles/firmware.dir/home/vm/Documents/pico/pico-sdk/lib/tinyusb/src/class/cdc/cdc_device.c.obj
                0x00000000100073f0                cdcd_control_xfer_cb
 .text.cdcd_xfer_cb
                0x00000000100074d4      0x198 CMakeFiles/firmware.dir/home/vm/Documents/pico/pico-sdk/lib/tinyusb/src/class/cdc/cdc_device.c.obj
                0x00000000100074d4                cdcd_xfer_cb
 .text.tusb_init
                0x000000001000766c        0xc CMakeFiles/firmware.dir/home/vm/Documents/pico/pico-sdk/lib/tinyusb/src/tusb.c.obj
                0x000000001000766c                tusb_init
 .text.tusb_inited
                0x0000000010007678        0x8 CMakeFiles/firmware.dir/home/vm/Documents/pico/pico-sdk/lib/tinyusb/src/tusb.c.obj
                0x0000000010007678                tusb_inited
 .text.tu_edpt_validate
                0x0000000010007680       0x78 CMakeFiles/firmware.dir/home/vm/Documents/pico/pico-sdk/lib/tinyusb/src/tusb.c.obj
                0x0000000010007680                tu_edpt_validate
 .text.tu_edpt_bind_driver
                0x00000000100076f8       0x2c CMakeFiles/firmware.dir/home/vm/Documents/pico/pico-sdk/lib/tinyusb/src/tusb.c.obj
                0x00000000100076f8                tu_edpt_bind_driver
 .text.tu_fifo_config
                0x0000000010007724       0x78 CMakeFiles/firmware.dir/home/vm/Documents/pico/pico-sdk/lib/tinyusb/src/common/tusb_fifo.c.obj
                0x0000000010007724                tu_fifo_config
 .text.tu_fifo_count
                0x000000001000779c       0x20 CMakeFiles/firmware.dir/home/vm/Documents/pico/pico-sdk/lib/tinyusb/src/common/tusb_fifo.c.obj
                0x000000001000779c                tu_fifo_count
 .text.tu_fifo_empty
                0x00000000100077bc       0x10 CMakeFiles/firmware.dir/home/vm/Documents/pico/pico-sdk/lib/tinyusb/src/common/tusb_fifo.c.obj
                0x00000000100077bc                tu_fifo_empty
 .text.tu_fifo_remaining
                0x00000000100077cc       0x1c CMakeFiles/firmware.dir/home/vm/Documents/pico/pico-sdk/lib/tinyusb/src/common/tusb_fifo.c.obj
                0x00000000100077cc                tu_fifo_remaining
 .text.tu_fifo_read
                0x00000000100077e8       0x9c CMakeFiles/firmware.dir/home/vm/Documents/pico/pico-sdk/lib/tinyusb/src/common/tusb_fifo.c.obj
                0x00000000100077e8                tu_fifo_read
 .text.tu_fifo_read_n
                0x0000000010007884      0x100 CMakeFiles/firmware.dir/home/vm/Documents/pico/pico-sdk/lib/tinyusb/src/common/tusb_fifo.c.obj
                0x0000000010007884                tu_fifo_read_n
 .text.tu_fifo_write
                0x0000000010007984       0x7c CMakeFiles/firmware.dir/home/vm/Documents/pico/pico-sdk/lib/tinyusb/src/common/tusb_fifo.c.obj
                0x0000000010007984                tu_fifo_write
 .text.tu_fifo_write_n
                0x0000000010007a00       0xf8 CMakeFiles/firmware.dir/home/vm/Documents/pico/pico-sdk/lib/tinyusb/src/common/tusb_fifo.c.obj
                0x0000000010007a00                tu_fifo_write_n
 .text.tu_fifo_clear
                0x0000000010007af8       0x4c CMakeFiles/firmware.dir/home/vm/Documents/pico/pico-sdk/lib/tinyusb/src/common/tusb_fifo.c.obj
                0x0000000010007af8                tu_fifo_clear
 .text.tu_fifo_set_overwritable
                0x0000000010007b44       0x3c CMakeFiles/firmware.dir/home/vm/Documents/pico/pico-sdk/lib/tinyusb/src/common/tusb_fifo.c.obj
                0x0000000010007b44                tu_fifo_set_overwritable
 .text.startup._retrieve_unique_id_on_boot
                0x0000000010007b80       0x10 CMakeFiles/firmware.dir/home/vm/Documents/pico/pico-sdk/src/rp2_common/pico_unique_id/unique_id.c.obj
 .text.pico_get_unique_board_id_string
                0x0000000010007b90      0x1bc CMakeFiles/firmware.dir/home/vm/Documents/pico/pico-sdk/src/rp2_common/pico_unique_id/unique_id.c.obj
                0x0000000010007b90                pico_get_unique_board_id_string
 .text.flash_get_unique_id
                0x0000000010007d4c       0x40 CMakeFiles/firmware.dir/home/vm/Documents/pico/pico-sdk/src/rp2_common/hardware_flash/flash.c.obj
                0x0000000010007d4c                flash_get_unique_id
 .text          0x0000000010007d8c       0x28 /usr/lib/gcc/arm-none-eabi/9.2.1/../../../arm-none-eabi/lib/thumb/v6-m/nofp/libc.a(lib_a-malloc.o)
                0x0000000010007d8c                malloc
                0x0000000010007da0                free
 .text          0x0000000010007db4      0x58c /usr/lib/gcc/arm-none-eabi/9.2.1/../../../arm-none-eabi/lib/thumb/v6-m/nofp/libc.a(lib_a-mallocr.o)
                0x0000000010007db4                _malloc_r
 .text          0x0000000010008340        0x8 /usr/lib/gcc/arm-none-eabi/9.2.1/../../../arm-none-eabi/lib/thumb/v6-m/nofp/libc.a(lib_a-mlock.o)
                0x0000000010008340                __malloc_lock
                0x0000000010008344                __malloc_unlock
 .text          0x0000000010008348       0x18 /usr/lib/gcc/arm-none-eabi/9.2.1/../../../arm-none-eabi/lib/thumb/v6-m/nofp/libc.a(lib_a-realloc.o)
                0x0000000010008348                realloc
 .text          0x0000000010008360      0x35c /usr/lib/gcc/arm-none-eabi/9.2.1/../../../arm-none-eabi/lib/thumb/v6-m/nofp/libc.a(lib_a-reallocr.o)
                0x0000000010008360                _realloc_r
 .text          0x00000000100086bc       0x24 /usr/lib/gcc/arm-none-eabi/9.2.1/../../../arm-none-eabi/lib/thumb/v6-m/nofp/libc.a(lib_a-sbrkr.o)
                0x00000000100086bc                _sbrk_r
 .text          0x00000000100086e0       0x68 /usr/lib/gcc/arm-none-eabi/9.2.1/../../../arm-none-eabi/lib/thumb/v6-m/nofp/libc.a(lib_a-strlen-stub.o)
                0x00000000100086e0                strlen
 .text          0x0000000010008748      0x27c /usr/lib/gcc/arm-none-eabi/9.2.1/../../../arm-none-eabi/lib/thumb/v6-m/nofp/libc.a(lib_a-freer.o)
                0x0000000010008748                _malloc_trim_r
                0x00000000100087e8                _free_r
 *(.fini)
 .fini          0x00000000100089c4        0x4 /usr/lib/gcc/arm-none-eabi/9.2.1/thumb/v6-m/nofp/crti.o
                0x00000000100089c4                _fini
 .fini.__stub   0x00000000100089c8       0x80 linker stubs
 *crtbegin.o(.ctors)
 *crtbegin?.o(.ctors)
 *(EXCLUDE_FILE(*crtend.o *crtend?.o) .ctors)
 *(SORT_BY_NAME(.ctors.*))
 *(.ctors)
 *crtbegin.o(.dtors)
 *crtbegin?.o(.dtors)
 *(EXCLUDE_FILE(*crtend.o *crtend?.o) .dtors)
 *(SORT_BY_NAME(.dtors.*))
 *(.dtors)
 *(.eh_frame*)
 .eh_frame      0x0000000010008a48        0x0 /usr/lib/gcc/arm-none-eabi/9.2.1/thumb/v6-m/nofp/crtbegin.o
                0x0000000010008a48                . = ALIGN (0x4)

.glue_7         0x0000000010008a48        0x0
 .glue_7        0x0000000010008a48        0x0 linker stubs

.glue_7t        0x0000000010008a48        0x0
 .glue_7t       0x0000000010008a48        0x0 linker stubs

.vfp11_veneer   0x0000000010008a48        0x0
 .vfp11_veneer  0x0000000010008a48        0x0 linker stubs

.v4_bx          0x0000000010008a48        0x0
 .v4_bx         0x0000000010008a48        0x0 linker stubs

.iplt           0x0000000010008a48        0x0
 .iplt          0x0000000010008a48        0x0 /usr/lib/gcc/arm-none-eabi/9.2.1/thumb/v6-m/nofp/crtbegin.o

.rodata         0x0000000010008a48      0x970
 *(EXCLUDE_FILE(*libm.a: *libc.a:*lib_a-mem*.o *libgcc.a:) .rodata*)
 .rodata.registerCallback.str1.4
                0x0000000010008a48       0x85 CMakeFiles/firmware.dir/firmware.c.obj
 *fill*         0x0000000010008acd        0x3 
 .rodata.main.str1.4
                0x0000000010008ad0       0x55 CMakeFiles/firmware.dir/firmware.c.obj
 *fill*         0x0000000010008b25        0x3 
 .rodata.str1.4
                0x0000000010008b28      0x2df CMakeFiles/firmware.dir/firmware.c.obj
 *fill*         0x0000000010008e07        0x1 
 .rodata.CSWTCH.100
                0x0000000010008e08        0x4 CMakeFiles/firmware.dir/firmware.c.obj
 .rodata.CSWTCH.128
                0x0000000010008e0c       0x20 CMakeFiles/firmware.dir/firmware.c.obj
 .rodata.CSWTCH.130
                0x0000000010008e2c       0x10 CMakeFiles/firmware.dir/firmware.c.obj
 .rodata.CSWTCH.98
                0x0000000010008e3c        0x4 CMakeFiles/firmware.dir/firmware.c.obj
 .rodata.CSWTCH.99
                0x0000000010008e40        0x8 CMakeFiles/firmware.dir/firmware.c.obj
 .rodata.spin_lock_claim_unused.str1.4
                0x0000000010008e48       0x1b CMakeFiles/firmware.dir/home/vm/Documents/pico/pico-sdk/src/rp2_common/hardware_sync/sync.c.obj
 *fill*         0x0000000010008e63        0x1 
 .rodata.user_irq_claim_unused.str1.4
                0x0000000010008e64       0x1b CMakeFiles/firmware.dir/home/vm/Documents/pico/pico-sdk/src/rp2_common/hardware_irq/irq.c.obj
 *fill*         0x0000000010008e7f        0x1 
 .rodata.at_the_end_of_time
                0x0000000010008e80        0x8 CMakeFiles/firmware.dir/home/vm/Documents/pico/pico-sdk/src/common/pico_time/time.c.obj
                0x0000000010008e80                at_the_end_of_time
 .rodata.hardware_alarm_claim.str1.4
                0x0000000010008e88       0x22 CMakeFiles/firmware.dir/home/vm/Documents/pico/pico-sdk/src/rp2_common/hardware_timer/timer.c.obj
 *fill*         0x0000000010008eaa        0x2 
 .rodata.panic.str1.4
                0x0000000010008eac       0x12 CMakeFiles/firmware.dir/home/vm/Documents/pico/pico-sdk/src/rp2_common/pico_runtime/runtime.c.obj
 *fill*         0x0000000010008ebe        0x2 
 .rodata.hard_assertion_failure.str1.4
                0x0000000010008ec0        0xc CMakeFiles/firmware.dir/home/vm/Documents/pico/pico-sdk/src/rp2_common/pico_runtime/runtime.c.obj
 .rodata._ftoa.str1.4
                0x0000000010008ecc       0x15 CMakeFiles/firmware.dir/home/vm/Documents/pico/pico-sdk/src/rp2_common/pico_printf/printf.c.obj
 *fill*         0x0000000010008ee1        0x3 
 .rodata._vsnprintf
                0x0000000010008ee4      0x1e0 CMakeFiles/firmware.dir/home/vm/Documents/pico/pico-sdk/src/rp2_common/pico_printf/printf.c.obj
 *fill*         0x00000000100090c4        0x4 
 .rodata.pow10.5444
                0x00000000100090c8       0x50 CMakeFiles/firmware.dir/home/vm/Documents/pico/pico-sdk/src/rp2_common/pico_printf/printf.c.obj
 .rodata.__wrap_malloc.str1.4
                0x0000000010009118        0xe CMakeFiles/firmware.dir/home/vm/Documents/pico/pico-sdk/src/rp2_common/pico_malloc/pico_malloc.c.obj
 *fill*         0x0000000010009126        0x2 
 .rodata.str1.4
                0x0000000010009128       0x40 CMakeFiles/firmware.dir/home/vm/Documents/pico/pico-sdk/src/rp2_common/pico_standard_link/binary_info.c.obj
 .rodata.__bi_44
                0x0000000010009168        0xc CMakeFiles/firmware.dir/home/vm/Documents/pico/pico-sdk/src/rp2_common/pico_standard_link/binary_info.c.obj
 .rodata.__bi_75
                0x0000000010009174        0xc CMakeFiles/firmware.dir/home/vm/Documents/pico/pico-sdk/src/rp2_common/pico_standard_link/binary_info.c.obj
 .rodata.__bi_81
                0x0000000010009180        0xc CMakeFiles/firmware.dir/home/vm/Documents/pico/pico-sdk/src/rp2_common/pico_standard_link/binary_info.c.obj
 .rodata.crlf_str.6065
                0x000000001000918c        0x2 CMakeFiles/firmware.dir/home/vm/Documents/pico/pico-sdk/src/rp2_common/pico_stdio/stdio.c.obj
 *fill*         0x000000001000918e        0x2 
 .rodata.str1.4
                0x0000000010009190       0x2c CMakeFiles/firmware.dir/home/vm/Documents/pico/pico-sdk/src/rp2_common/pico_stdio_uart/stdio_uart.c.obj
 .rodata.__bi_28.4859
                0x00000000100091bc        0xc CMakeFiles/firmware.dir/home/vm/Documents/pico/pico-sdk/src/rp2_common/pico_stdio_uart/stdio_uart.c.obj
 .rodata.__bi_29.4863
                0x00000000100091c8        0x8 CMakeFiles/firmware.dir/home/vm/Documents/pico/pico-sdk/src/rp2_common/pico_stdio_uart/stdio_uart.c.obj
 .rodata._resetd_driver
                0x00000000100091d0       0x18 CMakeFiles/firmware.dir/home/vm/Documents/pico/pico-sdk/src/rp2_common/pico_stdio_usb/reset_interface.c.obj
 .rodata.str1.4
                0x00000000100091e8       0x13 CMakeFiles/firmware.dir/home/vm/Documents/pico/pico-sdk/src/rp2_common/pico_stdio_usb/stdio_usb.c.obj
 *fill*         0x00000000100091fb        0x1 
 .rodata.__bi_118.7207
                0x00000000100091fc        0xc CMakeFiles/firmware.dir/home/vm/Documents/pico/pico-sdk/src/rp2_common/pico_stdio_usb/stdio_usb.c.obj
 .rodata.str1.4
                0x0000000010009208       0x2a CMakeFiles/firmware.dir/home/vm/Documents/pico/pico-sdk/src/rp2_common/pico_stdio_usb/stdio_usb_descriptors.c.obj
 *fill*         0x0000000010009232        0x2 
 .rodata.usbd_desc_cfg
                0x0000000010009234       0x54 CMakeFiles/firmware.dir/home/vm/Documents/pico/pico-sdk/src/rp2_common/pico_stdio_usb/stdio_usb_descriptors.c.obj
 .rodata.usbd_desc_device
                0x0000000010009288       0x12 CMakeFiles/firmware.dir/home/vm/Documents/pico/pico-sdk/src/rp2_common/pico_stdio_usb/stdio_usb_descriptors.c.obj
 *fill*         0x000000001000929a        0x2 
 .rodata.usbd_desc_str
                0x000000001000929c       0x18 CMakeFiles/firmware.dir/home/vm/Documents/pico/pico-sdk/src/rp2_common/pico_stdio_usb/stdio_usb_descriptors.c.obj
 .rodata.dcd_rp2040_irq.str1.4
                0x00000000100092b4       0x14 CMakeFiles/firmware.dir/home/vm/Documents/pico/pico-sdk/lib/tinyusb/src/portable/raspberrypi/rp2040/dcd_rp2040.c.obj
 .rodata._hw_endpoint_buffer_control_update32.part.0.str1.4
                0x00000000100092c8       0x1f CMakeFiles/firmware.dir/home/vm/Documents/pico/pico-sdk/lib/tinyusb/src/portable/raspberrypi/rp2040/rp2040_usb.c.obj
 *fill*         0x00000000100092e7        0x1 
 .rodata.hw_endpoint_xfer_continue.str1.4
                0x00000000100092e8       0x29 CMakeFiles/firmware.dir/home/vm/Documents/pico/pico-sdk/lib/tinyusb/src/portable/raspberrypi/rp2040/rp2040_usb.c.obj
 .rodata.str1.4
                0x0000000010009311       0x29 CMakeFiles/firmware.dir/home/vm/Documents/pico/pico-sdk/lib/tinyusb/src/portable/raspberrypi/rp2040/rp2040_usb.c.obj
                                          0x7 (size before relaxing)
 *fill*         0x0000000010009311        0x3 
 .rodata.tud_task
                0x0000000010009314       0x8c CMakeFiles/firmware.dir/home/vm/Documents/pico/pico-sdk/lib/tinyusb/src/device/usbd.c.obj
 .rodata._usbd_driver
                0x00000000100093a0       0x18 CMakeFiles/firmware.dir/home/vm/Documents/pico/pico-sdk/lib/tinyusb/src/device/usbd.c.obj
                0x00000000100093b8                . = ALIGN (0x4)
 *(SORT_BY_ALIGNMENT(SORT_BY_NAME(.flashdata*)))
                0x00000000100093b8                . = ALIGN (0x4)

.rel.dyn        0x00000000100093b8        0x0
 .rel.iplt      0x00000000100093b8        0x0 /usr/lib/gcc/arm-none-eabi/9.2.1/thumb/v6-m/nofp/crtbegin.o

.ARM.extab
 *(.ARM.extab* .gnu.linkonce.armextab.*)
                0x00000000100093b8                __exidx_start = .

.ARM.exidx
 *(.ARM.exidx* .gnu.linkonce.armexidx.*)
                0x00000000100093b8                __exidx_end = .
                0x00000000100093b8                . = ALIGN (0x4)
                0x00000000100093b8                __binary_info_start = .

.binary_info    0x00000000100093b8       0x28
 *(.binary_info.keep.*)
 .binary_info.keep.__bi_ptr22
                0x00000000100093b8        0x4 CMakeFiles/firmware.dir/home/vm/Documents/pico/pico-sdk/src/rp2_common/pico_standard_link/binary_info.c.obj
 .binary_info.keep.__bi_ptr30
                0x00000000100093bc        0x4 CMakeFiles/firmware.dir/home/vm/Documents/pico/pico-sdk/src/rp2_common/pico_standard_link/binary_info.c.obj
 .binary_info.keep.__bi_ptr38
                0x00000000100093c0        0x4 CMakeFiles/firmware.dir/home/vm/Documents/pico/pico-sdk/src/rp2_common/pico_standard_link/binary_info.c.obj
 .binary_info.keep.__bi_ptr44
                0x00000000100093c4        0x4 CMakeFiles/firmware.dir/home/vm/Documents/pico/pico-sdk/src/rp2_common/pico_standard_link/binary_info.c.obj
 .binary_info.keep.__bi_ptr50
                0x00000000100093c8        0x4 CMakeFiles/firmware.dir/home/vm/Documents/pico/pico-sdk/src/rp2_common/pico_standard_link/binary_info.c.obj
 .binary_info.keep.__bi_ptr75
                0x00000000100093cc        0x4 CMakeFiles/firmware.dir/home/vm/Documents/pico/pico-sdk/src/rp2_common/pico_standard_link/binary_info.c.obj
 .binary_info.keep.__bi_ptr81
                0x00000000100093d0        0x4 CMakeFiles/firmware.dir/home/vm/Documents/pico/pico-sdk/src/rp2_common/pico_standard_link/binary_info.c.obj
 *(.binary_info.*)
 .binary_info.__bi_ptr28
                0x00000000100093d4        0x4 CMakeFiles/firmware.dir/home/vm/Documents/pico/pico-sdk/src/rp2_common/pico_stdio_uart/stdio_uart.c.obj
 .binary_info.__bi_ptr29
                0x00000000100093d8        0x4 CMakeFiles/firmware.dir/home/vm/Documents/pico/pico-sdk/src/rp2_common/pico_stdio_uart/stdio_uart.c.obj
 .binary_info.__bi_ptr118
                0x00000000100093dc        0x4 CMakeFiles/firmware.dir/home/vm/Documents/pico/pico-sdk/src/rp2_common/pico_stdio_usb/stdio_usb.c.obj
                0x00000000100093e0                __binary_info_end = .
                0x00000000100093e0                . = ALIGN (0x4)
                0x00000000100093e0                __etext = .

.ram_vector_table
                0x0000000020000000       0xc0
 *(.ram_vector_table)
 .ram_vector_table
                0x0000000020000000       0xc0 CMakeFiles/firmware.dir/home/vm/Documents/pico/pico-sdk/src/rp2_common/pico_runtime/runtime.c.obj
                0x0000000020000000                ram_vector_table

.data           0x00000000200000c0      0xd28 load address 0x00000000100093e0
                0x00000000200000c0                __data_start__ = .
 *(vtable)
 *(.time_critical*)
 .time_critical.mutex_enter_blocking
                0x00000000200000c0       0x48 CMakeFiles/firmware.dir/home/vm/Documents/pico/pico-sdk/src/common/pico_sync/mutex.c.obj
                0x00000000200000c0                mutex_enter_blocking
 .time_critical.mutex_try_enter
                0x0000000020000108       0x48 CMakeFiles/firmware.dir/home/vm/Documents/pico/pico-sdk/src/common/pico_sync/mutex.c.obj
                0x0000000020000108                mutex_try_enter
 .time_critical.mutex_enter_timeout_ms
                0x0000000020000150       0x98 CMakeFiles/firmware.dir/home/vm/Documents/pico/pico-sdk/src/common/pico_sync/mutex.c.obj
                0x0000000020000150                mutex_enter_timeout_ms
 .time_critical.mutex_exit
                0x00000000200001e8       0x28 CMakeFiles/firmware.dir/home/vm/Documents/pico/pico-sdk/src/common/pico_sync/mutex.c.obj
                0x00000000200001e8                mutex_exit
 .time_critical.flash_init_boot2_copyout
                0x0000000020000210       0x30 CMakeFiles/firmware.dir/home/vm/Documents/pico/pico-sdk/src/rp2_common/hardware_flash/flash.c.obj
 .time_critical.flash_enable_xip_via_boot2
                0x0000000020000240       0x10 CMakeFiles/firmware.dir/home/vm/Documents/pico/pico-sdk/src/rp2_common/hardware_flash/flash.c.obj
 .time_critical.flash_cs_force
                0x0000000020000250       0x38 CMakeFiles/firmware.dir/home/vm/Documents/pico/pico-sdk/src/rp2_common/hardware_flash/flash.c.obj
 .time_critical.flash_do_cmd
                0x0000000020000288       0xc4 CMakeFiles/firmware.dir/home/vm/Documents/pico/pico-sdk/src/rp2_common/hardware_flash/flash.c.obj
                0x0000000020000288                flash_do_cmd
 *(.text*)
 .text          0x000000002000034c        0x4 /usr/lib/gcc/arm-none-eabi/9.2.1/thumb/v6-m/nofp/libgcc.a(_dvmd_tls.o)
                0x000000002000034c                __aeabi_ldiv0
                0x000000002000034c                __aeabi_idiv0
 .text          0x0000000020000350       0xbc /usr/lib/gcc/arm-none-eabi/9.2.1/../../../arm-none-eabi/lib/thumb/v6-m/nofp/libc.a(lib_a-memmove.o)
                0x0000000020000350                memmove
 *fill*         0x000000002000040c        0x4 
 .text.__stub   0x0000000020000410       0x30 linker stubs
                0x0000000020000440                . = ALIGN (0x4)
 *(.rodata*)
                0x0000000020000440                . = ALIGN (0x4)
 *(.data*)
 .data.modbusSlaveDefaultFunctions
                0x0000000020000440       0x50 CMakeFiles/firmware.dir/firmware.c.obj
                0x0000000020000440                modbusSlaveDefaultFunctions
 .data.striped_spin_lock_num
                0x0000000020000490        0x1 CMakeFiles/firmware.dir/home/vm/Documents/pico/pico-sdk/src/rp2_common/hardware_sync/sync.c.obj
 *fill*         0x0000000020000491        0x3 
 .data          0x0000000020000494       0x48 CMakeFiles/firmware.dir/home/vm/Documents/pico/pico-sdk/src/rp2_common/hardware_irq/irq_handler_chain.S.obj
                0x0000000020000494                irq_handler_chain_slots
                0x00000000200004c4                irq_handler_chain_first_slot
                0x00000000200004ce                irq_handler_chain_remove_tail
 .data.default_alarm_pool
                0x00000000200004dc       0x18 CMakeFiles/firmware.dir/home/vm/Documents/pico/pico-sdk/src/common/pico_time/time.c.obj
 .data.default_alarm_pool_heap
                0x00000000200004f4       0x10 CMakeFiles/firmware.dir/home/vm/Documents/pico/pico-sdk/src/common/pico_time/time.c.obj
 *fill*         0x0000000020000504        0xc 
 .data.aeabi_bits_funcs
                0x0000000020000510       0x10 CMakeFiles/firmware.dir/home/vm/Documents/pico/pico-sdk/src/rp2_common/pico_bit_ops/bit_ops_aeabi.S.obj
                0x0000000020000510                aeabi_bits_funcs
                0x0000000020000520                aeabi_bits_funcs_end
 .data.aeabi_mem_funcs
                0x0000000020000520       0x10 CMakeFiles/firmware.dir/home/vm/Documents/pico/pico-sdk/src/rp2_common/pico_mem_ops/mem_ops_aeabi.S.obj
                0x0000000020000520                aeabi_mem_funcs
                0x0000000020000530                aeabi_mem_funcs_end
 .data.stdio_uart
                0x0000000020000530       0x14 CMakeFiles/firmware.dir/home/vm/Documents/pico/pico-sdk/src/rp2_common/pico_stdio_uart/stdio_uart.c.obj
                0x0000000020000530                stdio_uart
 .data.stdio_usb
                0x0000000020000544       0x14 CMakeFiles/firmware.dir/home/vm/Documents/pico/pico-sdk/src/rp2_common/pico_stdio_usb/stdio_usb.c.obj
                0x0000000020000544                stdio_usb
 .data.ep_dir_string
                0x0000000020000558        0x8 CMakeFiles/firmware.dir/home/vm/Documents/pico/pico-sdk/lib/tinyusb/src/portable/raspberrypi/rp2040/rp2040_usb.c.obj
                0x0000000020000558                ep_dir_string
 .data._usbd_qdef
                0x0000000020000560       0x24 CMakeFiles/firmware.dir/home/vm/Documents/pico/pico-sdk/lib/tinyusb/src/device/usbd.c.obj
                0x0000000020000560                _usbd_qdef
 *fill*         0x0000000020000584        0x4 
 .data          0x0000000020000588      0x430 /usr/lib/gcc/arm-none-eabi/9.2.1/../../../arm-none-eabi/lib/thumb/v6-m/nofp/libc.a(lib_a-impure.o)
                0x0000000020000588                _impure_ptr
 .data          0x00000000200009b8      0x410 /usr/lib/gcc/arm-none-eabi/9.2.1/../../../arm-none-eabi/lib/thumb/v6-m/nofp/libc.a(lib_a-mallocr.o)
                0x00000000200009b8                __malloc_sbrk_base
                0x00000000200009bc                __malloc_trim_threshold
                0x00000000200009c0                __malloc_av_
                0x0000000020000dc8                . = ALIGN (0x4)
 *(.after_data.*)
                0x0000000020000dc8                . = ALIGN (0x4)
                0x0000000020000dc8                PROVIDE (__mutex_array_start = .)
 *(SORT_BY_NAME(.mutex_array.*))
 *(.mutex_array)
 .mutex_array   0x0000000020000dc8        0x8 CMakeFiles/firmware.dir/home/vm/Documents/pico/pico-sdk/src/rp2_common/pico_stdio/stdio.c.obj
                0x0000000020000dd0                PROVIDE (__mutex_array_end = .)
                0x0000000020000dd0                . = ALIGN (0x4)
                0x0000000020000dd0                PROVIDE (__preinit_array_start = .)
 *(SORT_BY_NAME(.preinit_array.*))
 .preinit_array.00001
                0x0000000020000dd0        0x4 CMakeFiles/firmware.dir/home/vm/Documents/pico/pico-sdk/src/rp2_common/pico_mem_ops/mem_ops_aeabi.S.obj
 .preinit_array.00010
                0x0000000020000dd4        0x4 CMakeFiles/firmware.dir/home/vm/Documents/pico/pico-sdk/src/rp2_common/pico_bit_ops/bit_ops_aeabi.S.obj
 .preinit_array.00020
                0x0000000020000dd8        0x4 CMakeFiles/firmware.dir/home/vm/Documents/pico/pico-sdk/src/rp2_common/pico_double/double_aeabi.S.obj
 .preinit_array.00020
                0x0000000020000ddc        0x4 CMakeFiles/firmware.dir/home/vm/Documents/pico/pico-sdk/src/rp2_common/pico_float/float_aeabi.S.obj
 *(.preinit_array)
                0x0000000020000de0                PROVIDE (__preinit_array_end = .)
                0x0000000020000de0                . = ALIGN (0x4)
                0x0000000020000de0                PROVIDE (__init_array_start = .)
 *(SORT_BY_NAME(.init_array.*))
 *(.init_array)
 .init_array    0x0000000020000de0        0x4 /usr/lib/gcc/arm-none-eabi/9.2.1/thumb/v6-m/nofp/crtbegin.o
 .init_array    0x0000000020000de4        0x4 CMakeFiles/firmware.dir/home/vm/Documents/pico/pico-sdk/src/rp2_common/pico_unique_id/unique_id.c.obj
                0x0000000020000de8                PROVIDE (__init_array_end = .)
                0x0000000020000de8                . = ALIGN (0x4)
                0x0000000020000de8                PROVIDE (__fini_array_start = .)
 *(SORT_BY_NAME(.fini_array.*))
 *(.fini_array)
                0x0000000020000de8                PROVIDE (__fini_array_end = .)
 *(.jcr)
                0x0000000020000de8                . = ALIGN (0x4)
                0x0000000020000de8                __data_end__ = .

.tm_clone_table
                0x0000000020000de8        0x0 load address 0x000000001000a108
 .tm_clone_table
                0x0000000020000de8        0x0 /usr/lib/gcc/arm-none-eabi/9.2.1/thumb/v6-m/nofp/crtbegin.o
 .tm_clone_table
                0x0000000020000de8        0x0 /usr/lib/gcc/arm-none-eabi/9.2.1/thumb/v6-m/nofp/crtend.o

.igot.plt       0x0000000020000de8        0x0 load address 0x000000001000a108
 .igot.plt      0x0000000020000de8        0x0 /usr/lib/gcc/arm-none-eabi/9.2.1/thumb/v6-m/nofp/crtbegin.o

.uninitialized_data
                0x0000000020000de8        0x0 load address 0x000000001000a108
                0x0000000020000de8                . = ALIGN (0x4)
 *(.uninitialized_data*)

.scratch_x      0x0000000020040000        0x0 load address 0x000000001000a108
                0x0000000020040000                __scratch_x_start__ = .
 *(.scratch_x.*)
                0x0000000020040000                . = ALIGN (0x4)
                0x0000000020040000                __scratch_x_end__ = .
                0x000000001000a108                __scratch_x_source__ = LOADADDR (.scratch_x)

.scratch_y      0x0000000020041000        0x0 load address 0x000000001000a108
                0x0000000020041000                __scratch_y_start__ = .
 *(.scratch_y.*)
                0x0000000020041000                . = ALIGN (0x4)
                0x0000000020041000                __scratch_y_end__ = .
                0x000000001000a108                __scratch_y_source__ = LOADADDR (.scratch_y)

.bss            0x0000000020000de8      0xdf4
                0x0000000020000de8                . = ALIGN (0x4)
                0x0000000020000de8                __bss_start__ = .
 *(SORT_BY_ALIGNMENT(SORT_BY_NAME(.bss*)))
 .bss.default_alarm_pool_entries
                0x0000000020000de8      0x100 CMakeFiles/firmware.dir/home/vm/Documents/pico/pico-sdk/src/common/pico_time/time.c.obj
 .bss.last_avail_time.7186
                0x0000000020000ee8        0x8 CMakeFiles/firmware.dir/home/vm/Documents/pico/pico-sdk/src/rp2_common/pico_stdio_usb/stdio_usb.c.obj
 .bss           0x0000000020000ef0       0x1c /usr/lib/gcc/arm-none-eabi/9.2.1/thumb/v6-m/nofp/crtbegin.o
 .bss           0x0000000020000f0c       0x34 /usr/lib/gcc/arm-none-eabi/9.2.1/../../../arm-none-eabi/lib/thumb/v6-m/nofp/libc.a(lib_a-mallocr.o)
                0x0000000020000f0c                __malloc_top_pad
                0x0000000020000f10                __malloc_current_mallinfo
                0x0000000020000f38                __malloc_max_sbrked_mem
                0x0000000020000f3c                __malloc_max_total_mem
 .bss._app_driver
                0x0000000020000f40        0x4 CMakeFiles/firmware.dir/home/vm/Documents/pico/pico-sdk/lib/tinyusb/src/device/usbd.c.obj
 .bss._cdcd_itf
                0x0000000020000f44      0x2d8 CMakeFiles/firmware.dir/home/vm/Documents/pico/pico-sdk/lib/tinyusb/src/class/cdc/cdc_device.c.obj
 .bss._ctrl_xfer
                0x000000002000121c       0x14 CMakeFiles/firmware.dir/home/vm/Documents/pico/pico-sdk/lib/tinyusb/src/device/usbd_control.c.obj
 .bss._ubsd_mutexdef
                0x0000000020001230        0x8 CMakeFiles/firmware.dir/home/vm/Documents/pico/pico-sdk/lib/tinyusb/src/device/usbd.c.obj
 .bss._usbd_ctrl_buf
                0x0000000020001238       0x40 CMakeFiles/firmware.dir/home/vm/Documents/pico/pico-sdk/lib/tinyusb/src/device/usbd_control.c.obj
 .bss._usbd_dev
                0x0000000020001278       0x53 CMakeFiles/firmware.dir/home/vm/Documents/pico/pico-sdk/lib/tinyusb/src/device/usbd.c.obj
 *fill*         0x00000000200012cb        0x1 
 .bss._usbd_mutex
                0x00000000200012cc        0x4 CMakeFiles/firmware.dir/home/vm/Documents/pico/pico-sdk/lib/tinyusb/src/device/usbd.c.obj
 .bss._usbd_q   0x00000000200012d0        0x4 CMakeFiles/firmware.dir/home/vm/Documents/pico/pico-sdk/lib/tinyusb/src/device/usbd.c.obj
 .bss.alarm_callbacks
                0x00000000200012d4       0x10 CMakeFiles/firmware.dir/home/vm/Documents/pico/pico-sdk/src/rp2_common/hardware_timer/timer.c.obj
 .bss.boot2_copyout
                0x00000000200012e4      0x100 CMakeFiles/firmware.dir/home/vm/Documents/pico/pico-sdk/src/rp2_common/hardware_flash/flash.c.obj
 .bss.claimed   0x00000000200013e4        0x4 CMakeFiles/firmware.dir/home/vm/Documents/pico/pico-sdk/src/rp2_common/hardware_sync/sync.c.obj
 .bss.coils     0x00000000200013e8        0x2 CMakeFiles/firmware.dir/firmware.c.obj
 *fill*         0x00000000200013ea        0x2 
 .bss.configured_freq
                0x00000000200013ec       0x28 CMakeFiles/firmware.dir/home/vm/Documents/pico/pico-sdk/src/rp2_common/hardware_clocks/clocks.c.obj
 .bss.default_alarm_pool_entry_ids_high
                0x0000000020001414       0x10 CMakeFiles/firmware.dir/home/vm/Documents/pico/pico-sdk/src/common/pico_time/time.c.obj
 .bss.default_alarm_pool_heap_nodes
                0x0000000020001424       0x30 CMakeFiles/firmware.dir/home/vm/Documents/pico/pico-sdk/src/common/pico_time/time.c.obj
 .bss.desc_str.7071
                0x0000000020001454       0x28 CMakeFiles/firmware.dir/home/vm/Documents/pico/pico-sdk/src/rp2_common/pico_stdio_usb/stdio_usb_descriptors.c.obj
 .bss.discreteInputs
                0x000000002000147c        0x2 CMakeFiles/firmware.dir/firmware.c.obj
 *fill*         0x000000002000147e        0x2 
 .bss.drivers   0x0000000020001480        0x4 CMakeFiles/firmware.dir/home/vm/Documents/pico/pico-sdk/src/rp2_common/pico_stdio/stdio.c.obj
 .bss.filter    0x0000000020001484        0x4 CMakeFiles/firmware.dir/home/vm/Documents/pico/pico-sdk/src/rp2_common/pico_stdio/stdio.c.obj
 .bss.heap_end.5865
                0x0000000020001488        0x4 CMakeFiles/firmware.dir/home/vm/Documents/pico/pico-sdk/src/rp2_common/pico_runtime/runtime.c.obj
 .bss.hw_endpoints
                0x000000002000148c      0x400 CMakeFiles/firmware.dir/home/vm/Documents/pico/pico-sdk/lib/tinyusb/src/portable/raspberrypi/rp2040/dcd_rp2040.c.obj
 .bss.lazy_vsnprintf
                0x000000002000188c        0x4 CMakeFiles/firmware.dir/home/vm/Documents/pico/pico-sdk/src/rp2_common/pico_printf/printf.c.obj
 .bss.load_value
                0x0000000020001890        0x4 CMakeFiles/firmware.dir/home/vm/Documents/pico/pico-sdk/src/rp2_common/hardware_watchdog/watchdog.c.obj
 .bss.next_buffer_ptr
                0x0000000020001894        0x4 CMakeFiles/firmware.dir/home/vm/Documents/pico/pico-sdk/lib/tinyusb/src/portable/raspberrypi/rp2040/dcd_rp2040.c.obj
 .bss.pools     0x0000000020001898       0x10 CMakeFiles/firmware.dir/home/vm/Documents/pico/pico-sdk/src/common/pico_time/time.c.obj
 .bss.registers
                0x00000000200018a8       0x20 CMakeFiles/firmware.dir/firmware.c.obj
 .bss.retrieved_id
                0x00000000200018c8        0x8 CMakeFiles/firmware.dir/home/vm/Documents/pico/pico-sdk/src/rp2_common/pico_unique_id/unique_id.c.obj
 .bss.sf_clz_func
                0x00000000200018d0        0x4 CMakeFiles/firmware.dir/home/vm/Documents/pico/pico-sdk/src/rp2_common/pico_double/double_init_rom.c.obj
                0x00000000200018d0                sf_clz_func
 .bss.sleep_notifier
                0x00000000200018d4        0x4 CMakeFiles/firmware.dir/home/vm/Documents/pico/pico-sdk/src/common/pico_time/time.c.obj
 .bss.stdio_usb_mutex
                0x00000000200018d8        0x8 CMakeFiles/firmware.dir/home/vm/Documents/pico/pico-sdk/src/rp2_common/pico_stdio_usb/stdio_usb.c.obj
 .bss.target_hi
                0x00000000200018e0       0x10 CMakeFiles/firmware.dir/home/vm/Documents/pico/pico-sdk/src/rp2_common/hardware_timer/timer.c.obj
 .bss.uart_instance
                0x00000000200018f0        0x4 CMakeFiles/firmware.dir/home/vm/Documents/pico/pico-sdk/src/rp2_common/pico_stdio_uart/stdio_uart.c.obj
 .bss.usbd_serial_str
                0x00000000200018f4       0x11 CMakeFiles/firmware.dir/home/vm/Documents/pico/pico-sdk/src/rp2_common/pico_stdio_usb/stdio_usb_descriptors.c.obj
 *fill*         0x0000000020001905        0x3 
 .bss.user_irq_claimed
                0x0000000020001908        0x2 CMakeFiles/firmware.dir/home/vm/Documents/pico/pico-sdk/src/rp2_common/hardware_irq/irq.c.obj
 .bss._app_driver_count
                0x000000002000190a        0x1 CMakeFiles/firmware.dir/home/vm/Documents/pico/pico-sdk/lib/tinyusb/src/device/usbd.c.obj
 .bss._usbd_initialized
                0x000000002000190b        0x1 CMakeFiles/firmware.dir/home/vm/Documents/pico/pico-sdk/lib/tinyusb/src/device/usbd.c.obj
 .bss.boot2_copyout_valid
                0x000000002000190c        0x1 CMakeFiles/firmware.dir/home/vm/Documents/pico/pico-sdk/src/rp2_common/hardware_flash/flash.c.obj
 .bss.claimed   0x000000002000190d        0x1 CMakeFiles/firmware.dir/home/vm/Documents/pico/pico-sdk/src/rp2_common/hardware_timer/timer.c.obj
 .bss.irq_hander_chain_free_slot_head
                0x000000002000190e        0x1 CMakeFiles/firmware.dir/home/vm/Documents/pico/pico-sdk/src/rp2_common/hardware_irq/irq.c.obj
 .bss.itf_num   0x000000002000190f        0x1 CMakeFiles/firmware.dir/home/vm/Documents/pico/pico-sdk/src/rp2_common/pico_stdio_usb/reset_interface.c.obj
 .bss.low_priority_irq_num
                0x0000000020001910        0x1 CMakeFiles/firmware.dir/home/vm/Documents/pico/pico-sdk/src/rp2_common/pico_stdio_usb/stdio_usb.c.obj
 .bss.timer_callbacks_pending
                0x0000000020001911        0x1 CMakeFiles/firmware.dir/home/vm/Documents/pico/pico-sdk/src/rp2_common/hardware_timer/timer.c.obj
 *(COMMON)
 *fill*         0x0000000020001912        0x2 
 COMMON         0x0000000020001914        0x4 CMakeFiles/firmware.dir/home/vm/Documents/pico/pico-sdk/src/rp2_common/hardware_uart/uart.c.obj
                0x0000000020001914                uart_char_to_line_feed
 COMMON         0x0000000020001918      0x100 CMakeFiles/firmware.dir/home/vm/Documents/pico/pico-sdk/src/rp2_common/pico_double/double_init_rom.c.obj
                0x0000000020001918                sd_table
 COMMON         0x0000000020001a18      0x100 CMakeFiles/firmware.dir/home/vm/Documents/pico/pico-sdk/src/rp2_common/pico_float/float_init_rom.c.obj
                0x0000000020001a18                sf_table
 COMMON         0x0000000020001b18       0xc0 CMakeFiles/firmware.dir/home/vm/Documents/pico/pico-sdk/lib/tinyusb/src/device/usbd.c.obj
                0x0000000020001b18                _usbd_qdef_buf
 COMMON         0x0000000020001bd8        0x4 /usr/lib/gcc/arm-none-eabi/9.2.1/../../../arm-none-eabi/lib/thumb/v6-m/nofp/libc.a(lib_a-reent.o)
                0x0000000020001bd8                errno
                0x0000000020001bdc                . = ALIGN (0x4)
                0x0000000020001bdc                __bss_end__ = .

.heap           0x0000000020001bdc      0x800
                0x0000000020001bdc                __end__ = .
                0x0000000020001bdc                end = __end__
 *(.heap*)
 .heap          0x0000000020001bdc      0x800 CMakeFiles/firmware.dir/home/vm/Documents/pico/pico-sdk/src/rp2_common/pico_standard_link/crt0.S.obj
                0x00000000200023dc                __HeapLimit = .

.stack1_dummy   0x0000000020040000        0x0
 *(.stack1*)

.stack_dummy    0x0000000020041000      0x800
 *(.stack*)
 .stack         0x0000000020041000      0x800 CMakeFiles/firmware.dir/home/vm/Documents/pico/pico-sdk/src/rp2_common/pico_standard_link/crt0.S.obj

.flash_end      0x000000001000a108        0x0
                0x000000001000a108                __flash_binary_end = .
                0x0000000020040000                __StackLimit = (ORIGIN (RAM) + LENGTH (RAM))
                0x0000000020041000                __StackOneTop = (ORIGIN (SCRATCH_X) + LENGTH (SCRATCH_X))
                0x0000000020042000                __StackTop = (ORIGIN (SCRATCH_Y) + LENGTH (SCRATCH_Y))
                0x0000000020041000                __StackOneBottom = (__StackOneTop - SIZEOF (.stack1_dummy))
                0x0000000020041800                __StackBottom = (__StackTop - SIZEOF (.stack_dummy))
                0x0000000020042000                PROVIDE (__stack = __StackTop)
                0x0000000000000001                ASSERT ((__StackLimit >= __HeapLimit), region RAM overflowed)
                0x0000000000000001                ASSERT (((__binary_info_header_end - __logical_binary_start) <= 0x100), Binary info must be in first 256 bytes of the binary)
LOAD CMakeFiles/firmware.dir/firmware.c.obj
LOAD CMakeFiles/firmware.dir/home/vm/Documents/pico/pico-sdk/src/rp2_common/pico_stdlib/stdlib.c.obj
LOAD CMakeFiles/firmware.dir/home/vm/Documents/pico/pico-sdk/src/rp2_common/hardware_gpio/gpio.c.obj
LOAD CMakeFiles/firmware.dir/home/vm/Documents/pico/pico-sdk/src/rp2_common/hardware_claim/claim.c.obj
LOAD CMakeFiles/firmware.dir/home/vm/Documents/pico/pico-sdk/src/rp2_common/pico_platform/platform.c.obj
LOAD CMakeFiles/firmware.dir/home/vm/Documents/pico/pico-sdk/src/rp2_common/hardware_sync/sync.c.obj
LOAD CMakeFiles/firmware.dir/home/vm/Documents/pico/pico-sdk/src/rp2_common/hardware_irq/irq.c.obj
LOAD CMakeFiles/firmware.dir/home/vm/Documents/pico/pico-sdk/src/rp2_common/hardware_irq/irq_handler_chain.S.obj
LOAD CMakeFiles/firmware.dir/home/vm/Documents/pico/pico-sdk/src/common/pico_sync/sem.c.obj
LOAD CMakeFiles/firmware.dir/home/vm/Documents/pico/pico-sdk/src/common/pico_sync/lock_core.c.obj
LOAD CMakeFiles/firmware.dir/home/vm/Documents/pico/pico-sdk/src/common/pico_time/time.c.obj
LOAD CMakeFiles/firmware.dir/home/vm/Documents/pico/pico-sdk/src/common/pico_time/timeout_helper.c.obj
LOAD CMakeFiles/firmware.dir/home/vm/Documents/pico/pico-sdk/src/rp2_common/hardware_timer/timer.c.obj
LOAD CMakeFiles/firmware.dir/home/vm/Documents/pico/pico-sdk/src/common/pico_util/datetime.c.obj
LOAD CMakeFiles/firmware.dir/home/vm/Documents/pico/pico-sdk/src/common/pico_util/pheap.c.obj
LOAD CMakeFiles/firmware.dir/home/vm/Documents/pico/pico-sdk/src/common/pico_util/queue.c.obj
LOAD CMakeFiles/firmware.dir/home/vm/Documents/pico/pico-sdk/src/common/pico_sync/mutex.c.obj
LOAD CMakeFiles/firmware.dir/home/vm/Documents/pico/pico-sdk/src/common/pico_sync/critical_section.c.obj
LOAD CMakeFiles/firmware.dir/home/vm/Documents/pico/pico-sdk/src/rp2_common/hardware_uart/uart.c.obj
LOAD CMakeFiles/firmware.dir/home/vm/Documents/pico/pico-sdk/src/rp2_common/hardware_divider/divider.S.obj
LOAD CMakeFiles/firmware.dir/home/vm/Documents/pico/pico-sdk/src/rp2_common/pico_runtime/runtime.c.obj
LOAD CMakeFiles/firmware.dir/home/vm/Documents/pico/pico-sdk/src/rp2_common/hardware_clocks/clocks.c.obj
LOAD CMakeFiles/firmware.dir/home/vm/Documents/pico/pico-sdk/src/rp2_common/hardware_pll/pll.c.obj
LOAD CMakeFiles/firmware.dir/home/vm/Documents/pico/pico-sdk/src/rp2_common/hardware_vreg/vreg.c.obj
LOAD CMakeFiles/firmware.dir/home/vm/Documents/pico/pico-sdk/src/rp2_common/hardware_watchdog/watchdog.c.obj
LOAD CMakeFiles/firmware.dir/home/vm/Documents/pico/pico-sdk/src/rp2_common/hardware_xosc/xosc.c.obj
LOAD CMakeFiles/firmware.dir/home/vm/Documents/pico/pico-sdk/src/rp2_common/pico_printf/printf.c.obj
LOAD CMakeFiles/firmware.dir/home/vm/Documents/pico/pico-sdk/src/rp2_common/pico_bit_ops/bit_ops_aeabi.S.obj
LOAD CMakeFiles/firmware.dir/home/vm/Documents/pico/pico-sdk/src/rp2_common/pico_bootrom/bootrom.c.obj
LOAD CMakeFiles/firmware.dir/home/vm/Documents/pico/pico-sdk/src/rp2_common/pico_divider/divider.S.obj
LOAD CMakeFiles/firmware.dir/home/vm/Documents/pico/pico-sdk/src/rp2_common/pico_double/double_aeabi.S.obj
LOAD CMakeFiles/firmware.dir/home/vm/Documents/pico/pico-sdk/src/rp2_common/pico_double/double_init_rom.c.obj
LOAD CMakeFiles/firmware.dir/home/vm/Documents/pico/pico-sdk/src/rp2_common/pico_double/double_math.c.obj
LOAD CMakeFiles/firmware.dir/home/vm/Documents/pico/pico-sdk/src/rp2_common/pico_double/double_v1_rom_shim.S.obj
LOAD CMakeFiles/firmware.dir/home/vm/Documents/pico/pico-sdk/src/rp2_common/pico_int64_ops/pico_int64_ops_aeabi.S.obj
LOAD CMakeFiles/firmware.dir/home/vm/Documents/pico/pico-sdk/src/rp2_common/pico_float/float_aeabi.S.obj
LOAD CMakeFiles/firmware.dir/home/vm/Documents/pico/pico-sdk/src/rp2_common/pico_float/float_init_rom.c.obj
LOAD CMakeFiles/firmware.dir/home/vm/Documents/pico/pico-sdk/src/rp2_common/pico_float/float_math.c.obj
LOAD CMakeFiles/firmware.dir/home/vm/Documents/pico/pico-sdk/src/rp2_common/pico_float/float_v1_rom_shim.S.obj
LOAD CMakeFiles/firmware.dir/home/vm/Documents/pico/pico-sdk/src/rp2_common/pico_malloc/pico_malloc.c.obj
LOAD CMakeFiles/firmware.dir/home/vm/Documents/pico/pico-sdk/src/rp2_common/pico_mem_ops/mem_ops_aeabi.S.obj
LOAD CMakeFiles/firmware.dir/home/vm/Documents/pico/pico-sdk/src/rp2_common/pico_standard_link/crt0.S.obj
LOAD CMakeFiles/firmware.dir/home/vm/Documents/pico/pico-sdk/src/rp2_common/pico_standard_link/new_delete.cpp.obj
LOAD CMakeFiles/firmware.dir/home/vm/Documents/pico/pico-sdk/src/rp2_common/pico_standard_link/binary_info.c.obj
LOAD CMakeFiles/firmware.dir/home/vm/Documents/pico/pico-sdk/src/rp2_common/pico_stdio/stdio.c.obj
LOAD CMakeFiles/firmware.dir/home/vm/Documents/pico/pico-sdk/src/rp2_common/pico_stdio_uart/stdio_uart.c.obj
LOAD CMakeFiles/firmware.dir/home/vm/Documents/pico/pico-sdk/src/rp2_common/pico_stdio_usb/reset_interface.c.obj
LOAD CMakeFiles/firmware.dir/home/vm/Documents/pico/pico-sdk/src/rp2_common/pico_stdio_usb/stdio_usb.c.obj
LOAD CMakeFiles/firmware.dir/home/vm/Documents/pico/pico-sdk/src/rp2_common/pico_stdio_usb/stdio_usb_descriptors.c.obj
LOAD CMakeFiles/firmware.dir/home/vm/Documents/pico/pico-sdk/lib/tinyusb/src/portable/raspberrypi/rp2040/dcd_rp2040.c.obj
LOAD CMakeFiles/firmware.dir/home/vm/Documents/pico/pico-sdk/lib/tinyusb/src/portable/raspberrypi/rp2040/rp2040_usb.c.obj
LOAD CMakeFiles/firmware.dir/home/vm/Documents/pico/pico-sdk/lib/tinyusb/src/device/usbd.c.obj
LOAD CMakeFiles/firmware.dir/home/vm/Documents/pico/pico-sdk/lib/tinyusb/src/device/usbd_control.c.obj
LOAD CMakeFiles/firmware.dir/home/vm/Documents/pico/pico-sdk/lib/tinyusb/src/class/audio/audio_device.c.obj
LOAD CMakeFiles/firmware.dir/home/vm/Documents/pico/pico-sdk/lib/tinyusb/src/class/cdc/cdc_device.c.obj
LOAD CMakeFiles/firmware.dir/home/vm/Documents/pico/pico-sdk/lib/tinyusb/src/class/dfu/dfu_device.c.obj
LOAD CMakeFiles/firmware.dir/home/vm/Documents/pico/pico-sdk/lib/tinyusb/src/class/dfu/dfu_rt_device.c.obj
LOAD CMakeFiles/firmware.dir/home/vm/Documents/pico/pico-sdk/lib/tinyusb/src/class/hid/hid_device.c.obj
LOAD CMakeFiles/firmware.dir/home/vm/Documents/pico/pico-sdk/lib/tinyusb/src/class/midi/midi_device.c.obj
LOAD CMakeFiles/firmware.dir/home/vm/Documents/pico/pico-sdk/lib/tinyusb/src/class/msc/msc_device.c.obj
LOAD CMakeFiles/firmware.dir/home/vm/Documents/pico/pico-sdk/lib/tinyusb/src/class/net/ecm_rndis_device.c.obj
LOAD CMakeFiles/firmware.dir/home/vm/Documents/pico/pico-sdk/lib/tinyusb/src/class/net/ncm_device.c.obj
LOAD CMakeFiles/firmware.dir/home/vm/Documents/pico/pico-sdk/lib/tinyusb/src/class/usbtmc/usbtmc_device.c.obj
LOAD CMakeFiles/firmware.dir/home/vm/Documents/pico/pico-sdk/lib/tinyusb/src/class/vendor/vendor_device.c.obj
LOAD CMakeFiles/firmware.dir/home/vm/Documents/pico/pico-sdk/lib/tinyusb/src/class/video/video_device.c.obj
LOAD CMakeFiles/firmware.dir/home/vm/Documents/pico/pico-sdk/lib/tinyusb/src/tusb.c.obj
LOAD CMakeFiles/firmware.dir/home/vm/Documents/pico/pico-sdk/lib/tinyusb/src/common/tusb_fifo.c.obj
LOAD CMakeFiles/firmware.dir/home/vm/Documents/pico/pico-sdk/src/rp2_common/pico_fix/rp2040_usb_device_enumeration/rp2040_usb_device_enumeration.c.obj
LOAD CMakeFiles/firmware.dir/home/vm/Documents/pico/pico-sdk/src/rp2_common/pico_unique_id/unique_id.c.obj
LOAD CMakeFiles/firmware.dir/home/vm/Documents/pico/pico-sdk/src/rp2_common/hardware_flash/flash.c.obj
LOAD /tmp/ccxr8Spo.o
LOAD /usr/lib/gcc/arm-none-eabi/9.2.1/../../../arm-none-eabi/lib/thumb/v6-m/nofp/libstdc++.a
LOAD /usr/lib/gcc/arm-none-eabi/9.2.1/../../../arm-none-eabi/lib/thumb/v6-m/nofp/libm.a
START GROUP
LOAD /usr/lib/gcc/arm-none-eabi/9.2.1/thumb/v6-m/nofp/libgcc.a
LOAD /usr/lib/gcc/arm-none-eabi/9.2.1/../../../arm-none-eabi/lib/thumb/v6-m/nofp/libc.a
END GROUP
START GROUP
LOAD /usr/lib/gcc/arm-none-eabi/9.2.1/thumb/v6-m/nofp/libgcc.a
LOAD /usr/lib/gcc/arm-none-eabi/9.2.1/../../../arm-none-eabi/lib/thumb/v6-m/nofp/libc.a
LOAD /usr/lib/gcc/arm-none-eabi/9.2.1/../../../arm-none-eabi/lib/thumb/v6-m/nofp/libnosys.a
END GROUP
LOAD /usr/lib/gcc/arm-none-eabi/9.2.1/thumb/v6-m/nofp/crtend.o